[0.009s] Invoking command in '/home/knolan/ros-practice/build/interface_practice': CMAKE_PREFIX_PATH=${CMAKE_PREFIX_PATH}:/opt/ros/humble /usr/bin/cmake --build /home/knolan/ros-practice/build/interface_practice -- -j12 -l12
[0.034s] Invoked command in '/home/knolan/ros-practice/build/interface_practice' returned '0': CMAKE_PREFIX_PATH=${CMAKE_PREFIX_PATH}:/opt/ros/humble /usr/bin/cmake --build /home/knolan/ros-practice/build/interface_practice -- -j12 -l12
[0.041s] Invoking command in '/home/knolan/ros-practice/build/interface_practice': CMAKE_PREFIX_PATH=${CMAKE_PREFIX_PATH}:/opt/ros/humble /usr/bin/cmake --install /home/knolan/ros-practice/build/interface_practice
[0.046s] -- Install configuration: ""
[0.046s] -- Up-to-date: /home/knolan/ros-practice/install/interface_practice/share/ament_index/resource_index/package_run_dependencies/interface_practice
[0.046s] -- Up-to-date: /home/knolan/ros-practice/install/interface_practice/share/ament_index/resource_index/parent_prefix_path/interface_practice
[0.046s] -- Up-to-date: /home/knolan/ros-practice/install/interface_practice/share/interface_practice/environment/ament_prefix_path.sh
[0.046s] -- Up-to-date: /home/knolan/ros-practice/install/interface_practice/share/interface_practice/environment/ament_prefix_path.dsv
[0.046s] -- Up-to-date: /home/knolan/ros-practice/install/interface_practice/share/interface_practice/environment/path.sh
[0.046s] -- Up-to-date: /home/knolan/ros-practice/install/interface_practice/share/interface_practice/environment/path.dsv
[0.046s] -- Up-to-date: /home/knolan/ros-practice/install/interface_practice/share/interface_practice/local_setup.bash
[0.046s] -- Up-to-date: /home/knolan/ros-practice/install/interface_practice/share/interface_practice/local_setup.sh
[0.046s] -- Up-to-date: /home/knolan/ros-practice/install/interface_practice/share/interface_practice/local_setup.zsh
[0.046s] -- Up-to-date: /home/knolan/ros-practice/install/interface_practice/share/interface_practice/local_setup.dsv
[0.047s] -- Up-to-date: /home/knolan/ros-practice/install/interface_practice/share/interface_practice/package.dsv
[0.047s] -- Up-to-date: /home/knolan/ros-practice/install/interface_practice/share/ament_index/resource_index/packages/interface_practice
[0.047s] -- Up-to-date: /home/knolan/ros-practice/install/interface_practice/share/interface_practice/cmake/interface_practiceConfig.cmake
[0.047s] -- Up-to-date: /home/knolan/ros-practice/install/interface_practice/share/interface_practice/cmake/interface_practiceConfig-version.cmake
[0.047s] -- Up-to-date: /home/knolan/ros-practice/install/interface_practice/share/interface_practice/package.xml
[0.049s] Invoked command in '/home/knolan/ros-practice/build/interface_practice' returned '0': CMAKE_PREFIX_PATH=${CMAKE_PREFIX_PATH}:/opt/ros/humble /usr/bin/cmake --install /home/knolan/ros-practice/build/interface_practice
