-- Found ament_cmake: 1.3.11 (/opt/ros/humble/share/ament_cmake/cmake)
-- Found geometry_msgs: 4.2.4 (/opt/ros/humble/share/geometry_msgs/cmake)
-- Found rosidl_generator_c: 3.1.6 (/opt/ros/humble/share/rosidl_generator_c/cmake)
-- Found rosidl_adapter: 3.1.6 (/opt/ros/humble/share/rosidl_adapter/cmake)
-- Found rosidl_generator_cpp: 3.1.6 (/opt/ros/humble/share/rosidl_generator_cpp/cmake)
-- Using all available rosidl_typesupport_c: rosidl_typesupport_fastrtps_c;rosidl_typesupport_introspection_c
-- Using all available rosidl_typesupport_cpp: rosidl_typesupport_fastrtps_cpp;rosidl_typesupport_introspection_cpp
-- Found rosidl_default_generators: 1.2.0 (/opt/ros/humble/share/rosidl_default_generators/cmake)
-- Found ament_cmake_ros: 0.10.0 (/opt/ros/humble/share/ament_cmake_ros/cmake)
-- Using all available rosidl_typesupport_c: rosidl_typesupport_fastrtps_c;rosidl_typesupport_introspection_c
-- Using all available rosidl_typesupport_cpp: rosidl_typesupport_fastrtps_cpp;rosidl_typesupport_introspection_cpp
-- Found PythonInterp: /usr/bin/python3 (found suitable version "3.10.12", minimum required is "3.6") 
-- Found python_cmake_module: 0.10.0 (/opt/ros/humble/share/python_cmake_module/cmake)
-- Found PythonLibs: /usr/lib/x86_64-linux-gnu/libpython3.10.so (found suitable version "3.10.12", minimum required is "3.5") 
-- Using PYTHON_EXECUTABLE: /usr/bin/python3
-- Using PYTHON_INCLUDE_DIRS: /usr/include/python3.10
-- Using PYTHON_LIBRARIES: /usr/lib/x86_64-linux-gnu/libpython3.10.so
-- Found PythonExtra: .so  
-- Found ament_lint_auto: 0.12.11 (/opt/ros/humble/share/ament_lint_auto/cmake)
-- Added test 'lint_cmake' to check CMake code style
-- Added test 'xmllint' to check XML markup files
-- Configuring done
-- Generating done
-- Build files have been written to: /home/knolan/ros-practice/build/interface_practice
[  2%] [34m[1mGenerating C code for ROS interfaces[0m
[  4%] [34m[1mGenerating C++ code for ROS interfaces[0m
[  4%] Built target ament_cmake_python_copy_interface_practice
running egg_info
creating interface_practice.egg-info
writing interface_practice.egg-info/PKG-INFO
writing dependency_links to interface_practice.egg-info/dependency_links.txt
writing top-level names to interface_practice.egg-info/top_level.txt
writing manifest file 'interface_practice.egg-info/SOURCES.txt'
reading manifest file 'interface_practice.egg-info/SOURCES.txt'
writing manifest file 'interface_practice.egg-info/SOURCES.txt'
[  4%] Built target ament_cmake_python_build_interface_practice_egg
[  4%] Built target interface_practice__cpp
[  6%] [32mBuilding C object CMakeFiles/interface_practice__rosidl_generator_c.dir/rosidl_generator_c/interface_practice/msg/detail/num__functions.c.o[0m
[  8%] [32mBuilding C object CMakeFiles/interface_practice__rosidl_generator_c.dir/rosidl_generator_c/interface_practice/msg/detail/sphere__functions.c.o[0m
[ 10%] [32mBuilding C object CMakeFiles/interface_practice__rosidl_generator_c.dir/rosidl_generator_c/interface_practice/srv/detail/add_three_ints__functions.c.o[0m
[ 17%] [34m[1mGenerating C++ type support for eProsima Fast-RTPS[0m
[ 17%] [34m[1mGenerating C++ introspection for ROS interfaces[0m
[ 17%] [34m[1mGenerating C++ type support dispatch for ROS interfaces[0m
[ 19%] [32m[1mLinking C shared library libinterface_practice__rosidl_generator_c.so[0m
[ 23%] [32mBuilding CXX object CMakeFiles/interface_practice__rosidl_typesupport_fastrtps_cpp.dir/rosidl_typesupport_fastrtps_cpp/interface_practice/msg/detail/dds_fastrtps/sphere__type_support.cpp.o[0m
[ 23%] [32mBuilding CXX object CMakeFiles/interface_practice__rosidl_typesupport_fastrtps_cpp.dir/rosidl_typesupport_fastrtps_cpp/interface_practice/msg/detail/dds_fastrtps/num__type_support.cpp.o[0m
[ 25%] [32mBuilding CXX object CMakeFiles/interface_practice__rosidl_typesupport_fastrtps_cpp.dir/rosidl_typesupport_fastrtps_cpp/interface_practice/srv/detail/dds_fastrtps/add_three_ints__type_support.cpp.o[0m
[ 27%] [32mBuilding CXX object CMakeFiles/interface_practice__rosidl_typesupport_cpp.dir/rosidl_typesupport_cpp/interface_practice/msg/num__type_support.cpp.o[0m
[ 31%] [32mBuilding CXX object CMakeFiles/interface_practice__rosidl_typesupport_cpp.dir/rosidl_typesupport_cpp/interface_practice/srv/add_three_ints__type_support.cpp.o[0m
[ 31%] [32mBuilding CXX object CMakeFiles/interface_practice__rosidl_typesupport_cpp.dir/rosidl_typesupport_cpp/interface_practice/msg/sphere__type_support.cpp.o[0m
[ 34%] [32mBuilding CXX object CMakeFiles/interface_practice__rosidl_typesupport_introspection_cpp.dir/rosidl_typesupport_introspection_cpp/interface_practice/msg/detail/sphere__type_support.cpp.o[0m
[ 38%] [32mBuilding CXX object CMakeFiles/interface_practice__rosidl_typesupport_introspection_cpp.dir/rosidl_typesupport_introspection_cpp/interface_practice/msg/detail/num__type_support.cpp.o[0m
[ 38%] [32mBuilding CXX object CMakeFiles/interface_practice__rosidl_typesupport_introspection_cpp.dir/rosidl_typesupport_introspection_cpp/interface_practice/srv/detail/add_three_ints__type_support.cpp.o[0m
[ 38%] Built target interface_practice__rosidl_generator_c
[ 42%] [34m[1mGenerating C introspection for ROS interfaces[0m
[ 42%] [34m[1mGenerating C type support for eProsima Fast-RTPS[0m
[ 44%] [34m[1mGenerating C type support dispatch for ROS interfaces[0m
[ 46%] [32mBuilding CXX object CMakeFiles/interface_practice__rosidl_typesupport_c.dir/rosidl_typesupport_c/interface_practice/msg/sphere__type_support.cpp.o[0m
[ 48%] [32mBuilding CXX object CMakeFiles/interface_practice__rosidl_typesupport_c.dir/rosidl_typesupport_c/interface_practice/msg/num__type_support.cpp.o[0m
[ 51%] [32mBuilding CXX object CMakeFiles/interface_practice__rosidl_typesupport_c.dir/rosidl_typesupport_c/interface_practice/srv/add_three_ints__type_support.cpp.o[0m
[ 53%] [32m[1mLinking CXX shared library libinterface_practice__rosidl_typesupport_cpp.so[0m
[ 55%] [32m[1mLinking CXX shared library libinterface_practice__rosidl_typesupport_c.so[0m
[ 57%] [32mBuilding C object CMakeFiles/interface_practice__rosidl_typesupport_introspection_c.dir/rosidl_typesupport_introspection_c/interface_practice/msg/detail/sphere__type_support.c.o[0m
[ 61%] [32mBuilding C object CMakeFiles/interface_practice__rosidl_typesupport_introspection_c.dir/rosidl_typesupport_introspection_c/interface_practice/srv/detail/add_three_ints__type_support.c.o[0m
[ 59%] [32mBuilding C object CMakeFiles/interface_practice__rosidl_typesupport_introspection_c.dir/rosidl_typesupport_introspection_c/interface_practice/msg/detail/num__type_support.c.o[0m
[ 63%] [32mBuilding CXX object CMakeFiles/interface_practice__rosidl_typesupport_fastrtps_c.dir/rosidl_typesupport_fastrtps_c/interface_practice/msg/detail/num__type_support_c.cpp.o[0m
[ 65%] [32mBuilding CXX object CMakeFiles/interface_practice__rosidl_typesupport_fastrtps_c.dir/rosidl_typesupport_fastrtps_c/interface_practice/msg/detail/sphere__type_support_c.cpp.o[0m
[ 68%] [32mBuilding CXX object CMakeFiles/interface_practice__rosidl_typesupport_fastrtps_c.dir/rosidl_typesupport_fastrtps_c/interface_practice/srv/detail/add_three_ints__type_support_c.cpp.o[0m
[ 70%] [32m[1mLinking C shared library libinterface_practice__rosidl_typesupport_introspection_c.so[0m
[ 72%] [32m[1mLinking CXX shared library libinterface_practice__rosidl_typesupport_introspection_cpp.so[0m
[ 74%] [32m[1mLinking CXX shared library libinterface_practice__rosidl_typesupport_fastrtps_cpp.so[0m
[ 74%] Built target interface_practice__rosidl_typesupport_cpp
[ 74%] Built target interface_practice__rosidl_typesupport_c
[ 74%] Built target interface_practice__rosidl_typesupport_introspection_c
[ 76%] [32m[1mLinking CXX shared library libinterface_practice__rosidl_typesupport_fastrtps_c.so[0m
[ 76%] Built target interface_practice__rosidl_typesupport_introspection_cpp
[ 76%] Built target interface_practice__rosidl_typesupport_fastrtps_cpp
[ 76%] Built target interface_practice__rosidl_typesupport_fastrtps_c
[ 76%] Built target interface_practice
[ 78%] [34m[1mGenerating Python code for ROS interfaces[0m
[ 78%] Built target interface_practice__py
[ 80%] [32mBuilding C object CMakeFiles/interface_practice__rosidl_generator_py.dir/rosidl_generator_py/interface_practice/msg/_num_s.c.o[0m
[ 82%] [32mBuilding C object CMakeFiles/interface_practice__rosidl_generator_py.dir/rosidl_generator_py/interface_practice/msg/_sphere_s.c.o[0m
[ 85%] [32mBuilding C object CMakeFiles/interface_practice__rosidl_generator_py.dir/rosidl_generator_py/interface_practice/srv/_add_three_ints_s.c.o[0m
[ 87%] [32m[1mLinking C shared library rosidl_generator_py/interface_practice/libinterface_practice__rosidl_generator_py.so[0m
[ 87%] Built target interface_practice__rosidl_generator_py
[ 89%] [32mBuilding C object CMakeFiles/interface_practice__rosidl_typesupport_introspection_c__pyext.dir/rosidl_generator_py/interface_practice/_interface_practice_s.ep.rosidl_typesupport_introspection_c.c.o[0m
[ 91%] [32mBuilding C object CMakeFiles/interface_practice__rosidl_typesupport_fastrtps_c__pyext.dir/rosidl_generator_py/interface_practice/_interface_practice_s.ep.rosidl_typesupport_fastrtps_c.c.o[0m
[ 93%] [32mBuilding C object CMakeFiles/interface_practice__rosidl_typesupport_c__pyext.dir/rosidl_generator_py/interface_practice/_interface_practice_s.ep.rosidl_typesupport_c.c.o[0m
[ 95%] [32m[1mLinking C shared library rosidl_generator_py/interface_practice/interface_practice_s__rosidl_typesupport_fastrtps_c.cpython-310-x86_64-linux-gnu.so[0m
[ 97%] [32m[1mLinking C shared library rosidl_generator_py/interface_practice/interface_practice_s__rosidl_typesupport_introspection_c.cpython-310-x86_64-linux-gnu.so[0m
[100%] [32m[1mLinking C shared library rosidl_generator_py/interface_practice/interface_practice_s__rosidl_typesupport_c.cpython-310-x86_64-linux-gnu.so[0m
[100%] Built target interface_practice__rosidl_typesupport_fastrtps_c__pyext
[100%] Built target interface_practice__rosidl_typesupport_introspection_c__pyext
[100%] Built target interface_practice__rosidl_typesupport_c__pyext
-- Install configuration: ""
-- Installing: /home/knolan/ros-practice/install/interface_practice/share/ament_index/resource_index/rosidl_interfaces/interface_practice
-- Installing: /home/knolan/ros-practice/install/interface_practice/include/interface_practice/interface_practice
-- Installing: /home/knolan/ros-practice/install/interface_practice/include/interface_practice/interface_practice/srv
-- Installing: /home/knolan/ros-practice/install/interface_practice/include/interface_practice/interface_practice/srv/detail
-- Installing: /home/knolan/ros-practice/install/interface_practice/include/interface_practice/interface_practice/srv/detail/add_three_ints__functions.h
-- Installing: /home/knolan/ros-practice/install/interface_practice/include/interface_practice/interface_practice/srv/detail/add_three_ints__functions.c
-- Installing: /home/knolan/ros-practice/install/interface_practice/include/interface_practice/interface_practice/srv/detail/add_three_ints__struct.h
-- Installing: /home/knolan/ros-practice/install/interface_practice/include/interface_practice/interface_practice/srv/detail/add_three_ints__type_support.h
-- Installing: /home/knolan/ros-practice/install/interface_practice/include/interface_practice/interface_practice/srv/add_three_ints.h
-- Installing: /home/knolan/ros-practice/install/interface_practice/include/interface_practice/interface_practice/msg
-- Installing: /home/knolan/ros-practice/install/interface_practice/include/interface_practice/interface_practice/msg/sphere.h
-- Installing: /home/knolan/ros-practice/install/interface_practice/include/interface_practice/interface_practice/msg/rosidl_generator_c__visibility_control.h
-- Installing: /home/knolan/ros-practice/install/interface_practice/include/interface_practice/interface_practice/msg/num.h
-- Installing: /home/knolan/ros-practice/install/interface_practice/include/interface_practice/interface_practice/msg/detail
-- Installing: /home/knolan/ros-practice/install/interface_practice/include/interface_practice/interface_practice/msg/detail/num__struct.h
-- Installing: /home/knolan/ros-practice/install/interface_practice/include/interface_practice/interface_practice/msg/detail/sphere__struct.h
-- Installing: /home/knolan/ros-practice/install/interface_practice/include/interface_practice/interface_practice/msg/detail/sphere__type_support.h
-- Installing: /home/knolan/ros-practice/install/interface_practice/include/interface_practice/interface_practice/msg/detail/num__functions.h
-- Installing: /home/knolan/ros-practice/install/interface_practice/include/interface_practice/interface_practice/msg/detail/sphere__functions.c
-- Installing: /home/knolan/ros-practice/install/interface_practice/include/interface_practice/interface_practice/msg/detail/num__type_support.h
-- Installing: /home/knolan/ros-practice/install/interface_practice/include/interface_practice/interface_practice/msg/detail/sphere__functions.h
-- Installing: /home/knolan/ros-practice/install/interface_practice/include/interface_practice/interface_practice/msg/detail/num__functions.c
-- Installing: /home/knolan/ros-practice/install/interface_practice/share/interface_practice/environment/library_path.sh
-- Installing: /home/knolan/ros-practice/install/interface_practice/share/interface_practice/environment/library_path.dsv
-- Installing: /home/knolan/ros-practice/install/interface_practice/lib/libinterface_practice__rosidl_generator_c.so
-- Set runtime path of "/home/knolan/ros-practice/install/interface_practice/lib/libinterface_practice__rosidl_generator_c.so" to ""
-- Up-to-date: /home/knolan/ros-practice/install/interface_practice/include/interface_practice/interface_practice
-- Up-to-date: /home/knolan/ros-practice/install/interface_practice/include/interface_practice/interface_practice/srv
-- Up-to-date: /home/knolan/ros-practice/install/interface_practice/include/interface_practice/interface_practice/srv/detail
-- Installing: /home/knolan/ros-practice/install/interface_practice/include/interface_practice/interface_practice/srv/detail/add_three_ints__rosidl_typesupport_fastrtps_c.h
-- Up-to-date: /home/knolan/ros-practice/install/interface_practice/include/interface_practice/interface_practice/msg
-- Installing: /home/knolan/ros-practice/install/interface_practice/include/interface_practice/interface_practice/msg/rosidl_typesupport_fastrtps_c__visibility_control.h
-- Up-to-date: /home/knolan/ros-practice/install/interface_practice/include/interface_practice/interface_practice/msg/detail
-- Installing: /home/knolan/ros-practice/install/interface_practice/include/interface_practice/interface_practice/msg/detail/sphere__rosidl_typesupport_fastrtps_c.h
-- Installing: /home/knolan/ros-practice/install/interface_practice/include/interface_practice/interface_practice/msg/detail/num__rosidl_typesupport_fastrtps_c.h
-- Installing: /home/knolan/ros-practice/install/interface_practice/lib/libinterface_practice__rosidl_typesupport_fastrtps_c.so
-- Set runtime path of "/home/knolan/ros-practice/install/interface_practice/lib/libinterface_practice__rosidl_typesupport_fastrtps_c.so" to ""
-- Up-to-date: /home/knolan/ros-practice/install/interface_practice/include/interface_practice/interface_practice
-- Up-to-date: /home/knolan/ros-practice/install/interface_practice/include/interface_practice/interface_practice/srv
-- Installing: /home/knolan/ros-practice/install/interface_practice/include/interface_practice/interface_practice/srv/add_three_ints.hpp
-- Up-to-date: /home/knolan/ros-practice/install/interface_practice/include/interface_practice/interface_practice/srv/detail
-- Installing: /home/knolan/ros-practice/install/interface_practice/include/interface_practice/interface_practice/srv/detail/add_three_ints__traits.hpp
-- Installing: /home/knolan/ros-practice/install/interface_practice/include/interface_practice/interface_practice/srv/detail/add_three_ints__builder.hpp
-- Installing: /home/knolan/ros-practice/install/interface_practice/include/interface_practice/interface_practice/srv/detail/add_three_ints__type_support.hpp
-- Installing: /home/knolan/ros-practice/install/interface_practice/include/interface_practice/interface_practice/srv/detail/add_three_ints__struct.hpp
-- Up-to-date: /home/knolan/ros-practice/install/interface_practice/include/interface_practice/interface_practice/msg
-- Installing: /home/knolan/ros-practice/install/interface_practice/include/interface_practice/interface_practice/msg/rosidl_generator_cpp__visibility_control.hpp
-- Installing: /home/knolan/ros-practice/install/interface_practice/include/interface_practice/interface_practice/msg/sphere.hpp
-- Installing: /home/knolan/ros-practice/install/interface_practice/include/interface_practice/interface_practice/msg/num.hpp
-- Up-to-date: /home/knolan/ros-practice/install/interface_practice/include/interface_practice/interface_practice/msg/detail
-- Installing: /home/knolan/ros-practice/install/interface_practice/include/interface_practice/interface_practice/msg/detail/sphere__struct.hpp
-- Installing: /home/knolan/ros-practice/install/interface_practice/include/interface_practice/interface_practice/msg/detail/num__struct.hpp
-- Installing: /home/knolan/ros-practice/install/interface_practice/include/interface_practice/interface_practice/msg/detail/sphere__traits.hpp
-- Installing: /home/knolan/ros-practice/install/interface_practice/include/interface_practice/interface_practice/msg/detail/sphere__type_support.hpp
-- Installing: /home/knolan/ros-practice/install/interface_practice/include/interface_practice/interface_practice/msg/detail/num__traits.hpp
-- Installing: /home/knolan/ros-practice/install/interface_practice/include/interface_practice/interface_practice/msg/detail/num__builder.hpp
-- Installing: /home/knolan/ros-practice/install/interface_practice/include/interface_practice/interface_practice/msg/detail/num__type_support.hpp
-- Installing: /home/knolan/ros-practice/install/interface_practice/include/interface_practice/interface_practice/msg/detail/sphere__builder.hpp
-- Up-to-date: /home/knolan/ros-practice/install/interface_practice/include/interface_practice/interface_practice
-- Up-to-date: /home/knolan/ros-practice/install/interface_practice/include/interface_practice/interface_practice/srv
-- Up-to-date: /home/knolan/ros-practice/install/interface_practice/include/interface_practice/interface_practice/srv/detail
-- Installing: /home/knolan/ros-practice/install/interface_practice/include/interface_practice/interface_practice/srv/detail/add_three_ints__rosidl_typesupport_fastrtps_cpp.hpp
-- Installing: /home/knolan/ros-practice/install/interface_practice/include/interface_practice/interface_practice/srv/detail/dds_fastrtps
-- Up-to-date: /home/knolan/ros-practice/install/interface_practice/include/interface_practice/interface_practice/msg
-- Installing: /home/knolan/ros-practice/install/interface_practice/include/interface_practice/interface_practice/msg/rosidl_typesupport_fastrtps_cpp__visibility_control.h
-- Up-to-date: /home/knolan/ros-practice/install/interface_practice/include/interface_practice/interface_practice/msg/detail
-- Installing: /home/knolan/ros-practice/install/interface_practice/include/interface_practice/interface_practice/msg/detail/dds_fastrtps
-- Installing: /home/knolan/ros-practice/install/interface_practice/include/interface_practice/interface_practice/msg/detail/sphere__rosidl_typesupport_fastrtps_cpp.hpp
-- Installing: /home/knolan/ros-practice/install/interface_practice/include/interface_practice/interface_practice/msg/detail/num__rosidl_typesupport_fastrtps_cpp.hpp
-- Installing: /home/knolan/ros-practice/install/interface_practice/lib/libinterface_practice__rosidl_typesupport_fastrtps_cpp.so
-- Set runtime path of "/home/knolan/ros-practice/install/interface_practice/lib/libinterface_practice__rosidl_typesupport_fastrtps_cpp.so" to ""
-- Up-to-date: /home/knolan/ros-practice/install/interface_practice/include/interface_practice/interface_practice
-- Up-to-date: /home/knolan/ros-practice/install/interface_practice/include/interface_practice/interface_practice/srv
-- Up-to-date: /home/knolan/ros-practice/install/interface_practice/include/interface_practice/interface_practice/srv/detail
-- Installing: /home/knolan/ros-practice/install/interface_practice/include/interface_practice/interface_practice/srv/detail/add_three_ints__rosidl_typesupport_introspection_c.h
-- Installing: /home/knolan/ros-practice/install/interface_practice/include/interface_practice/interface_practice/srv/detail/add_three_ints__type_support.c
-- Up-to-date: /home/knolan/ros-practice/install/interface_practice/include/interface_practice/interface_practice/msg
-- Installing: /home/knolan/ros-practice/install/interface_practice/include/interface_practice/interface_practice/msg/rosidl_typesupport_introspection_c__visibility_control.h
-- Up-to-date: /home/knolan/ros-practice/install/interface_practice/include/interface_practice/interface_practice/msg/detail
-- Installing: /home/knolan/ros-practice/install/interface_practice/include/interface_practice/interface_practice/msg/detail/num__type_support.c
-- Installing: /home/knolan/ros-practice/install/interface_practice/include/interface_practice/interface_practice/msg/detail/sphere__rosidl_typesupport_introspection_c.h
-- Installing: /home/knolan/ros-practice/install/interface_practice/include/interface_practice/interface_practice/msg/detail/num__rosidl_typesupport_introspection_c.h
-- Installing: /home/knolan/ros-practice/install/interface_practice/include/interface_practice/interface_practice/msg/detail/sphere__type_support.c
-- Installing: /home/knolan/ros-practice/install/interface_practice/lib/libinterface_practice__rosidl_typesupport_introspection_c.so
-- Set runtime path of "/home/knolan/ros-practice/install/interface_practice/lib/libinterface_practice__rosidl_typesupport_introspection_c.so" to ""
-- Installing: /home/knolan/ros-practice/install/interface_practice/lib/libinterface_practice__rosidl_typesupport_c.so
-- Set runtime path of "/home/knolan/ros-practice/install/interface_practice/lib/libinterface_practice__rosidl_typesupport_c.so" to ""
-- Up-to-date: /home/knolan/ros-practice/install/interface_practice/include/interface_practice/interface_practice
-- Up-to-date: /home/knolan/ros-practice/install/interface_practice/include/interface_practice/interface_practice/srv
-- Up-to-date: /home/knolan/ros-practice/install/interface_practice/include/interface_practice/interface_practice/srv/detail
-- Installing: /home/knolan/ros-practice/install/interface_practice/include/interface_practice/interface_practice/srv/detail/add_three_ints__type_support.cpp
-- Installing: /home/knolan/ros-practice/install/interface_practice/include/interface_practice/interface_practice/srv/detail/add_three_ints__rosidl_typesupport_introspection_cpp.hpp
-- Up-to-date: /home/knolan/ros-practice/install/interface_practice/include/interface_practice/interface_practice/msg
-- Up-to-date: /home/knolan/ros-practice/install/interface_practice/include/interface_practice/interface_practice/msg/detail
-- Installing: /home/knolan/ros-practice/install/interface_practice/include/interface_practice/interface_practice/msg/detail/sphere__type_support.cpp
-- Installing: /home/knolan/ros-practice/install/interface_practice/include/interface_practice/interface_practice/msg/detail/sphere__rosidl_typesupport_introspection_cpp.hpp
-- Installing: /home/knolan/ros-practice/install/interface_practice/include/interface_practice/interface_practice/msg/detail/num__type_support.cpp
-- Installing: /home/knolan/ros-practice/install/interface_practice/include/interface_practice/interface_practice/msg/detail/num__rosidl_typesupport_introspection_cpp.hpp
-- Installing: /home/knolan/ros-practice/install/interface_practice/lib/libinterface_practice__rosidl_typesupport_introspection_cpp.so
-- Set runtime path of "/home/knolan/ros-practice/install/interface_practice/lib/libinterface_practice__rosidl_typesupport_introspection_cpp.so" to ""
-- Installing: /home/knolan/ros-practice/install/interface_practice/lib/libinterface_practice__rosidl_typesupport_cpp.so
-- Set runtime path of "/home/knolan/ros-practice/install/interface_practice/lib/libinterface_practice__rosidl_typesupport_cpp.so" to ""
-- Installing: /home/knolan/ros-practice/install/interface_practice/share/interface_practice/environment/pythonpath.sh
-- Installing: /home/knolan/ros-practice/install/interface_practice/share/interface_practice/environment/pythonpath.dsv
-- Installing: /home/knolan/ros-practice/install/interface_practice/local/lib/python3.10/dist-packages/interface_practice-0.0.0-py3.10.egg-info
-- Installing: /home/knolan/ros-practice/install/interface_practice/local/lib/python3.10/dist-packages/interface_practice-0.0.0-py3.10.egg-info/top_level.txt
-- Installing: /home/knolan/ros-practice/install/interface_practice/local/lib/python3.10/dist-packages/interface_practice-0.0.0-py3.10.egg-info/dependency_links.txt
-- Installing: /home/knolan/ros-practice/install/interface_practice/local/lib/python3.10/dist-packages/interface_practice-0.0.0-py3.10.egg-info/SOURCES.txt
-- Installing: /home/knolan/ros-practice/install/interface_practice/local/lib/python3.10/dist-packages/interface_practice-0.0.0-py3.10.egg-info/PKG-INFO
-- Installing: /home/knolan/ros-practice/install/interface_practice/local/lib/python3.10/dist-packages/interface_practice
-- Installing: /home/knolan/ros-practice/install/interface_practice/local/lib/python3.10/dist-packages/interface_practice/srv
-- Installing: /home/knolan/ros-practice/install/interface_practice/local/lib/python3.10/dist-packages/interface_practice/srv/_add_three_ints_s.c
-- Installing: /home/knolan/ros-practice/install/interface_practice/local/lib/python3.10/dist-packages/interface_practice/srv/_add_three_ints.py
-- Installing: /home/knolan/ros-practice/install/interface_practice/local/lib/python3.10/dist-packages/interface_practice/srv/__init__.py
-- Installing: /home/knolan/ros-practice/install/interface_practice/local/lib/python3.10/dist-packages/interface_practice/interface_practice_s__rosidl_typesupport_introspection_c.cpython-310-x86_64-linux-gnu.so
-- Installing: /home/knolan/ros-practice/install/interface_practice/local/lib/python3.10/dist-packages/interface_practice/_interface_practice_s.ep.rosidl_typesupport_introspection_c.c
-- Installing: /home/knolan/ros-practice/install/interface_practice/local/lib/python3.10/dist-packages/interface_practice/_interface_practice_s.ep.rosidl_typesupport_c.c
-- Installing: /home/knolan/ros-practice/install/interface_practice/local/lib/python3.10/dist-packages/interface_practice/_interface_practice_s.ep.rosidl_typesupport_fastrtps_c.c
-- Installing: /home/knolan/ros-practice/install/interface_practice/local/lib/python3.10/dist-packages/interface_practice/interface_practice_s__rosidl_typesupport_c.cpython-310-x86_64-linux-gnu.so
-- Installing: /home/knolan/ros-practice/install/interface_practice/local/lib/python3.10/dist-packages/interface_practice/interface_practice_s__rosidl_typesupport_fastrtps_c.cpython-310-x86_64-linux-gnu.so
-- Installing: /home/knolan/ros-practice/install/interface_practice/local/lib/python3.10/dist-packages/interface_practice/msg
-- Installing: /home/knolan/ros-practice/install/interface_practice/local/lib/python3.10/dist-packages/interface_practice/msg/_sphere_s.c
-- Installing: /home/knolan/ros-practice/install/interface_practice/local/lib/python3.10/dist-packages/interface_practice/msg/_num.py
-- Installing: /home/knolan/ros-practice/install/interface_practice/local/lib/python3.10/dist-packages/interface_practice/msg/_num_s.c
-- Installing: /home/knolan/ros-practice/install/interface_practice/local/lib/python3.10/dist-packages/interface_practice/msg/__init__.py
-- Installing: /home/knolan/ros-practice/install/interface_practice/local/lib/python3.10/dist-packages/interface_practice/msg/_sphere.py
-- Installing: /home/knolan/ros-practice/install/interface_practice/local/lib/python3.10/dist-packages/interface_practice/__init__.py
-- Installing: /home/knolan/ros-practice/install/interface_practice/local/lib/python3.10/dist-packages/interface_practice/libinterface_practice__rosidl_generator_py.so
Listing '/home/knolan/ros-practice/install/interface_practice/local/lib/python3.10/dist-packages/interface_practice'...
Compiling '/home/knolan/ros-practice/install/interface_practice/local/lib/python3.10/dist-packages/interface_practice/__init__.py'...
Listing '/home/knolan/ros-practice/install/interface_practice/local/lib/python3.10/dist-packages/interface_practice/msg'...
Compiling '/home/knolan/ros-practice/install/interface_practice/local/lib/python3.10/dist-packages/interface_practice/msg/__init__.py'...
Compiling '/home/knolan/ros-practice/install/interface_practice/local/lib/python3.10/dist-packages/interface_practice/msg/_num.py'...
Compiling '/home/knolan/ros-practice/install/interface_practice/local/lib/python3.10/dist-packages/interface_practice/msg/_sphere.py'...
Listing '/home/knolan/ros-practice/install/interface_practice/local/lib/python3.10/dist-packages/interface_practice/srv'...
Compiling '/home/knolan/ros-practice/install/interface_practice/local/lib/python3.10/dist-packages/interface_practice/srv/__init__.py'...
Compiling '/home/knolan/ros-practice/install/interface_practice/local/lib/python3.10/dist-packages/interface_practice/srv/_add_three_ints.py'...
-- Installing: /home/knolan/ros-practice/install/interface_practice/local/lib/python3.10/dist-packages/interface_practice/interface_practice_s__rosidl_typesupport_fastrtps_c.cpython-310-x86_64-linux-gnu.so
-- Set runtime path of "/home/knolan/ros-practice/install/interface_practice/local/lib/python3.10/dist-packages/interface_practice/interface_practice_s__rosidl_typesupport_fastrtps_c.cpython-310-x86_64-linux-gnu.so" to ""
-- Installing: /home/knolan/ros-practice/install/interface_practice/local/lib/python3.10/dist-packages/interface_practice/interface_practice_s__rosidl_typesupport_introspection_c.cpython-310-x86_64-linux-gnu.so
-- Set runtime path of "/home/knolan/ros-practice/install/interface_practice/local/lib/python3.10/dist-packages/interface_practice/interface_practice_s__rosidl_typesupport_introspection_c.cpython-310-x86_64-linux-gnu.so" to ""
-- Installing: /home/knolan/ros-practice/install/interface_practice/local/lib/python3.10/dist-packages/interface_practice/interface_practice_s__rosidl_typesupport_c.cpython-310-x86_64-linux-gnu.so
-- Set runtime path of "/home/knolan/ros-practice/install/interface_practice/local/lib/python3.10/dist-packages/interface_practice/interface_practice_s__rosidl_typesupport_c.cpython-310-x86_64-linux-gnu.so" to ""
-- Installing: /home/knolan/ros-practice/install/interface_practice/lib/libinterface_practice__rosidl_generator_py.so
-- Set runtime path of "/home/knolan/ros-practice/install/interface_practice/lib/libinterface_practice__rosidl_generator_py.so" to ""
-- Installing: /home/knolan/ros-practice/install/interface_practice/share/interface_practice/msg/Num.idl
-- Installing: /home/knolan/ros-practice/install/interface_practice/share/interface_practice/msg/Sphere.idl
-- Installing: /home/knolan/ros-practice/install/interface_practice/share/interface_practice/srv/AddThreeInts.idl
-- Installing: /home/knolan/ros-practice/install/interface_practice/share/interface_practice/msg/Num.msg
-- Installing: /home/knolan/ros-practice/install/interface_practice/share/interface_practice/msg/Sphere.msg
-- Installing: /home/knolan/ros-practice/install/interface_practice/share/interface_practice/srv/AddThreeInts.srv
-- Installing: /home/knolan/ros-practice/install/interface_practice/share/interface_practice/srv/AddThreeInts_Request.msg
-- Installing: /home/knolan/ros-practice/install/interface_practice/share/interface_practice/srv/AddThreeInts_Response.msg
-- Up-to-date: /home/knolan/ros-practice/install/interface_practice/share/ament_index/resource_index/package_run_dependencies/interface_practice
-- Installing: /home/knolan/ros-practice/install/interface_practice/share/ament_index/resource_index/parent_prefix_path/interface_practice
-- Up-to-date: /home/knolan/ros-practice/install/interface_practice/share/interface_practice/environment/ament_prefix_path.sh
-- Installing: /home/knolan/ros-practice/install/interface_practice/share/interface_practice/environment/ament_prefix_path.dsv
-- Up-to-date: /home/knolan/ros-practice/install/interface_practice/share/interface_practice/environment/path.sh
-- Installing: /home/knolan/ros-practice/install/interface_practice/share/interface_practice/environment/path.dsv
-- Up-to-date: /home/knolan/ros-practice/install/interface_practice/share/interface_practice/local_setup.bash
-- Installing: /home/knolan/ros-practice/install/interface_practice/share/interface_practice/local_setup.sh
-- Up-to-date: /home/knolan/ros-practice/install/interface_practice/share/interface_practice/local_setup.zsh
-- Installing: /home/knolan/ros-practice/install/interface_practice/share/interface_practice/local_setup.dsv
-- Installing: /home/knolan/ros-practice/install/interface_practice/share/interface_practice/package.dsv
-- Up-to-date: /home/knolan/ros-practice/install/interface_practice/share/ament_index/resource_index/packages/interface_practice
-- Installing: /home/knolan/ros-practice/install/interface_practice/share/interface_practice/cmake/export_interface_practice__rosidl_generator_cExport.cmake
-- Installing: /home/knolan/ros-practice/install/interface_practice/share/interface_practice/cmake/export_interface_practice__rosidl_generator_cExport-noconfig.cmake
-- Installing: /home/knolan/ros-practice/install/interface_practice/share/interface_practice/cmake/export_interface_practice__rosidl_typesupport_fastrtps_cExport.cmake
-- Installing: /home/knolan/ros-practice/install/interface_practice/share/interface_practice/cmake/export_interface_practice__rosidl_typesupport_fastrtps_cExport-noconfig.cmake
-- Installing: /home/knolan/ros-practice/install/interface_practice/share/interface_practice/cmake/export_interface_practice__rosidl_generator_cppExport.cmake
-- Installing: /home/knolan/ros-practice/install/interface_practice/share/interface_practice/cmake/export_interface_practice__rosidl_typesupport_fastrtps_cppExport.cmake
-- Installing: /home/knolan/ros-practice/install/interface_practice/share/interface_practice/cmake/export_interface_practice__rosidl_typesupport_fastrtps_cppExport-noconfig.cmake
-- Installing: /home/knolan/ros-practice/install/interface_practice/share/interface_practice/cmake/interface_practice__rosidl_typesupport_introspection_cExport.cmake
-- Installing: /home/knolan/ros-practice/install/interface_practice/share/interface_practice/cmake/interface_practice__rosidl_typesupport_introspection_cExport-noconfig.cmake
-- Installing: /home/knolan/ros-practice/install/interface_practice/share/interface_practice/cmake/interface_practice__rosidl_typesupport_cExport.cmake
-- Installing: /home/knolan/ros-practice/install/interface_practice/share/interface_practice/cmake/interface_practice__rosidl_typesupport_cExport-noconfig.cmake
-- Installing: /home/knolan/ros-practice/install/interface_practice/share/interface_practice/cmake/interface_practice__rosidl_typesupport_introspection_cppExport.cmake
-- Installing: /home/knolan/ros-practice/install/interface_practice/share/interface_practice/cmake/interface_practice__rosidl_typesupport_introspection_cppExport-noconfig.cmake
-- Installing: /home/knolan/ros-practice/install/interface_practice/share/interface_practice/cmake/interface_practice__rosidl_typesupport_cppExport.cmake
-- Installing: /home/knolan/ros-practice/install/interface_practice/share/interface_practice/cmake/interface_practice__rosidl_typesupport_cppExport-noconfig.cmake
-- Installing: /home/knolan/ros-practice/install/interface_practice/share/interface_practice/cmake/export_interface_practice__rosidl_generator_pyExport.cmake
-- Installing: /home/knolan/ros-practice/install/interface_practice/share/interface_practice/cmake/export_interface_practice__rosidl_generator_pyExport-noconfig.cmake
-- Installing: /home/knolan/ros-practice/install/interface_practice/share/interface_practice/cmake/rosidl_cmake-extras.cmake
-- Installing: /home/knolan/ros-practice/install/interface_practice/share/interface_practice/cmake/ament_cmake_export_dependencies-extras.cmake
-- Installing: /home/knolan/ros-practice/install/interface_practice/share/interface_practice/cmake/ament_cmake_export_include_directories-extras.cmake
-- Installing: /home/knolan/ros-practice/install/interface_practice/share/interface_practice/cmake/ament_cmake_export_libraries-extras.cmake
-- Installing: /home/knolan/ros-practice/install/interface_practice/share/interface_practice/cmake/ament_cmake_export_targets-extras.cmake
-- Installing: /home/knolan/ros-practice/install/interface_practice/share/interface_practice/cmake/rosidl_cmake_export_typesupport_targets-extras.cmake
-- Installing: /home/knolan/ros-practice/install/interface_practice/share/interface_practice/cmake/rosidl_cmake_export_typesupport_libraries-extras.cmake
-- Installing: /home/knolan/ros-practice/install/interface_practice/share/interface_practice/cmake/interface_practiceConfig.cmake
-- Up-to-date: /home/knolan/ros-practice/install/interface_practice/share/interface_practice/cmake/interface_practiceConfig-version.cmake
-- Up-to-date: /home/knolan/ros-practice/install/interface_practice/share/interface_practice/package.xml
