[0.011s] Invoking command in '/home/knolan/ros-practice/build/interface_practice': CMAKE_PREFIX_PATH=${CMAKE_PREFIX_PATH}:/opt/ros/humble /usr/bin/cmake --build /home/knolan/ros-practice/build/interface_practice -- -j12 -l12
[0.025s] -- Found ament_cmake: 1.3.11 (/opt/ros/humble/share/ament_cmake/cmake)
[0.104s] -- Found geometry_msgs: 4.2.4 (/opt/ros/humble/share/geometry_msgs/cmake)
[0.564s] -- Found rosidl_generator_c: 3.1.6 (/opt/ros/humble/share/rosidl_generator_c/cmake)
[0.569s] -- Found rosidl_adapter: 3.1.6 (/opt/ros/humble/share/rosidl_adapter/cmake)
[0.578s] -- Found rosidl_generator_cpp: 3.1.6 (/opt/ros/humble/share/rosidl_generator_cpp/cmake)
[0.592s] -- Using all available rosidl_typesupport_c: rosidl_typesupport_fastrtps_c;rosidl_typesupport_introspection_c
[0.609s] -- Using all available rosidl_typesupport_cpp: rosidl_typesupport_fastrtps_cpp;rosidl_typesupport_introspection_cpp
[0.656s] -- Found rosidl_default_generators: 1.2.0 (/opt/ros/humble/share/rosidl_default_generators/cmake)
[0.862s] -- Found ament_cmake_ros: 0.10.0 (/opt/ros/humble/share/ament_cmake_ros/cmake)
[1.128s] -- Using all available rosidl_typesupport_c: rosidl_typesupport_fastrtps_c;rosidl_typesupport_introspection_c
[1.227s] -- Using all available rosidl_typesupport_cpp: rosidl_typesupport_fastrtps_cpp;rosidl_typesupport_introspection_cpp
[1.607s] -- Found PythonInterp: /usr/bin/python3 (found suitable version "3.10.12", minimum required is "3.6") 
[1.611s] -- Found python_cmake_module: 0.10.0 (/opt/ros/humble/share/python_cmake_module/cmake)
[2.843s] -- Found PythonLibs: /usr/lib/x86_64-linux-gnu/libpython3.10.so (found suitable version "3.10.12", minimum required is "3.5") 
[2.843s] -- Using PYTHON_EXECUTABLE: /usr/bin/python3
[2.843s] -- Using PYTHON_INCLUDE_DIRS: /usr/include/python3.10
[2.843s] -- Using PYTHON_LIBRARIES: /usr/lib/x86_64-linux-gnu/libpython3.10.so
[2.859s] -- Found PythonExtra: .so  
[3.028s] -- Found ament_lint_auto: 0.12.11 (/opt/ros/humble/share/ament_lint_auto/cmake)
[3.039s] -- Added test 'lint_cmake' to check CMake code style
[3.039s] -- Added test 'xmllint' to check XML markup files
[3.040s] -- Configuring done
[3.068s] -- Generating done
[3.075s] -- Build files have been written to: /home/knolan/ros-practice/build/interface_practice
[3.092s] [  2%] [34m[1mGenerating C code for ROS interfaces[0m
[3.099s] [  4%] [34m[1mGenerating C++ code for ROS interfaces[0m
[3.106s] [  4%] Built target ament_cmake_python_copy_interface_practice
[3.254s] running egg_info
[3.255s] creating interface_practice.egg-info
[3.255s] writing interface_practice.egg-info/PKG-INFO
[3.256s] writing dependency_links to interface_practice.egg-info/dependency_links.txt
[3.256s] writing top-level names to interface_practice.egg-info/top_level.txt
[3.256s] writing manifest file 'interface_practice.egg-info/SOURCES.txt'
[3.260s] reading manifest file 'interface_practice.egg-info/SOURCES.txt'
[3.260s] writing manifest file 'interface_practice.egg-info/SOURCES.txt'
[3.280s] [  4%] Built target ament_cmake_python_build_interface_practice_egg
[3.383s] [  4%] Built target interface_practice__cpp
[3.386s] [  6%] [32mBuilding C object CMakeFiles/interface_practice__rosidl_generator_c.dir/rosidl_generator_c/interface_practice/msg/detail/num__functions.c.o[0m
[3.386s] [  8%] [32mBuilding C object CMakeFiles/interface_practice__rosidl_generator_c.dir/rosidl_generator_c/interface_practice/msg/detail/sphere__functions.c.o[0m
[3.387s] [ 10%] [32mBuilding C object CMakeFiles/interface_practice__rosidl_generator_c.dir/rosidl_generator_c/interface_practice/srv/detail/add_three_ints__functions.c.o[0m
[3.391s] [ 17%] [34m[1mGenerating C++ type support for eProsima Fast-RTPS[0m
[3.392s] [ 17%] [34m[1mGenerating C++ introspection for ROS interfaces[0m
[3.392s] [ 17%] [34m[1mGenerating C++ type support dispatch for ROS interfaces[0m
[3.478s] [ 19%] [32m[1mLinking C shared library libinterface_practice__rosidl_generator_c.so[0m
[3.639s] [ 23%] [32mBuilding CXX object CMakeFiles/interface_practice__rosidl_typesupport_fastrtps_cpp.dir/rosidl_typesupport_fastrtps_cpp/interface_practice/msg/detail/dds_fastrtps/sphere__type_support.cpp.o[0m
[3.639s] [ 23%] [32mBuilding CXX object CMakeFiles/interface_practice__rosidl_typesupport_fastrtps_cpp.dir/rosidl_typesupport_fastrtps_cpp/interface_practice/msg/detail/dds_fastrtps/num__type_support.cpp.o[0m
[3.639s] [ 25%] [32mBuilding CXX object CMakeFiles/interface_practice__rosidl_typesupport_fastrtps_cpp.dir/rosidl_typesupport_fastrtps_cpp/interface_practice/srv/detail/dds_fastrtps/add_three_ints__type_support.cpp.o[0m
[3.652s] [ 27%] [32mBuilding CXX object CMakeFiles/interface_practice__rosidl_typesupport_cpp.dir/rosidl_typesupport_cpp/interface_practice/msg/num__type_support.cpp.o[0m
[3.655s] [ 31%] [32mBuilding CXX object CMakeFiles/interface_practice__rosidl_typesupport_cpp.dir/rosidl_typesupport_cpp/interface_practice/srv/add_three_ints__type_support.cpp.o[0m
[3.655s] [ 31%] [32mBuilding CXX object CMakeFiles/interface_practice__rosidl_typesupport_cpp.dir/rosidl_typesupport_cpp/interface_practice/msg/sphere__type_support.cpp.o[0m
[3.687s] [ 34%] [32mBuilding CXX object CMakeFiles/interface_practice__rosidl_typesupport_introspection_cpp.dir/rosidl_typesupport_introspection_cpp/interface_practice/msg/detail/sphere__type_support.cpp.o[0m
[3.690s] [ 38%] [32mBuilding CXX object CMakeFiles/interface_practice__rosidl_typesupport_introspection_cpp.dir/rosidl_typesupport_introspection_cpp/interface_practice/msg/detail/num__type_support.cpp.o[0m
[3.690s] [ 38%] [32mBuilding CXX object CMakeFiles/interface_practice__rosidl_typesupport_introspection_cpp.dir/rosidl_typesupport_introspection_cpp/interface_practice/srv/detail/add_three_ints__type_support.cpp.o[0m
[3.743s] [ 38%] Built target interface_practice__rosidl_generator_c
[3.752s] [ 42%] [34m[1mGenerating C introspection for ROS interfaces[0m
[3.752s] [ 42%] [34m[1mGenerating C type support for eProsima Fast-RTPS[0m
[3.754s] [ 44%] [34m[1mGenerating C type support dispatch for ROS interfaces[0m
[4.170s] [ 46%] [32mBuilding CXX object CMakeFiles/interface_practice__rosidl_typesupport_c.dir/rosidl_typesupport_c/interface_practice/msg/sphere__type_support.cpp.o[0m
[4.171s] [ 48%] [32mBuilding CXX object CMakeFiles/interface_practice__rosidl_typesupport_c.dir/rosidl_typesupport_c/interface_practice/msg/num__type_support.cpp.o[0m
[4.174s] [ 51%] [32mBuilding CXX object CMakeFiles/interface_practice__rosidl_typesupport_c.dir/rosidl_typesupport_c/interface_practice/srv/add_three_ints__type_support.cpp.o[0m
[4.174s] [ 53%] [32m[1mLinking CXX shared library libinterface_practice__rosidl_typesupport_cpp.so[0m
[4.216s] [ 55%] [32m[1mLinking CXX shared library libinterface_practice__rosidl_typesupport_c.so[0m
[4.262s] [ 57%] [32mBuilding C object CMakeFiles/interface_practice__rosidl_typesupport_introspection_c.dir/rosidl_typesupport_introspection_c/interface_practice/msg/detail/sphere__type_support.c.o[0m
[4.262s] [ 61%] [32mBuilding C object CMakeFiles/interface_practice__rosidl_typesupport_introspection_c.dir/rosidl_typesupport_introspection_c/interface_practice/srv/detail/add_three_ints__type_support.c.o[0m
[4.262s] [ 59%] [32mBuilding C object CMakeFiles/interface_practice__rosidl_typesupport_introspection_c.dir/rosidl_typesupport_introspection_c/interface_practice/msg/detail/num__type_support.c.o[0m
[4.275s] [ 63%] [32mBuilding CXX object CMakeFiles/interface_practice__rosidl_typesupport_fastrtps_c.dir/rosidl_typesupport_fastrtps_c/interface_practice/msg/detail/num__type_support_c.cpp.o[0m
[4.302s] [ 65%] [32mBuilding CXX object CMakeFiles/interface_practice__rosidl_typesupport_fastrtps_c.dir/rosidl_typesupport_fastrtps_c/interface_practice/msg/detail/sphere__type_support_c.cpp.o[0m
[4.305s] [ 68%] [32mBuilding CXX object CMakeFiles/interface_practice__rosidl_typesupport_fastrtps_c.dir/rosidl_typesupport_fastrtps_c/interface_practice/srv/detail/add_three_ints__type_support_c.cpp.o[0m
[4.314s] [ 70%] [32m[1mLinking C shared library libinterface_practice__rosidl_typesupport_introspection_c.so[0m
[4.354s] [ 72%] [32m[1mLinking CXX shared library libinterface_practice__rosidl_typesupport_introspection_cpp.so[0m
[4.394s] [ 74%] [32m[1mLinking CXX shared library libinterface_practice__rosidl_typesupport_fastrtps_cpp.so[0m
[4.479s] [ 74%] Built target interface_practice__rosidl_typesupport_cpp
[4.594s] [ 74%] Built target interface_practice__rosidl_typesupport_c
[4.640s] [ 74%] Built target interface_practice__rosidl_typesupport_introspection_c
[4.656s] [ 76%] [32m[1mLinking CXX shared library libinterface_practice__rosidl_typesupport_fastrtps_c.so[0m
[4.740s] [ 76%] Built target interface_practice__rosidl_typesupport_introspection_cpp
[4.767s] [ 76%] Built target interface_practice__rosidl_typesupport_fastrtps_cpp
[4.952s] [ 76%] Built target interface_practice__rosidl_typesupport_fastrtps_c
[4.967s] [ 76%] Built target interface_practice
[4.979s] [ 78%] [34m[1mGenerating Python code for ROS interfaces[0m
[5.288s] [ 78%] Built target interface_practice__py
[5.300s] [ 80%] [32mBuilding C object CMakeFiles/interface_practice__rosidl_generator_py.dir/rosidl_generator_py/interface_practice/msg/_num_s.c.o[0m
[5.301s] [ 82%] [32mBuilding C object CMakeFiles/interface_practice__rosidl_generator_py.dir/rosidl_generator_py/interface_practice/msg/_sphere_s.c.o[0m
[5.302s] [ 85%] [32mBuilding C object CMakeFiles/interface_practice__rosidl_generator_py.dir/rosidl_generator_py/interface_practice/srv/_add_three_ints_s.c.o[0m
[5.420s] [ 87%] [32m[1mLinking C shared library rosidl_generator_py/interface_practice/libinterface_practice__rosidl_generator_py.so[0m
[5.746s] [ 87%] Built target interface_practice__rosidl_generator_py
[5.760s] [ 89%] [32mBuilding C object CMakeFiles/interface_practice__rosidl_typesupport_introspection_c__pyext.dir/rosidl_generator_py/interface_practice/_interface_practice_s.ep.rosidl_typesupport_introspection_c.c.o[0m
[5.760s] [ 91%] [32mBuilding C object CMakeFiles/interface_practice__rosidl_typesupport_fastrtps_c__pyext.dir/rosidl_generator_py/interface_practice/_interface_practice_s.ep.rosidl_typesupport_fastrtps_c.c.o[0m
[5.762s] [ 93%] [32mBuilding C object CMakeFiles/interface_practice__rosidl_typesupport_c__pyext.dir/rosidl_generator_py/interface_practice/_interface_practice_s.ep.rosidl_typesupport_c.c.o[0m
[5.831s] [ 95%] [32m[1mLinking C shared library rosidl_generator_py/interface_practice/interface_practice_s__rosidl_typesupport_fastrtps_c.cpython-310-x86_64-linux-gnu.so[0m
[5.831s] [ 97%] [32m[1mLinking C shared library rosidl_generator_py/interface_practice/interface_practice_s__rosidl_typesupport_introspection_c.cpython-310-x86_64-linux-gnu.so[0m
[5.842s] [100%] [32m[1mLinking C shared library rosidl_generator_py/interface_practice/interface_practice_s__rosidl_typesupport_c.cpython-310-x86_64-linux-gnu.so[0m
[6.033s] [100%] Built target interface_practice__rosidl_typesupport_fastrtps_c__pyext
[6.038s] [100%] Built target interface_practice__rosidl_typesupport_introspection_c__pyext
[6.117s] [100%] Built target interface_practice__rosidl_typesupport_c__pyext
[6.125s] Invoked command in '/home/knolan/ros-practice/build/interface_practice' returned '0': CMAKE_PREFIX_PATH=${CMAKE_PREFIX_PATH}:/opt/ros/humble /usr/bin/cmake --build /home/knolan/ros-practice/build/interface_practice -- -j12 -l12
[6.132s] Invoking command in '/home/knolan/ros-practice/build/interface_practice': CMAKE_PREFIX_PATH=${CMAKE_PREFIX_PATH}:/opt/ros/humble /usr/bin/cmake --install /home/knolan/ros-practice/build/interface_practice
[6.137s] -- Install configuration: ""
[6.137s] -- Installing: /home/knolan/ros-practice/install/interface_practice/share/ament_index/resource_index/rosidl_interfaces/interface_practice
[6.137s] -- Installing: /home/knolan/ros-practice/install/interface_practice/include/interface_practice/interface_practice
[6.138s] -- Installing: /home/knolan/ros-practice/install/interface_practice/include/interface_practice/interface_practice/srv
[6.138s] -- Installing: /home/knolan/ros-practice/install/interface_practice/include/interface_practice/interface_practice/srv/detail
[6.138s] -- Installing: /home/knolan/ros-practice/install/interface_practice/include/interface_practice/interface_practice/srv/detail/add_three_ints__functions.h
[6.138s] -- Installing: /home/knolan/ros-practice/install/interface_practice/include/interface_practice/interface_practice/srv/detail/add_three_ints__functions.c
[6.138s] -- Installing: /home/knolan/ros-practice/install/interface_practice/include/interface_practice/interface_practice/srv/detail/add_three_ints__struct.h
[6.138s] -- Installing: /home/knolan/ros-practice/install/interface_practice/include/interface_practice/interface_practice/srv/detail/add_three_ints__type_support.h
[6.139s] -- Installing: /home/knolan/ros-practice/install/interface_practice/include/interface_practice/interface_practice/srv/add_three_ints.h
[6.139s] -- Installing: /home/knolan/ros-practice/install/interface_practice/include/interface_practice/interface_practice/msg
[6.139s] -- Installing: /home/knolan/ros-practice/install/interface_practice/include/interface_practice/interface_practice/msg/sphere.h
[6.139s] -- Installing: /home/knolan/ros-practice/install/interface_practice/include/interface_practice/interface_practice/msg/rosidl_generator_c__visibility_control.h
[6.139s] -- Installing: /home/knolan/ros-practice/install/interface_practice/include/interface_practice/interface_practice/msg/num.h
[6.140s] -- Installing: /home/knolan/ros-practice/install/interface_practice/include/interface_practice/interface_practice/msg/detail
[6.140s] -- Installing: /home/knolan/ros-practice/install/interface_practice/include/interface_practice/interface_practice/msg/detail/num__struct.h
[6.141s] -- Installing: /home/knolan/ros-practice/install/interface_practice/include/interface_practice/interface_practice/msg/detail/sphere__struct.h
[6.141s] -- Installing: /home/knolan/ros-practice/install/interface_practice/include/interface_practice/interface_practice/msg/detail/sphere__type_support.h
[6.141s] -- Installing: /home/knolan/ros-practice/install/interface_practice/include/interface_practice/interface_practice/msg/detail/num__functions.h
[6.141s] -- Installing: /home/knolan/ros-practice/install/interface_practice/include/interface_practice/interface_practice/msg/detail/sphere__functions.c
[6.141s] -- Installing: /home/knolan/ros-practice/install/interface_practice/include/interface_practice/interface_practice/msg/detail/num__type_support.h
[6.142s] -- Installing: /home/knolan/ros-practice/install/interface_practice/include/interface_practice/interface_practice/msg/detail/sphere__functions.h
[6.142s] -- Installing: /home/knolan/ros-practice/install/interface_practice/include/interface_practice/interface_practice/msg/detail/num__functions.c
[6.142s] -- Installing: /home/knolan/ros-practice/install/interface_practice/share/interface_practice/environment/library_path.sh
[6.142s] -- Installing: /home/knolan/ros-practice/install/interface_practice/share/interface_practice/environment/library_path.dsv
[6.142s] -- Installing: /home/knolan/ros-practice/install/interface_practice/lib/libinterface_practice__rosidl_generator_c.so
[6.142s] -- Set runtime path of "/home/knolan/ros-practice/install/interface_practice/lib/libinterface_practice__rosidl_generator_c.so" to ""
[6.143s] -- Up-to-date: /home/knolan/ros-practice/install/interface_practice/include/interface_practice/interface_practice
[6.143s] -- Up-to-date: /home/knolan/ros-practice/install/interface_practice/include/interface_practice/interface_practice/srv
[6.143s] -- Up-to-date: /home/knolan/ros-practice/install/interface_practice/include/interface_practice/interface_practice/srv/detail
[6.143s] -- Installing: /home/knolan/ros-practice/install/interface_practice/include/interface_practice/interface_practice/srv/detail/add_three_ints__rosidl_typesupport_fastrtps_c.h
[6.143s] -- Up-to-date: /home/knolan/ros-practice/install/interface_practice/include/interface_practice/interface_practice/msg
[6.143s] -- Installing: /home/knolan/ros-practice/install/interface_practice/include/interface_practice/interface_practice/msg/rosidl_typesupport_fastrtps_c__visibility_control.h
[6.143s] -- Up-to-date: /home/knolan/ros-practice/install/interface_practice/include/interface_practice/interface_practice/msg/detail
[6.143s] -- Installing: /home/knolan/ros-practice/install/interface_practice/include/interface_practice/interface_practice/msg/detail/sphere__rosidl_typesupport_fastrtps_c.h
[6.143s] -- Installing: /home/knolan/ros-practice/install/interface_practice/include/interface_practice/interface_practice/msg/detail/num__rosidl_typesupport_fastrtps_c.h
[6.143s] -- Installing: /home/knolan/ros-practice/install/interface_practice/lib/libinterface_practice__rosidl_typesupport_fastrtps_c.so
[6.144s] -- Set runtime path of "/home/knolan/ros-practice/install/interface_practice/lib/libinterface_practice__rosidl_typesupport_fastrtps_c.so" to ""
[6.144s] -- Up-to-date: /home/knolan/ros-practice/install/interface_practice/include/interface_practice/interface_practice
[6.144s] -- Up-to-date: /home/knolan/ros-practice/install/interface_practice/include/interface_practice/interface_practice/srv
[6.144s] -- Installing: /home/knolan/ros-practice/install/interface_practice/include/interface_practice/interface_practice/srv/add_three_ints.hpp
[6.144s] -- Up-to-date: /home/knolan/ros-practice/install/interface_practice/include/interface_practice/interface_practice/srv/detail
[6.144s] -- Installing: /home/knolan/ros-practice/install/interface_practice/include/interface_practice/interface_practice/srv/detail/add_three_ints__traits.hpp
[6.144s] -- Installing: /home/knolan/ros-practice/install/interface_practice/include/interface_practice/interface_practice/srv/detail/add_three_ints__builder.hpp
[6.144s] -- Installing: /home/knolan/ros-practice/install/interface_practice/include/interface_practice/interface_practice/srv/detail/add_three_ints__type_support.hpp
[6.144s] -- Installing: /home/knolan/ros-practice/install/interface_practice/include/interface_practice/interface_practice/srv/detail/add_three_ints__struct.hpp
[6.144s] -- Up-to-date: /home/knolan/ros-practice/install/interface_practice/include/interface_practice/interface_practice/msg
[6.145s] -- Installing: /home/knolan/ros-practice/install/interface_practice/include/interface_practice/interface_practice/msg/rosidl_generator_cpp__visibility_control.hpp
[6.145s] -- Installing: /home/knolan/ros-practice/install/interface_practice/include/interface_practice/interface_practice/msg/sphere.hpp
[6.145s] -- Installing: /home/knolan/ros-practice/install/interface_practice/include/interface_practice/interface_practice/msg/num.hpp
[6.145s] -- Up-to-date: /home/knolan/ros-practice/install/interface_practice/include/interface_practice/interface_practice/msg/detail
[6.145s] -- Installing: /home/knolan/ros-practice/install/interface_practice/include/interface_practice/interface_practice/msg/detail/sphere__struct.hpp
[6.145s] -- Installing: /home/knolan/ros-practice/install/interface_practice/include/interface_practice/interface_practice/msg/detail/num__struct.hpp
[6.146s] -- Installing: /home/knolan/ros-practice/install/interface_practice/include/interface_practice/interface_practice/msg/detail/sphere__traits.hpp
[6.146s] -- Installing: /home/knolan/ros-practice/install/interface_practice/include/interface_practice/interface_practice/msg/detail/sphere__type_support.hpp
[6.146s] -- Installing: /home/knolan/ros-practice/install/interface_practice/include/interface_practice/interface_practice/msg/detail/num__traits.hpp
[6.146s] -- Installing: /home/knolan/ros-practice/install/interface_practice/include/interface_practice/interface_practice/msg/detail/num__builder.hpp
[6.146s] -- Installing: /home/knolan/ros-practice/install/interface_practice/include/interface_practice/interface_practice/msg/detail/num__type_support.hpp
[6.146s] -- Installing: /home/knolan/ros-practice/install/interface_practice/include/interface_practice/interface_practice/msg/detail/sphere__builder.hpp
[6.146s] -- Up-to-date: /home/knolan/ros-practice/install/interface_practice/include/interface_practice/interface_practice
[6.146s] -- Up-to-date: /home/knolan/ros-practice/install/interface_practice/include/interface_practice/interface_practice/srv
[6.146s] -- Up-to-date: /home/knolan/ros-practice/install/interface_practice/include/interface_practice/interface_practice/srv/detail
[6.146s] -- Installing: /home/knolan/ros-practice/install/interface_practice/include/interface_practice/interface_practice/srv/detail/add_three_ints__rosidl_typesupport_fastrtps_cpp.hpp
[6.146s] -- Installing: /home/knolan/ros-practice/install/interface_practice/include/interface_practice/interface_practice/srv/detail/dds_fastrtps
[6.146s] -- Up-to-date: /home/knolan/ros-practice/install/interface_practice/include/interface_practice/interface_practice/msg
[6.146s] -- Installing: /home/knolan/ros-practice/install/interface_practice/include/interface_practice/interface_practice/msg/rosidl_typesupport_fastrtps_cpp__visibility_control.h
[6.146s] -- Up-to-date: /home/knolan/ros-practice/install/interface_practice/include/interface_practice/interface_practice/msg/detail
[6.146s] -- Installing: /home/knolan/ros-practice/install/interface_practice/include/interface_practice/interface_practice/msg/detail/dds_fastrtps
[6.146s] -- Installing: /home/knolan/ros-practice/install/interface_practice/include/interface_practice/interface_practice/msg/detail/sphere__rosidl_typesupport_fastrtps_cpp.hpp
[6.146s] -- Installing: /home/knolan/ros-practice/install/interface_practice/include/interface_practice/interface_practice/msg/detail/num__rosidl_typesupport_fastrtps_cpp.hpp
[6.146s] -- Installing: /home/knolan/ros-practice/install/interface_practice/lib/libinterface_practice__rosidl_typesupport_fastrtps_cpp.so
[6.146s] -- Set runtime path of "/home/knolan/ros-practice/install/interface_practice/lib/libinterface_practice__rosidl_typesupport_fastrtps_cpp.so" to ""
[6.146s] -- Up-to-date: /home/knolan/ros-practice/install/interface_practice/include/interface_practice/interface_practice
[6.146s] -- Up-to-date: /home/knolan/ros-practice/install/interface_practice/include/interface_practice/interface_practice/srv
[6.146s] -- Up-to-date: /home/knolan/ros-practice/install/interface_practice/include/interface_practice/interface_practice/srv/detail
[6.146s] -- Installing: /home/knolan/ros-practice/install/interface_practice/include/interface_practice/interface_practice/srv/detail/add_three_ints__rosidl_typesupport_introspection_c.h
[6.146s] -- Installing: /home/knolan/ros-practice/install/interface_practice/include/interface_practice/interface_practice/srv/detail/add_three_ints__type_support.c
[6.146s] -- Up-to-date: /home/knolan/ros-practice/install/interface_practice/include/interface_practice/interface_practice/msg
[6.147s] -- Installing: /home/knolan/ros-practice/install/interface_practice/include/interface_practice/interface_practice/msg/rosidl_typesupport_introspection_c__visibility_control.h
[6.147s] -- Up-to-date: /home/knolan/ros-practice/install/interface_practice/include/interface_practice/interface_practice/msg/detail
[6.147s] -- Installing: /home/knolan/ros-practice/install/interface_practice/include/interface_practice/interface_practice/msg/detail/num__type_support.c
[6.147s] -- Installing: /home/knolan/ros-practice/install/interface_practice/include/interface_practice/interface_practice/msg/detail/sphere__rosidl_typesupport_introspection_c.h
[6.147s] -- Installing: /home/knolan/ros-practice/install/interface_practice/include/interface_practice/interface_practice/msg/detail/num__rosidl_typesupport_introspection_c.h
[6.147s] -- Installing: /home/knolan/ros-practice/install/interface_practice/include/interface_practice/interface_practice/msg/detail/sphere__type_support.c
[6.147s] -- Installing: /home/knolan/ros-practice/install/interface_practice/lib/libinterface_practice__rosidl_typesupport_introspection_c.so
[6.147s] -- Set runtime path of "/home/knolan/ros-practice/install/interface_practice/lib/libinterface_practice__rosidl_typesupport_introspection_c.so" to ""
[6.147s] -- Installing: /home/knolan/ros-practice/install/interface_practice/lib/libinterface_practice__rosidl_typesupport_c.so
[6.147s] -- Set runtime path of "/home/knolan/ros-practice/install/interface_practice/lib/libinterface_practice__rosidl_typesupport_c.so" to ""
[6.147s] -- Up-to-date: /home/knolan/ros-practice/install/interface_practice/include/interface_practice/interface_practice
[6.147s] -- Up-to-date: /home/knolan/ros-practice/install/interface_practice/include/interface_practice/interface_practice/srv
[6.147s] -- Up-to-date: /home/knolan/ros-practice/install/interface_practice/include/interface_practice/interface_practice/srv/detail
[6.147s] -- Installing: /home/knolan/ros-practice/install/interface_practice/include/interface_practice/interface_practice/srv/detail/add_three_ints__type_support.cpp
[6.147s] -- Installing: /home/knolan/ros-practice/install/interface_practice/include/interface_practice/interface_practice/srv/detail/add_three_ints__rosidl_typesupport_introspection_cpp.hpp
[6.147s] -- Up-to-date: /home/knolan/ros-practice/install/interface_practice/include/interface_practice/interface_practice/msg
[6.147s] -- Up-to-date: /home/knolan/ros-practice/install/interface_practice/include/interface_practice/interface_practice/msg/detail
[6.147s] -- Installing: /home/knolan/ros-practice/install/interface_practice/include/interface_practice/interface_practice/msg/detail/sphere__type_support.cpp
[6.147s] -- Installing: /home/knolan/ros-practice/install/interface_practice/include/interface_practice/interface_practice/msg/detail/sphere__rosidl_typesupport_introspection_cpp.hpp
[6.147s] -- Installing: /home/knolan/ros-practice/install/interface_practice/include/interface_practice/interface_practice/msg/detail/num__type_support.cpp
[6.147s] -- Installing: /home/knolan/ros-practice/install/interface_practice/include/interface_practice/interface_practice/msg/detail/num__rosidl_typesupport_introspection_cpp.hpp
[6.147s] -- Installing: /home/knolan/ros-practice/install/interface_practice/lib/libinterface_practice__rosidl_typesupport_introspection_cpp.so
[6.147s] -- Set runtime path of "/home/knolan/ros-practice/install/interface_practice/lib/libinterface_practice__rosidl_typesupport_introspection_cpp.so" to ""
[6.147s] -- Installing: /home/knolan/ros-practice/install/interface_practice/lib/libinterface_practice__rosidl_typesupport_cpp.so
[6.147s] -- Set runtime path of "/home/knolan/ros-practice/install/interface_practice/lib/libinterface_practice__rosidl_typesupport_cpp.so" to ""
[6.147s] -- Installing: /home/knolan/ros-practice/install/interface_practice/share/interface_practice/environment/pythonpath.sh
[6.147s] -- Installing: /home/knolan/ros-practice/install/interface_practice/share/interface_practice/environment/pythonpath.dsv
[6.147s] -- Installing: /home/knolan/ros-practice/install/interface_practice/local/lib/python3.10/dist-packages/interface_practice-0.0.0-py3.10.egg-info
[6.147s] -- Installing: /home/knolan/ros-practice/install/interface_practice/local/lib/python3.10/dist-packages/interface_practice-0.0.0-py3.10.egg-info/top_level.txt
[6.147s] -- Installing: /home/knolan/ros-practice/install/interface_practice/local/lib/python3.10/dist-packages/interface_practice-0.0.0-py3.10.egg-info/dependency_links.txt
[6.147s] -- Installing: /home/knolan/ros-practice/install/interface_practice/local/lib/python3.10/dist-packages/interface_practice-0.0.0-py3.10.egg-info/SOURCES.txt
[6.147s] -- Installing: /home/knolan/ros-practice/install/interface_practice/local/lib/python3.10/dist-packages/interface_practice-0.0.0-py3.10.egg-info/PKG-INFO
[6.147s] -- Installing: /home/knolan/ros-practice/install/interface_practice/local/lib/python3.10/dist-packages/interface_practice
[6.148s] -- Installing: /home/knolan/ros-practice/install/interface_practice/local/lib/python3.10/dist-packages/interface_practice/srv
[6.148s] -- Installing: /home/knolan/ros-practice/install/interface_practice/local/lib/python3.10/dist-packages/interface_practice/srv/_add_three_ints_s.c
[6.148s] -- Installing: /home/knolan/ros-practice/install/interface_practice/local/lib/python3.10/dist-packages/interface_practice/srv/_add_three_ints.py
[6.148s] -- Installing: /home/knolan/ros-practice/install/interface_practice/local/lib/python3.10/dist-packages/interface_practice/srv/__init__.py
[6.148s] -- Installing: /home/knolan/ros-practice/install/interface_practice/local/lib/python3.10/dist-packages/interface_practice/interface_practice_s__rosidl_typesupport_introspection_c.cpython-310-x86_64-linux-gnu.so
[6.148s] -- Installing: /home/knolan/ros-practice/install/interface_practice/local/lib/python3.10/dist-packages/interface_practice/_interface_practice_s.ep.rosidl_typesupport_introspection_c.c
[6.148s] -- Installing: /home/knolan/ros-practice/install/interface_practice/local/lib/python3.10/dist-packages/interface_practice/_interface_practice_s.ep.rosidl_typesupport_c.c
[6.148s] -- Installing: /home/knolan/ros-practice/install/interface_practice/local/lib/python3.10/dist-packages/interface_practice/_interface_practice_s.ep.rosidl_typesupport_fastrtps_c.c
[6.148s] -- Installing: /home/knolan/ros-practice/install/interface_practice/local/lib/python3.10/dist-packages/interface_practice/interface_practice_s__rosidl_typesupport_c.cpython-310-x86_64-linux-gnu.so
[6.148s] -- Installing: /home/knolan/ros-practice/install/interface_practice/local/lib/python3.10/dist-packages/interface_practice/interface_practice_s__rosidl_typesupport_fastrtps_c.cpython-310-x86_64-linux-gnu.so
[6.148s] -- Installing: /home/knolan/ros-practice/install/interface_practice/local/lib/python3.10/dist-packages/interface_practice/msg
[6.148s] -- Installing: /home/knolan/ros-practice/install/interface_practice/local/lib/python3.10/dist-packages/interface_practice/msg/_sphere_s.c
[6.148s] -- Installing: /home/knolan/ros-practice/install/interface_practice/local/lib/python3.10/dist-packages/interface_practice/msg/_num.py
[6.148s] -- Installing: /home/knolan/ros-practice/install/interface_practice/local/lib/python3.10/dist-packages/interface_practice/msg/_num_s.c
[6.148s] -- Installing: /home/knolan/ros-practice/install/interface_practice/local/lib/python3.10/dist-packages/interface_practice/msg/__init__.py
[6.148s] -- Installing: /home/knolan/ros-practice/install/interface_practice/local/lib/python3.10/dist-packages/interface_practice/msg/_sphere.py
[6.148s] -- Installing: /home/knolan/ros-practice/install/interface_practice/local/lib/python3.10/dist-packages/interface_practice/__init__.py
[6.148s] -- Installing: /home/knolan/ros-practice/install/interface_practice/local/lib/python3.10/dist-packages/interface_practice/libinterface_practice__rosidl_generator_py.so
[6.174s] Listing '/home/knolan/ros-practice/install/interface_practice/local/lib/python3.10/dist-packages/interface_practice'...
[6.174s] Compiling '/home/knolan/ros-practice/install/interface_practice/local/lib/python3.10/dist-packages/interface_practice/__init__.py'...
[6.174s] Listing '/home/knolan/ros-practice/install/interface_practice/local/lib/python3.10/dist-packages/interface_practice/msg'...
[6.174s] Compiling '/home/knolan/ros-practice/install/interface_practice/local/lib/python3.10/dist-packages/interface_practice/msg/__init__.py'...
[6.174s] Compiling '/home/knolan/ros-practice/install/interface_practice/local/lib/python3.10/dist-packages/interface_practice/msg/_num.py'...
[6.174s] Compiling '/home/knolan/ros-practice/install/interface_practice/local/lib/python3.10/dist-packages/interface_practice/msg/_sphere.py'...
[6.174s] Listing '/home/knolan/ros-practice/install/interface_practice/local/lib/python3.10/dist-packages/interface_practice/srv'...
[6.175s] Compiling '/home/knolan/ros-practice/install/interface_practice/local/lib/python3.10/dist-packages/interface_practice/srv/__init__.py'...
[6.175s] Compiling '/home/knolan/ros-practice/install/interface_practice/local/lib/python3.10/dist-packages/interface_practice/srv/_add_three_ints.py'...
[6.178s] -- Installing: /home/knolan/ros-practice/install/interface_practice/local/lib/python3.10/dist-packages/interface_practice/interface_practice_s__rosidl_typesupport_fastrtps_c.cpython-310-x86_64-linux-gnu.so
[6.178s] -- Set runtime path of "/home/knolan/ros-practice/install/interface_practice/local/lib/python3.10/dist-packages/interface_practice/interface_practice_s__rosidl_typesupport_fastrtps_c.cpython-310-x86_64-linux-gnu.so" to ""
[6.178s] -- Installing: /home/knolan/ros-practice/install/interface_practice/local/lib/python3.10/dist-packages/interface_practice/interface_practice_s__rosidl_typesupport_introspection_c.cpython-310-x86_64-linux-gnu.so
[6.179s] -- Set runtime path of "/home/knolan/ros-practice/install/interface_practice/local/lib/python3.10/dist-packages/interface_practice/interface_practice_s__rosidl_typesupport_introspection_c.cpython-310-x86_64-linux-gnu.so" to ""
[6.179s] -- Installing: /home/knolan/ros-practice/install/interface_practice/local/lib/python3.10/dist-packages/interface_practice/interface_practice_s__rosidl_typesupport_c.cpython-310-x86_64-linux-gnu.so
[6.179s] -- Set runtime path of "/home/knolan/ros-practice/install/interface_practice/local/lib/python3.10/dist-packages/interface_practice/interface_practice_s__rosidl_typesupport_c.cpython-310-x86_64-linux-gnu.so" to ""
[6.179s] -- Installing: /home/knolan/ros-practice/install/interface_practice/lib/libinterface_practice__rosidl_generator_py.so
[6.179s] -- Set runtime path of "/home/knolan/ros-practice/install/interface_practice/lib/libinterface_practice__rosidl_generator_py.so" to ""
[6.179s] -- Installing: /home/knolan/ros-practice/install/interface_practice/share/interface_practice/msg/Num.idl
[6.179s] -- Installing: /home/knolan/ros-practice/install/interface_practice/share/interface_practice/msg/Sphere.idl
[6.179s] -- Installing: /home/knolan/ros-practice/install/interface_practice/share/interface_practice/srv/AddThreeInts.idl
[6.179s] -- Installing: /home/knolan/ros-practice/install/interface_practice/share/interface_practice/msg/Num.msg
[6.179s] -- Installing: /home/knolan/ros-practice/install/interface_practice/share/interface_practice/msg/Sphere.msg
[6.180s] -- Installing: /home/knolan/ros-practice/install/interface_practice/share/interface_practice/srv/AddThreeInts.srv
[6.180s] -- Installing: /home/knolan/ros-practice/install/interface_practice/share/interface_practice/srv/AddThreeInts_Request.msg
[6.180s] -- Installing: /home/knolan/ros-practice/install/interface_practice/share/interface_practice/srv/AddThreeInts_Response.msg
[6.180s] -- Up-to-date: /home/knolan/ros-practice/install/interface_practice/share/ament_index/resource_index/package_run_dependencies/interface_practice
[6.180s] -- Installing: /home/knolan/ros-practice/install/interface_practice/share/ament_index/resource_index/parent_prefix_path/interface_practice
[6.180s] -- Up-to-date: /home/knolan/ros-practice/install/interface_practice/share/interface_practice/environment/ament_prefix_path.sh
[6.181s] -- Installing: /home/knolan/ros-practice/install/interface_practice/share/interface_practice/environment/ament_prefix_path.dsv
[6.181s] -- Up-to-date: /home/knolan/ros-practice/install/interface_practice/share/interface_practice/environment/path.sh
[6.181s] -- Installing: /home/knolan/ros-practice/install/interface_practice/share/interface_practice/environment/path.dsv
[6.181s] -- Up-to-date: /home/knolan/ros-practice/install/interface_practice/share/interface_practice/local_setup.bash
[6.182s] -- Installing: /home/knolan/ros-practice/install/interface_practice/share/interface_practice/local_setup.sh
[6.182s] -- Up-to-date: /home/knolan/ros-practice/install/interface_practice/share/interface_practice/local_setup.zsh
[6.182s] -- Installing: /home/knolan/ros-practice/install/interface_practice/share/interface_practice/local_setup.dsv
[6.182s] -- Installing: /home/knolan/ros-practice/install/interface_practice/share/interface_practice/package.dsv
[6.182s] -- Up-to-date: /home/knolan/ros-practice/install/interface_practice/share/ament_index/resource_index/packages/interface_practice
[6.182s] -- Installing: /home/knolan/ros-practice/install/interface_practice/share/interface_practice/cmake/export_interface_practice__rosidl_generator_cExport.cmake
[6.182s] -- Installing: /home/knolan/ros-practice/install/interface_practice/share/interface_practice/cmake/export_interface_practice__rosidl_generator_cExport-noconfig.cmake
[6.182s] -- Installing: /home/knolan/ros-practice/install/interface_practice/share/interface_practice/cmake/export_interface_practice__rosidl_typesupport_fastrtps_cExport.cmake
[6.183s] -- Installing: /home/knolan/ros-practice/install/interface_practice/share/interface_practice/cmake/export_interface_practice__rosidl_typesupport_fastrtps_cExport-noconfig.cmake
[6.183s] -- Installing: /home/knolan/ros-practice/install/interface_practice/share/interface_practice/cmake/export_interface_practice__rosidl_generator_cppExport.cmake
[6.183s] -- Installing: /home/knolan/ros-practice/install/interface_practice/share/interface_practice/cmake/export_interface_practice__rosidl_typesupport_fastrtps_cppExport.cmake
[6.183s] -- Installing: /home/knolan/ros-practice/install/interface_practice/share/interface_practice/cmake/export_interface_practice__rosidl_typesupport_fastrtps_cppExport-noconfig.cmake
[6.183s] -- Installing: /home/knolan/ros-practice/install/interface_practice/share/interface_practice/cmake/interface_practice__rosidl_typesupport_introspection_cExport.cmake
[6.183s] -- Installing: /home/knolan/ros-practice/install/interface_practice/share/interface_practice/cmake/interface_practice__rosidl_typesupport_introspection_cExport-noconfig.cmake
[6.183s] -- Installing: /home/knolan/ros-practice/install/interface_practice/share/interface_practice/cmake/interface_practice__rosidl_typesupport_cExport.cmake
[6.183s] -- Installing: /home/knolan/ros-practice/install/interface_practice/share/interface_practice/cmake/interface_practice__rosidl_typesupport_cExport-noconfig.cmake
[6.183s] -- Installing: /home/knolan/ros-practice/install/interface_practice/share/interface_practice/cmake/interface_practice__rosidl_typesupport_introspection_cppExport.cmake
[6.183s] -- Installing: /home/knolan/ros-practice/install/interface_practice/share/interface_practice/cmake/interface_practice__rosidl_typesupport_introspection_cppExport-noconfig.cmake
[6.183s] -- Installing: /home/knolan/ros-practice/install/interface_practice/share/interface_practice/cmake/interface_practice__rosidl_typesupport_cppExport.cmake
[6.183s] -- Installing: /home/knolan/ros-practice/install/interface_practice/share/interface_practice/cmake/interface_practice__rosidl_typesupport_cppExport-noconfig.cmake
[6.183s] -- Installing: /home/knolan/ros-practice/install/interface_practice/share/interface_practice/cmake/export_interface_practice__rosidl_generator_pyExport.cmake
[6.183s] -- Installing: /home/knolan/ros-practice/install/interface_practice/share/interface_practice/cmake/export_interface_practice__rosidl_generator_pyExport-noconfig.cmake
[6.183s] -- Installing: /home/knolan/ros-practice/install/interface_practice/share/interface_practice/cmake/rosidl_cmake-extras.cmake
[6.183s] -- Installing: /home/knolan/ros-practice/install/interface_practice/share/interface_practice/cmake/ament_cmake_export_dependencies-extras.cmake
[6.183s] -- Installing: /home/knolan/ros-practice/install/interface_practice/share/interface_practice/cmake/ament_cmake_export_include_directories-extras.cmake
[6.183s] -- Installing: /home/knolan/ros-practice/install/interface_practice/share/interface_practice/cmake/ament_cmake_export_libraries-extras.cmake
[6.183s] -- Installing: /home/knolan/ros-practice/install/interface_practice/share/interface_practice/cmake/ament_cmake_export_targets-extras.cmake
[6.183s] -- Installing: /home/knolan/ros-practice/install/interface_practice/share/interface_practice/cmake/rosidl_cmake_export_typesupport_targets-extras.cmake
[6.183s] -- Installing: /home/knolan/ros-practice/install/interface_practice/share/interface_practice/cmake/rosidl_cmake_export_typesupport_libraries-extras.cmake
[6.183s] -- Installing: /home/knolan/ros-practice/install/interface_practice/share/interface_practice/cmake/interface_practiceConfig.cmake
[6.183s] -- Up-to-date: /home/knolan/ros-practice/install/interface_practice/share/interface_practice/cmake/interface_practiceConfig-version.cmake
[6.183s] -- Up-to-date: /home/knolan/ros-practice/install/interface_practice/share/interface_practice/package.xml
[6.185s] Invoked command in '/home/knolan/ros-practice/build/interface_practice' returned '0': CMAKE_PREFIX_PATH=${CMAKE_PREFIX_PATH}:/opt/ros/humble /usr/bin/cmake --install /home/knolan/ros-practice/build/interface_practice
