[0.461s] DEBUG:colcon:Command line arguments: ['/usr/bin/colcon', 'build', '--packages-select', 'cpp_parameters']
[0.461s] DEBUG:colcon:Parsed command line arguments: Namespace(log_base=None, log_level=None, verb_name='build', build_base='build', install_base='install', merge_install=False, symlink_install=False, test_result_base=None, continue_on_error=False, executor='parallel', parallel_workers=12, event_handlers=None, ignore_user_meta=False, metas=['./colcon.meta'], base_paths=['.'], packages_ignore=None, packages_ignore_regex=None, paths=None, packages_up_to=None, packages_up_to_regex=None, packages_above=None, packages_above_and_dependencies=None, packages_above_depth=None, packages_select_by_dep=None, packages_skip_by_dep=None, packages_skip_up_to=None, packages_select_build_failed=False, packages_skip_build_finished=False, packages_select_test_failures=False, packages_skip_test_passed=False, packages_select=['cpp_parameters'], packages_skip=None, packages_select_regex=None, packages_skip_regex=None, packages_start=None, packages_end=None, allow_overriding=[], cmake_args=None, cmake_target=None, cmake_target_skip_unavailable=False, cmake_clean_cache=False, cmake_clean_first=False, cmake_force_configure=False, ament_cmake_args=None, catkin_cmake_args=None, catkin_skip_building_tests=False, mixin_files=None, mixin=None, verb_parser=<colcon_mixin.mixin.mixin_argument.MixinArgumentDecorator object at 0x7f2d19ae9cf0>, verb_extension=<colcon_core.verb.build.BuildVerb object at 0x7f2d19ae9480>, main=<bound method BuildVerb.main of <colcon_core.verb.build.BuildVerb object at 0x7f2d19ae9480>>, mixin_verb=('build',))
[0.714s] Level 1:colcon.colcon_core.package_discovery:discover_packages(colcon_meta) check parameters
[0.714s] Level 1:colcon.colcon_core.package_discovery:discover_packages(recursive) check parameters
[0.714s] Level 1:colcon.colcon_core.package_discovery:discover_packages(ignore) check parameters
[0.714s] Level 1:colcon.colcon_core.package_discovery:discover_packages(path) check parameters
[0.714s] Level 1:colcon.colcon_core.package_discovery:discover_packages(colcon_meta) discover
[0.714s] Level 1:colcon.colcon_core.package_discovery:discover_packages(recursive) discover
[0.714s] INFO:colcon.colcon_core.package_discovery:Crawling recursively for packages in '/home/knolan/ros-practice'
[0.715s] Level 1:colcon.colcon_core.package_identification:_identify(.) by extensions ['ignore', 'ignore_ament_install']
[0.715s] Level 1:colcon.colcon_core.package_identification:_identify(.) by extension 'ignore'
[0.715s] Level 1:colcon.colcon_core.package_identification:_identify(.) by extension 'ignore_ament_install'
[0.715s] Level 1:colcon.colcon_core.package_identification:_identify(.) by extensions ['colcon_pkg']
[0.715s] Level 1:colcon.colcon_core.package_identification:_identify(.) by extension 'colcon_pkg'
[0.715s] Level 1:colcon.colcon_core.package_identification:_identify(.) by extensions ['colcon_meta']
[0.715s] Level 1:colcon.colcon_core.package_identification:_identify(.) by extension 'colcon_meta'
[0.715s] Level 1:colcon.colcon_core.package_identification:_identify(.) by extensions ['ros']
[0.715s] Level 1:colcon.colcon_core.package_identification:_identify(.) by extension 'ros'
[0.722s] Level 1:colcon.colcon_core.package_identification:_identify(.) by extensions ['cmake', 'python']
[0.722s] Level 1:colcon.colcon_core.package_identification:_identify(.) by extension 'cmake'
[0.722s] Level 1:colcon.colcon_core.package_identification:_identify(.) by extension 'python'
[0.722s] Level 1:colcon.colcon_core.package_identification:_identify(.) by extensions ['python_setup_py']
[0.722s] Level 1:colcon.colcon_core.package_identification:_identify(.) by extension 'python_setup_py'
[0.723s] Level 1:colcon.colcon_core.package_identification:_identify(build) by extensions ['ignore', 'ignore_ament_install']
[0.723s] Level 1:colcon.colcon_core.package_identification:_identify(build) by extension 'ignore'
[0.723s] Level 1:colcon.colcon_core.package_identification:_identify(build) ignored
[0.723s] Level 1:colcon.colcon_core.package_identification:_identify(install) by extensions ['ignore', 'ignore_ament_install']
[0.723s] Level 1:colcon.colcon_core.package_identification:_identify(install) by extension 'ignore'
[0.723s] Level 1:colcon.colcon_core.package_identification:_identify(install) ignored
[0.723s] Level 1:colcon.colcon_core.package_identification:_identify(log) by extensions ['ignore', 'ignore_ament_install']
[0.724s] Level 1:colcon.colcon_core.package_identification:_identify(log) by extension 'ignore'
[0.724s] Level 1:colcon.colcon_core.package_identification:_identify(log) ignored
[0.724s] Level 1:colcon.colcon_core.package_identification:_identify(src) by extensions ['ignore', 'ignore_ament_install']
[0.724s] Level 1:colcon.colcon_core.package_identification:_identify(src) by extension 'ignore'
[0.724s] Level 1:colcon.colcon_core.package_identification:_identify(src) by extension 'ignore_ament_install'
[0.724s] Level 1:colcon.colcon_core.package_identification:_identify(src) by extensions ['colcon_pkg']
[0.724s] Level 1:colcon.colcon_core.package_identification:_identify(src) by extension 'colcon_pkg'
[0.724s] Level 1:colcon.colcon_core.package_identification:_identify(src) by extensions ['colcon_meta']
[0.724s] Level 1:colcon.colcon_core.package_identification:_identify(src) by extension 'colcon_meta'
[0.724s] Level 1:colcon.colcon_core.package_identification:_identify(src) by extensions ['ros']
[0.724s] Level 1:colcon.colcon_core.package_identification:_identify(src) by extension 'ros'
[0.724s] Level 1:colcon.colcon_core.package_identification:_identify(src) by extensions ['cmake', 'python']
[0.724s] Level 1:colcon.colcon_core.package_identification:_identify(src) by extension 'cmake'
[0.724s] Level 1:colcon.colcon_core.package_identification:_identify(src) by extension 'python'
[0.724s] Level 1:colcon.colcon_core.package_identification:_identify(src) by extensions ['python_setup_py']
[0.724s] Level 1:colcon.colcon_core.package_identification:_identify(src) by extension 'python_setup_py'
[0.724s] Level 1:colcon.colcon_core.package_identification:_identify(src/cpp_parameters) by extensions ['ignore', 'ignore_ament_install']
[0.724s] Level 1:colcon.colcon_core.package_identification:_identify(src/cpp_parameters) by extension 'ignore'
[0.724s] Level 1:colcon.colcon_core.package_identification:_identify(src/cpp_parameters) by extension 'ignore_ament_install'
[0.724s] Level 1:colcon.colcon_core.package_identification:_identify(src/cpp_parameters) by extensions ['colcon_pkg']
[0.724s] Level 1:colcon.colcon_core.package_identification:_identify(src/cpp_parameters) by extension 'colcon_pkg'
[0.724s] Level 1:colcon.colcon_core.package_identification:_identify(src/cpp_parameters) by extensions ['colcon_meta']
[0.724s] Level 1:colcon.colcon_core.package_identification:_identify(src/cpp_parameters) by extension 'colcon_meta'
[0.724s] Level 1:colcon.colcon_core.package_identification:_identify(src/cpp_parameters) by extensions ['ros']
[0.724s] Level 1:colcon.colcon_core.package_identification:_identify(src/cpp_parameters) by extension 'ros'
[0.726s] DEBUG:colcon.colcon_core.package_identification:Package 'src/cpp_parameters' with type 'ros.ament_cmake' and name 'cpp_parameters'
[0.726s] Level 1:colcon.colcon_core.package_identification:_identify(src/interface_practice) by extensions ['ignore', 'ignore_ament_install']
[0.726s] Level 1:colcon.colcon_core.package_identification:_identify(src/interface_practice) by extension 'ignore'
[0.726s] Level 1:colcon.colcon_core.package_identification:_identify(src/interface_practice) by extension 'ignore_ament_install'
[0.726s] Level 1:colcon.colcon_core.package_identification:_identify(src/interface_practice) by extensions ['colcon_pkg']
[0.726s] Level 1:colcon.colcon_core.package_identification:_identify(src/interface_practice) by extension 'colcon_pkg'
[0.726s] Level 1:colcon.colcon_core.package_identification:_identify(src/interface_practice) by extensions ['colcon_meta']
[0.726s] Level 1:colcon.colcon_core.package_identification:_identify(src/interface_practice) by extension 'colcon_meta'
[0.726s] Level 1:colcon.colcon_core.package_identification:_identify(src/interface_practice) by extensions ['ros']
[0.726s] Level 1:colcon.colcon_core.package_identification:_identify(src/interface_practice) by extension 'ros'
[0.727s] DEBUG:colcon.colcon_core.package_identification:Package 'src/interface_practice' with type 'ros.ament_cmake' and name 'interface_practice'
[0.727s] Level 1:colcon.colcon_core.package_identification:_identify(src/my_package) by extensions ['ignore', 'ignore_ament_install']
[0.727s] Level 1:colcon.colcon_core.package_identification:_identify(src/my_package) by extension 'ignore'
[0.727s] Level 1:colcon.colcon_core.package_identification:_identify(src/my_package) by extension 'ignore_ament_install'
[0.727s] Level 1:colcon.colcon_core.package_identification:_identify(src/my_package) by extensions ['colcon_pkg']
[0.727s] Level 1:colcon.colcon_core.package_identification:_identify(src/my_package) by extension 'colcon_pkg'
[0.727s] Level 1:colcon.colcon_core.package_identification:_identify(src/my_package) by extensions ['colcon_meta']
[0.727s] Level 1:colcon.colcon_core.package_identification:_identify(src/my_package) by extension 'colcon_meta'
[0.727s] Level 1:colcon.colcon_core.package_identification:_identify(src/my_package) by extensions ['ros']
[0.727s] Level 1:colcon.colcon_core.package_identification:_identify(src/my_package) by extension 'ros'
[0.727s] DEBUG:colcon.colcon_core.package_identification:Package 'src/my_package' with type 'ros.ament_cmake' and name 'my_package'
[0.728s] Level 1:colcon.colcon_core.package_identification:_identify(src/my_service) by extensions ['ignore', 'ignore_ament_install']
[0.728s] Level 1:colcon.colcon_core.package_identification:_identify(src/my_service) by extension 'ignore'
[0.728s] Level 1:colcon.colcon_core.package_identification:_identify(src/my_service) by extension 'ignore_ament_install'
[0.728s] Level 1:colcon.colcon_core.package_identification:_identify(src/my_service) by extensions ['colcon_pkg']
[0.728s] Level 1:colcon.colcon_core.package_identification:_identify(src/my_service) by extension 'colcon_pkg'
[0.728s] Level 1:colcon.colcon_core.package_identification:_identify(src/my_service) by extensions ['colcon_meta']
[0.728s] Level 1:colcon.colcon_core.package_identification:_identify(src/my_service) by extension 'colcon_meta'
[0.728s] Level 1:colcon.colcon_core.package_identification:_identify(src/my_service) by extensions ['ros']
[0.728s] Level 1:colcon.colcon_core.package_identification:_identify(src/my_service) by extension 'ros'
[0.728s] DEBUG:colcon.colcon_core.package_identification:Package 'src/my_service' with type 'ros.ament_cmake' and name 'my_service'
[0.728s] Level 1:colcon.colcon_core.package_identification:_identify(src/ros_tutorials) by extensions ['ignore', 'ignore_ament_install']
[0.728s] Level 1:colcon.colcon_core.package_identification:_identify(src/ros_tutorials) by extension 'ignore'
[0.728s] Level 1:colcon.colcon_core.package_identification:_identify(src/ros_tutorials) by extension 'ignore_ament_install'
[0.728s] Level 1:colcon.colcon_core.package_identification:_identify(src/ros_tutorials) by extensions ['colcon_pkg']
[0.728s] Level 1:colcon.colcon_core.package_identification:_identify(src/ros_tutorials) by extension 'colcon_pkg'
[0.728s] Level 1:colcon.colcon_core.package_identification:_identify(src/ros_tutorials) by extensions ['colcon_meta']
[0.728s] Level 1:colcon.colcon_core.package_identification:_identify(src/ros_tutorials) by extension 'colcon_meta'
[0.728s] Level 1:colcon.colcon_core.package_identification:_identify(src/ros_tutorials) by extensions ['ros']
[0.728s] Level 1:colcon.colcon_core.package_identification:_identify(src/ros_tutorials) by extension 'ros'
[0.729s] Level 1:colcon.colcon_core.package_identification:_identify(src/ros_tutorials) by extensions ['cmake', 'python']
[0.729s] Level 1:colcon.colcon_core.package_identification:_identify(src/ros_tutorials) by extension 'cmake'
[0.729s] Level 1:colcon.colcon_core.package_identification:_identify(src/ros_tutorials) by extension 'python'
[0.729s] Level 1:colcon.colcon_core.package_identification:_identify(src/ros_tutorials) by extensions ['python_setup_py']
[0.729s] Level 1:colcon.colcon_core.package_identification:_identify(src/ros_tutorials) by extension 'python_setup_py'
[0.729s] Level 1:colcon.colcon_core.package_discovery:discover_packages(recursive) using defaults
[0.729s] Level 1:colcon.colcon_core.package_discovery:discover_packages(ignore) discover
[0.729s] Level 1:colcon.colcon_core.package_discovery:discover_packages(ignore) using defaults
[0.729s] Level 1:colcon.colcon_core.package_discovery:discover_packages(path) discover
[0.729s] Level 1:colcon.colcon_core.package_discovery:discover_packages(path) using defaults
[0.771s] INFO:colcon.colcon_core.package_selection:Skipping not selected package 'interface_practice' in 'src/interface_practice'
[0.771s] INFO:colcon.colcon_core.package_selection:Skipping not selected package 'my_service' in 'src/my_service'
[0.771s] INFO:colcon.colcon_core.package_selection:Skipping not selected package 'my_package' in 'src/my_package'
[0.772s] Level 1:colcon.colcon_core.package_discovery:discover_packages(prefix_path) check parameters
[0.772s] Level 1:colcon.colcon_core.package_discovery:discover_packages(prefix_path) discover
[0.775s] WARNING:colcon.colcon_core.prefix_path.colcon:The path '/home/knolan/ros2_ws2/install' in the environment variable COLCON_PREFIX_PATH doesn't exist
[0.777s] WARNING:colcon.colcon_ros.prefix_path.ament:The path '/home/knolan/ros2_ws2/install/turtlesim' in the environment variable AMENT_PREFIX_PATH doesn't exist
[0.777s] WARNING:colcon.colcon_ros.prefix_path.ament:The path '/home/knolan/ros2_ws2/install/my_package' in the environment variable AMENT_PREFIX_PATH doesn't exist
[0.778s] WARNING:colcon.colcon_ros.prefix_path.catkin:The path '/home/knolan/ros2_ws2/install/turtlesim' in the environment variable CMAKE_PREFIX_PATH doesn't exist
[0.778s] WARNING:colcon.colcon_ros.prefix_path.catkin:The path '/home/knolan/ros2_ws2/install/my_package' in the environment variable CMAKE_PREFIX_PATH doesn't exist
[0.780s] DEBUG:colcon.colcon_installed_package_information.package_discovery:Found 4 installed packages in /home/knolan/ros-practice/install
[0.781s] DEBUG:colcon.colcon_installed_package_information.package_discovery:Found 295 installed packages in /opt/ros/humble
[0.782s] Level 1:colcon.colcon_core.package_discovery:discover_packages(prefix_path) using defaults
[0.857s] Level 5:colcon.colcon_core.verb:set package 'cpp_parameters' build argument 'cmake_args' from command line to 'None'
[0.857s] Level 5:colcon.colcon_core.verb:set package 'cpp_parameters' build argument 'cmake_target' from command line to 'None'
[0.857s] Level 5:colcon.colcon_core.verb:set package 'cpp_parameters' build argument 'cmake_target_skip_unavailable' from command line to 'False'
[0.857s] Level 5:colcon.colcon_core.verb:set package 'cpp_parameters' build argument 'cmake_clean_cache' from command line to 'False'
[0.857s] Level 5:colcon.colcon_core.verb:set package 'cpp_parameters' build argument 'cmake_clean_first' from command line to 'False'
[0.857s] Level 5:colcon.colcon_core.verb:set package 'cpp_parameters' build argument 'cmake_force_configure' from command line to 'False'
[0.857s] Level 5:colcon.colcon_core.verb:set package 'cpp_parameters' build argument 'ament_cmake_args' from command line to 'None'
[0.857s] Level 5:colcon.colcon_core.verb:set package 'cpp_parameters' build argument 'catkin_cmake_args' from command line to 'None'
[0.857s] Level 5:colcon.colcon_core.verb:set package 'cpp_parameters' build argument 'catkin_skip_building_tests' from command line to 'False'
[0.857s] DEBUG:colcon.colcon_core.verb:Building package 'cpp_parameters' with the following arguments: {'ament_cmake_args': None, 'build_base': '/home/knolan/ros-practice/build/cpp_parameters', 'catkin_cmake_args': None, 'catkin_skip_building_tests': False, 'cmake_args': None, 'cmake_clean_cache': False, 'cmake_clean_first': False, 'cmake_force_configure': False, 'cmake_target': None, 'cmake_target_skip_unavailable': False, 'install_base': '/home/knolan/ros-practice/install/cpp_parameters', 'merge_install': False, 'path': '/home/knolan/ros-practice/src/cpp_parameters', 'symlink_install': False, 'test_result_base': None}
[0.857s] INFO:colcon.colcon_core.executor:Executing jobs using 'parallel' executor
[0.858s] DEBUG:colcon.colcon_parallel_executor.executor.parallel:run_until_complete
[0.858s] INFO:colcon.colcon_ros.task.ament_cmake.build:Building ROS package in '/home/knolan/ros-practice/src/cpp_parameters' with build type 'ament_cmake'
[0.859s] INFO:colcon.colcon_cmake.task.cmake.build:Building CMake package in '/home/knolan/ros-practice/src/cpp_parameters'
[0.864s] INFO:colcon.colcon_core.plugin_system:Skipping extension 'colcon_core.shell.bat': Not used on non-Windows systems
[0.864s] INFO:colcon.colcon_core.shell:Skip shell extension 'powershell' for command environment: Not usable outside of PowerShell
[0.864s] DEBUG:colcon.colcon_core.shell:Skip shell extension 'dsv' for command environment
[0.874s] DEBUG:colcon.colcon_core.event_handler.log_command:Invoking command in '/home/knolan/ros-practice/build/cpp_parameters': CMAKE_PREFIX_PATH=${CMAKE_PREFIX_PATH}:/opt/ros/humble /usr/bin/cmake /home/knolan/ros-practice/src/cpp_parameters -DCMAKE_INSTALL_PREFIX=/home/knolan/ros-practice/install/cpp_parameters
[25.705s] DEBUG:colcon.colcon_core.event_handler.log_command:Invoked command in '/home/knolan/ros-practice/build/cpp_parameters' returned '0': CMAKE_PREFIX_PATH=${CMAKE_PREFIX_PATH}:/opt/ros/humble /usr/bin/cmake /home/knolan/ros-practice/src/cpp_parameters -DCMAKE_INSTALL_PREFIX=/home/knolan/ros-practice/install/cpp_parameters
[25.707s] DEBUG:colcon.colcon_core.event_handler.log_command:Invoking command in '/home/knolan/ros-practice/build/cpp_parameters': CMAKE_PREFIX_PATH=${CMAKE_PREFIX_PATH}:/opt/ros/humble /usr/bin/cmake --build /home/knolan/ros-practice/build/cpp_parameters -- -j12 -l12
[28.425s] DEBUG:colcon.colcon_core.event_handler.log_command:Invoked command in '/home/knolan/ros-practice/build/cpp_parameters' returned '0': CMAKE_PREFIX_PATH=${CMAKE_PREFIX_PATH}:/opt/ros/humble /usr/bin/cmake --build /home/knolan/ros-practice/build/cpp_parameters -- -j12 -l12
[28.430s] DEBUG:colcon.colcon_core.event_handler.log_command:Invoking command in '/home/knolan/ros-practice/build/cpp_parameters': CMAKE_PREFIX_PATH=${CMAKE_PREFIX_PATH}:/opt/ros/humble /usr/bin/cmake --install /home/knolan/ros-practice/build/cpp_parameters
[28.441s] Level 1:colcon.colcon_core.environment:create_environment_scripts_only(cpp_parameters)
[28.442s] DEBUG:colcon.colcon_core.event_handler.log_command:Invoked command in '/home/knolan/ros-practice/build/cpp_parameters' returned '0': CMAKE_PREFIX_PATH=${CMAKE_PREFIX_PATH}:/opt/ros/humble /usr/bin/cmake --install /home/knolan/ros-practice/build/cpp_parameters
[28.448s] Level 1:colcon.colcon_core.environment:checking '/home/knolan/ros-practice/install/cpp_parameters' for CMake module files
[28.448s] Level 1:colcon.colcon_core.environment:checking '/home/knolan/ros-practice/install/cpp_parameters' for CMake config files
[28.449s] Level 1:colcon.colcon_core.shell:create_environment_hook('cpp_parameters', 'cmake_prefix_path')
[28.449s] INFO:colcon.colcon_core.shell:Creating environment hook '/home/knolan/ros-practice/install/cpp_parameters/share/cpp_parameters/hook/cmake_prefix_path.ps1'
[28.450s] INFO:colcon.colcon_core.shell:Creating environment descriptor '/home/knolan/ros-practice/install/cpp_parameters/share/cpp_parameters/hook/cmake_prefix_path.dsv'
[28.450s] INFO:colcon.colcon_core.shell:Creating environment hook '/home/knolan/ros-practice/install/cpp_parameters/share/cpp_parameters/hook/cmake_prefix_path.sh'
[28.451s] Level 1:colcon.colcon_core.environment:checking '/home/knolan/ros-practice/install/cpp_parameters/lib'
[28.451s] Level 1:colcon.colcon_core.environment:checking '/home/knolan/ros-practice/install/cpp_parameters/bin'
[28.452s] Level 1:colcon.colcon_core.environment:checking '/home/knolan/ros-practice/install/cpp_parameters/lib/pkgconfig/cpp_parameters.pc'
[28.452s] Level 1:colcon.colcon_core.environment:checking '/home/knolan/ros-practice/install/cpp_parameters/lib/python3.10/site-packages'
[28.452s] Level 1:colcon.colcon_core.environment:checking '/home/knolan/ros-practice/install/cpp_parameters/bin'
[28.452s] INFO:colcon.colcon_core.shell:Creating package script '/home/knolan/ros-practice/install/cpp_parameters/share/cpp_parameters/package.ps1'
[28.453s] INFO:colcon.colcon_core.shell:Creating package descriptor '/home/knolan/ros-practice/install/cpp_parameters/share/cpp_parameters/package.dsv'
[28.453s] INFO:colcon.colcon_core.shell:Creating package script '/home/knolan/ros-practice/install/cpp_parameters/share/cpp_parameters/package.sh'
[28.454s] INFO:colcon.colcon_core.shell:Creating package script '/home/knolan/ros-practice/install/cpp_parameters/share/cpp_parameters/package.bash'
[28.455s] INFO:colcon.colcon_core.shell:Creating package script '/home/knolan/ros-practice/install/cpp_parameters/share/cpp_parameters/package.zsh'
[28.456s] Level 1:colcon.colcon_core.environment:create_file_with_runtime_dependencies(/home/knolan/ros-practice/install/cpp_parameters/share/colcon-core/packages/cpp_parameters)
[28.456s] Level 1:colcon.colcon_core.environment:create_environment_scripts_only(cpp_parameters)
[28.456s] Level 1:colcon.colcon_core.environment:checking '/home/knolan/ros-practice/install/cpp_parameters' for CMake module files
[28.456s] Level 1:colcon.colcon_core.environment:checking '/home/knolan/ros-practice/install/cpp_parameters' for CMake config files
[28.457s] Level 1:colcon.colcon_core.shell:create_environment_hook('cpp_parameters', 'cmake_prefix_path')
[28.457s] INFO:colcon.colcon_core.shell:Creating environment hook '/home/knolan/ros-practice/install/cpp_parameters/share/cpp_parameters/hook/cmake_prefix_path.ps1'
[28.457s] INFO:colcon.colcon_core.shell:Creating environment descriptor '/home/knolan/ros-practice/install/cpp_parameters/share/cpp_parameters/hook/cmake_prefix_path.dsv'
[28.457s] INFO:colcon.colcon_core.shell:Creating environment hook '/home/knolan/ros-practice/install/cpp_parameters/share/cpp_parameters/hook/cmake_prefix_path.sh'
[28.457s] Level 1:colcon.colcon_core.environment:checking '/home/knolan/ros-practice/install/cpp_parameters/lib'
[28.458s] Level 1:colcon.colcon_core.environment:checking '/home/knolan/ros-practice/install/cpp_parameters/bin'
[28.458s] Level 1:colcon.colcon_core.environment:checking '/home/knolan/ros-practice/install/cpp_parameters/lib/pkgconfig/cpp_parameters.pc'
[28.458s] Level 1:colcon.colcon_core.environment:checking '/home/knolan/ros-practice/install/cpp_parameters/lib/python3.10/site-packages'
[28.458s] Level 1:colcon.colcon_core.environment:checking '/home/knolan/ros-practice/install/cpp_parameters/bin'
[28.458s] INFO:colcon.colcon_core.shell:Creating package script '/home/knolan/ros-practice/install/cpp_parameters/share/cpp_parameters/package.ps1'
[28.458s] INFO:colcon.colcon_core.shell:Creating package descriptor '/home/knolan/ros-practice/install/cpp_parameters/share/cpp_parameters/package.dsv'
[28.459s] INFO:colcon.colcon_core.shell:Creating package script '/home/knolan/ros-practice/install/cpp_parameters/share/cpp_parameters/package.sh'
[28.459s] INFO:colcon.colcon_core.shell:Creating package script '/home/knolan/ros-practice/install/cpp_parameters/share/cpp_parameters/package.bash'
[28.459s] INFO:colcon.colcon_core.shell:Creating package script '/home/knolan/ros-practice/install/cpp_parameters/share/cpp_parameters/package.zsh'
[28.459s] Level 1:colcon.colcon_core.environment:create_file_with_runtime_dependencies(/home/knolan/ros-practice/install/cpp_parameters/share/colcon-core/packages/cpp_parameters)
[28.460s] DEBUG:colcon.colcon_parallel_executor.executor.parallel:closing loop
[28.460s] DEBUG:colcon.colcon_parallel_executor.executor.parallel:loop closed
[28.461s] DEBUG:colcon.colcon_parallel_executor.executor.parallel:run_until_complete finished with '0'
[28.461s] DEBUG:colcon.colcon_core.event_reactor:joining thread
[28.621s] INFO:colcon.colcon_core.plugin_system:Skipping extension 'colcon_notification.desktop_notification.notify_send': Could not find 'notify-send'
[28.621s] INFO:colcon.colcon_core.plugin_system:Skipping extension 'colcon_notification.desktop_notification.terminal_notifier': Not used on non-Darwin systems
[28.621s] INFO:colcon.colcon_core.plugin_system:Skipping extension 'colcon_notification.desktop_notification.win32': Not used on non-Windows systems
[28.621s] INFO:colcon.colcon_notification.desktop_notification:Sending desktop notification using 'notify2'
[28.621s] DEBUG:colcon.colcon_notification.desktop_notification.notify2:Failed to initialize notify2: org.freedesktop.DBus.Error.FileNotFound: Failed to connect to socket /run/user/1000/bus: No such file or directory
[28.622s] DEBUG:colcon.colcon_core.event_reactor:joined thread
[28.622s] INFO:colcon.colcon_core.shell:Creating prefix script '/home/knolan/ros-practice/install/local_setup.ps1'
[28.624s] INFO:colcon.colcon_core.shell:Creating prefix util module '/home/knolan/ros-practice/install/_local_setup_util_ps1.py'
[28.626s] INFO:colcon.colcon_core.shell:Creating prefix chain script '/home/knolan/ros-practice/install/setup.ps1'
[28.627s] INFO:colcon.colcon_core.shell:Creating prefix script '/home/knolan/ros-practice/install/local_setup.sh'
[28.628s] INFO:colcon.colcon_core.shell:Creating prefix util module '/home/knolan/ros-practice/install/_local_setup_util_sh.py'
[28.628s] INFO:colcon.colcon_core.shell:Creating prefix chain script '/home/knolan/ros-practice/install/setup.sh'
[28.629s] INFO:colcon.colcon_core.shell:Creating prefix script '/home/knolan/ros-practice/install/local_setup.bash'
[28.630s] INFO:colcon.colcon_core.shell:Creating prefix chain script '/home/knolan/ros-practice/install/setup.bash'
[28.631s] INFO:colcon.colcon_core.shell:Creating prefix script '/home/knolan/ros-practice/install/local_setup.zsh'
[28.631s] INFO:colcon.colcon_core.shell:Creating prefix chain script '/home/knolan/ros-practice/install/setup.zsh'
