[0.484s] DEBUG:colcon:Command line arguments: ['/usr/bin/colcon', 'build', '--packages-select', 'interface_practice']
[0.484s] DEBUG:colcon:Parsed command line arguments: Namespace(log_base=None, log_level=None, verb_name='build', build_base='build', install_base='install', merge_install=False, symlink_install=False, test_result_base=None, continue_on_error=False, executor='parallel', parallel_workers=12, event_handlers=None, ignore_user_meta=False, metas=['./colcon.meta'], base_paths=['.'], packages_ignore=None, packages_ignore_regex=None, paths=None, packages_up_to=None, packages_up_to_regex=None, packages_above=None, packages_above_and_dependencies=None, packages_above_depth=None, packages_select_by_dep=None, packages_skip_by_dep=None, packages_skip_up_to=None, packages_select_build_failed=False, packages_skip_build_finished=False, packages_select_test_failures=False, packages_skip_test_passed=False, packages_select=['interface_practice'], packages_skip=None, packages_select_regex=None, packages_skip_regex=None, packages_start=None, packages_end=None, allow_overriding=[], cmake_args=None, cmake_target=None, cmake_target_skip_unavailable=False, cmake_clean_cache=False, cmake_clean_first=False, cmake_force_configure=False, ament_cmake_args=None, catkin_cmake_args=None, catkin_skip_building_tests=False, mixin_files=None, mixin=None, verb_parser=<colcon_mixin.mixin.mixin_argument.MixinArgumentDecorator object at 0x7f85d78cd930>, verb_extension=<colcon_core.verb.build.BuildVerb object at 0x7f85d78cd0c0>, main=<bound method BuildVerb.main of <colcon_core.verb.build.BuildVerb object at 0x7f85d78cd0c0>>, mixin_verb=('build',))
[0.751s] Level 1:colcon.colcon_core.package_discovery:discover_packages(colcon_meta) check parameters
[0.751s] Level 1:colcon.colcon_core.package_discovery:discover_packages(recursive) check parameters
[0.751s] Level 1:colcon.colcon_core.package_discovery:discover_packages(ignore) check parameters
[0.751s] Level 1:colcon.colcon_core.package_discovery:discover_packages(path) check parameters
[0.751s] Level 1:colcon.colcon_core.package_discovery:discover_packages(colcon_meta) discover
[0.751s] Level 1:colcon.colcon_core.package_discovery:discover_packages(recursive) discover
[0.751s] INFO:colcon.colcon_core.package_discovery:Crawling recursively for packages in '/home/knolan/ros-practice'
[0.751s] Level 1:colcon.colcon_core.package_identification:_identify(.) by extensions ['ignore', 'ignore_ament_install']
[0.751s] Level 1:colcon.colcon_core.package_identification:_identify(.) by extension 'ignore'
[0.751s] Level 1:colcon.colcon_core.package_identification:_identify(.) by extension 'ignore_ament_install'
[0.751s] Level 1:colcon.colcon_core.package_identification:_identify(.) by extensions ['colcon_pkg']
[0.751s] Level 1:colcon.colcon_core.package_identification:_identify(.) by extension 'colcon_pkg'
[0.751s] Level 1:colcon.colcon_core.package_identification:_identify(.) by extensions ['colcon_meta']
[0.751s] Level 1:colcon.colcon_core.package_identification:_identify(.) by extension 'colcon_meta'
[0.751s] Level 1:colcon.colcon_core.package_identification:_identify(.) by extensions ['ros']
[0.751s] Level 1:colcon.colcon_core.package_identification:_identify(.) by extension 'ros'
[0.764s] Level 1:colcon.colcon_core.package_identification:_identify(.) by extensions ['cmake', 'python']
[0.764s] Level 1:colcon.colcon_core.package_identification:_identify(.) by extension 'cmake'
[0.764s] Level 1:colcon.colcon_core.package_identification:_identify(.) by extension 'python'
[0.764s] Level 1:colcon.colcon_core.package_identification:_identify(.) by extensions ['python_setup_py']
[0.764s] Level 1:colcon.colcon_core.package_identification:_identify(.) by extension 'python_setup_py'
[0.764s] Level 1:colcon.colcon_core.package_identification:_identify(build) by extensions ['ignore', 'ignore_ament_install']
[0.764s] Level 1:colcon.colcon_core.package_identification:_identify(build) by extension 'ignore'
[0.764s] Level 1:colcon.colcon_core.package_identification:_identify(build) ignored
[0.764s] Level 1:colcon.colcon_core.package_identification:_identify(install) by extensions ['ignore', 'ignore_ament_install']
[0.764s] Level 1:colcon.colcon_core.package_identification:_identify(install) by extension 'ignore'
[0.765s] Level 1:colcon.colcon_core.package_identification:_identify(install) ignored
[0.765s] Level 1:colcon.colcon_core.package_identification:_identify(log) by extensions ['ignore', 'ignore_ament_install']
[0.765s] Level 1:colcon.colcon_core.package_identification:_identify(log) by extension 'ignore'
[0.765s] Level 1:colcon.colcon_core.package_identification:_identify(log) ignored
[0.765s] Level 1:colcon.colcon_core.package_identification:_identify(src) by extensions ['ignore', 'ignore_ament_install']
[0.765s] Level 1:colcon.colcon_core.package_identification:_identify(src) by extension 'ignore'
[0.765s] Level 1:colcon.colcon_core.package_identification:_identify(src) by extension 'ignore_ament_install'
[0.765s] Level 1:colcon.colcon_core.package_identification:_identify(src) by extensions ['colcon_pkg']
[0.765s] Level 1:colcon.colcon_core.package_identification:_identify(src) by extension 'colcon_pkg'
[0.765s] Level 1:colcon.colcon_core.package_identification:_identify(src) by extensions ['colcon_meta']
[0.765s] Level 1:colcon.colcon_core.package_identification:_identify(src) by extension 'colcon_meta'
[0.765s] Level 1:colcon.colcon_core.package_identification:_identify(src) by extensions ['ros']
[0.765s] Level 1:colcon.colcon_core.package_identification:_identify(src) by extension 'ros'
[0.765s] Level 1:colcon.colcon_core.package_identification:_identify(src) by extensions ['cmake', 'python']
[0.765s] Level 1:colcon.colcon_core.package_identification:_identify(src) by extension 'cmake'
[0.765s] Level 1:colcon.colcon_core.package_identification:_identify(src) by extension 'python'
[0.765s] Level 1:colcon.colcon_core.package_identification:_identify(src) by extensions ['python_setup_py']
[0.765s] Level 1:colcon.colcon_core.package_identification:_identify(src) by extension 'python_setup_py'
[0.765s] Level 1:colcon.colcon_core.package_identification:_identify(src/interface_practice) by extensions ['ignore', 'ignore_ament_install']
[0.765s] Level 1:colcon.colcon_core.package_identification:_identify(src/interface_practice) by extension 'ignore'
[0.765s] Level 1:colcon.colcon_core.package_identification:_identify(src/interface_practice) by extension 'ignore_ament_install'
[0.766s] Level 1:colcon.colcon_core.package_identification:_identify(src/interface_practice) by extensions ['colcon_pkg']
[0.766s] Level 1:colcon.colcon_core.package_identification:_identify(src/interface_practice) by extension 'colcon_pkg'
[0.766s] Level 1:colcon.colcon_core.package_identification:_identify(src/interface_practice) by extensions ['colcon_meta']
[0.766s] Level 1:colcon.colcon_core.package_identification:_identify(src/interface_practice) by extension 'colcon_meta'
[0.766s] Level 1:colcon.colcon_core.package_identification:_identify(src/interface_practice) by extensions ['ros']
[0.766s] Level 1:colcon.colcon_core.package_identification:_identify(src/interface_practice) by extension 'ros'
[0.768s] DEBUG:colcon.colcon_core.package_identification:Package 'src/interface_practice' with type 'ros.ament_cmake' and name 'interface_practice'
[0.768s] Level 1:colcon.colcon_core.package_identification:_identify(src/my_package) by extensions ['ignore', 'ignore_ament_install']
[0.768s] Level 1:colcon.colcon_core.package_identification:_identify(src/my_package) by extension 'ignore'
[0.769s] Level 1:colcon.colcon_core.package_identification:_identify(src/my_package) by extension 'ignore_ament_install'
[0.769s] Level 1:colcon.colcon_core.package_identification:_identify(src/my_package) by extensions ['colcon_pkg']
[0.769s] Level 1:colcon.colcon_core.package_identification:_identify(src/my_package) by extension 'colcon_pkg'
[0.769s] Level 1:colcon.colcon_core.package_identification:_identify(src/my_package) by extensions ['colcon_meta']
[0.769s] Level 1:colcon.colcon_core.package_identification:_identify(src/my_package) by extension 'colcon_meta'
[0.769s] Level 1:colcon.colcon_core.package_identification:_identify(src/my_package) by extensions ['ros']
[0.769s] Level 1:colcon.colcon_core.package_identification:_identify(src/my_package) by extension 'ros'
[0.769s] DEBUG:colcon.colcon_core.package_identification:Package 'src/my_package' with type 'ros.ament_cmake' and name 'my_package'
[0.769s] Level 1:colcon.colcon_core.package_identification:_identify(src/my_service) by extensions ['ignore', 'ignore_ament_install']
[0.770s] Level 1:colcon.colcon_core.package_identification:_identify(src/my_service) by extension 'ignore'
[0.770s] Level 1:colcon.colcon_core.package_identification:_identify(src/my_service) by extension 'ignore_ament_install'
[0.770s] Level 1:colcon.colcon_core.package_identification:_identify(src/my_service) by extensions ['colcon_pkg']
[0.770s] Level 1:colcon.colcon_core.package_identification:_identify(src/my_service) by extension 'colcon_pkg'
[0.770s] Level 1:colcon.colcon_core.package_identification:_identify(src/my_service) by extensions ['colcon_meta']
[0.770s] Level 1:colcon.colcon_core.package_identification:_identify(src/my_service) by extension 'colcon_meta'
[0.770s] Level 1:colcon.colcon_core.package_identification:_identify(src/my_service) by extensions ['ros']
[0.770s] Level 1:colcon.colcon_core.package_identification:_identify(src/my_service) by extension 'ros'
[0.771s] DEBUG:colcon.colcon_core.package_identification:Package 'src/my_service' with type 'ros.ament_cmake' and name 'my_service'
[0.771s] Level 1:colcon.colcon_core.package_identification:_identify(src/ros_tutorials) by extensions ['ignore', 'ignore_ament_install']
[0.771s] Level 1:colcon.colcon_core.package_identification:_identify(src/ros_tutorials) by extension 'ignore'
[0.771s] Level 1:colcon.colcon_core.package_identification:_identify(src/ros_tutorials) by extension 'ignore_ament_install'
[0.771s] Level 1:colcon.colcon_core.package_identification:_identify(src/ros_tutorials) by extensions ['colcon_pkg']
[0.771s] Level 1:colcon.colcon_core.package_identification:_identify(src/ros_tutorials) by extension 'colcon_pkg'
[0.771s] Level 1:colcon.colcon_core.package_identification:_identify(src/ros_tutorials) by extensions ['colcon_meta']
[0.771s] Level 1:colcon.colcon_core.package_identification:_identify(src/ros_tutorials) by extension 'colcon_meta'
[0.771s] Level 1:colcon.colcon_core.package_identification:_identify(src/ros_tutorials) by extensions ['ros']
[0.771s] Level 1:colcon.colcon_core.package_identification:_identify(src/ros_tutorials) by extension 'ros'
[0.771s] Level 1:colcon.colcon_core.package_identification:_identify(src/ros_tutorials) by extensions ['cmake', 'python']
[0.771s] Level 1:colcon.colcon_core.package_identification:_identify(src/ros_tutorials) by extension 'cmake'
[0.771s] Level 1:colcon.colcon_core.package_identification:_identify(src/ros_tutorials) by extension 'python'
[0.771s] Level 1:colcon.colcon_core.package_identification:_identify(src/ros_tutorials) by extensions ['python_setup_py']
[0.771s] Level 1:colcon.colcon_core.package_identification:_identify(src/ros_tutorials) by extension 'python_setup_py'
[0.771s] Level 1:colcon.colcon_core.package_discovery:discover_packages(recursive) using defaults
[0.771s] Level 1:colcon.colcon_core.package_discovery:discover_packages(ignore) discover
[0.771s] Level 1:colcon.colcon_core.package_discovery:discover_packages(ignore) using defaults
[0.771s] Level 1:colcon.colcon_core.package_discovery:discover_packages(path) discover
[0.771s] Level 1:colcon.colcon_core.package_discovery:discover_packages(path) using defaults
[0.807s] INFO:colcon.colcon_core.package_selection:Skipping not selected package 'my_package' in 'src/my_package'
[0.807s] INFO:colcon.colcon_core.package_selection:Skipping not selected package 'my_service' in 'src/my_service'
[0.808s] Level 1:colcon.colcon_core.package_discovery:discover_packages(prefix_path) check parameters
[0.808s] Level 1:colcon.colcon_core.package_discovery:discover_packages(prefix_path) discover
[0.812s] DEBUG:colcon.colcon_installed_package_information.package_discovery:Found 3 installed packages in /home/knolan/ros-practice/install
[0.813s] DEBUG:colcon.colcon_installed_package_information.package_discovery:Found 295 installed packages in /opt/ros/humble
[0.814s] Level 1:colcon.colcon_core.package_discovery:discover_packages(prefix_path) using defaults
[0.881s] Level 5:colcon.colcon_core.verb:set package 'interface_practice' build argument 'cmake_args' from command line to 'None'
[0.882s] Level 5:colcon.colcon_core.verb:set package 'interface_practice' build argument 'cmake_target' from command line to 'None'
[0.882s] Level 5:colcon.colcon_core.verb:set package 'interface_practice' build argument 'cmake_target_skip_unavailable' from command line to 'False'
[0.882s] Level 5:colcon.colcon_core.verb:set package 'interface_practice' build argument 'cmake_clean_cache' from command line to 'False'
[0.882s] Level 5:colcon.colcon_core.verb:set package 'interface_practice' build argument 'cmake_clean_first' from command line to 'False'
[0.882s] Level 5:colcon.colcon_core.verb:set package 'interface_practice' build argument 'cmake_force_configure' from command line to 'False'
[0.882s] Level 5:colcon.colcon_core.verb:set package 'interface_practice' build argument 'ament_cmake_args' from command line to 'None'
[0.882s] Level 5:colcon.colcon_core.verb:set package 'interface_practice' build argument 'catkin_cmake_args' from command line to 'None'
[0.882s] Level 5:colcon.colcon_core.verb:set package 'interface_practice' build argument 'catkin_skip_building_tests' from command line to 'False'
[0.882s] DEBUG:colcon.colcon_core.verb:Building package 'interface_practice' with the following arguments: {'ament_cmake_args': None, 'build_base': '/home/knolan/ros-practice/build/interface_practice', 'catkin_cmake_args': None, 'catkin_skip_building_tests': False, 'cmake_args': None, 'cmake_clean_cache': False, 'cmake_clean_first': False, 'cmake_force_configure': False, 'cmake_target': None, 'cmake_target_skip_unavailable': False, 'install_base': '/home/knolan/ros-practice/install/interface_practice', 'merge_install': False, 'path': '/home/knolan/ros-practice/src/interface_practice', 'symlink_install': False, 'test_result_base': None}
[0.882s] INFO:colcon.colcon_core.executor:Executing jobs using 'parallel' executor
[0.883s] DEBUG:colcon.colcon_parallel_executor.executor.parallel:run_until_complete
[0.883s] INFO:colcon.colcon_ros.task.ament_cmake.build:Building ROS package in '/home/knolan/ros-practice/src/interface_practice' with build type 'ament_cmake'
[0.883s] INFO:colcon.colcon_cmake.task.cmake.build:Building CMake package in '/home/knolan/ros-practice/src/interface_practice'
[0.888s] INFO:colcon.colcon_core.plugin_system:Skipping extension 'colcon_core.shell.bat': Not used on non-Windows systems
[0.888s] INFO:colcon.colcon_core.shell:Skip shell extension 'powershell' for command environment: Not usable outside of PowerShell
[0.888s] DEBUG:colcon.colcon_core.shell:Skip shell extension 'dsv' for command environment
[0.896s] DEBUG:colcon.colcon_core.event_handler.log_command:Invoking command in '/home/knolan/ros-practice/build/interface_practice': CMAKE_PREFIX_PATH=${CMAKE_PREFIX_PATH}:/opt/ros/humble /usr/bin/cmake /home/knolan/ros-practice/src/interface_practice -DCMAKE_INSTALL_PREFIX=/home/knolan/ros-practice/install/interface_practice
[5.026s] DEBUG:colcon.colcon_core.event_handler.log_command:Invoked command in '/home/knolan/ros-practice/build/interface_practice' returned '0': CMAKE_PREFIX_PATH=${CMAKE_PREFIX_PATH}:/opt/ros/humble /usr/bin/cmake /home/knolan/ros-practice/src/interface_practice -DCMAKE_INSTALL_PREFIX=/home/knolan/ros-practice/install/interface_practice
[5.027s] DEBUG:colcon.colcon_core.event_handler.log_command:Invoking command in '/home/knolan/ros-practice/build/interface_practice': CMAKE_PREFIX_PATH=${CMAKE_PREFIX_PATH}:/opt/ros/humble /usr/bin/cmake --build /home/knolan/ros-practice/build/interface_practice -- -j12 -l12
[5.050s] DEBUG:colcon.colcon_core.event_handler.log_command:Invoked command in '/home/knolan/ros-practice/build/interface_practice' returned '0': CMAKE_PREFIX_PATH=${CMAKE_PREFIX_PATH}:/opt/ros/humble /usr/bin/cmake --build /home/knolan/ros-practice/build/interface_practice -- -j12 -l12
[5.057s] DEBUG:colcon.colcon_core.event_handler.log_command:Invoking command in '/home/knolan/ros-practice/build/interface_practice': CMAKE_PREFIX_PATH=${CMAKE_PREFIX_PATH}:/opt/ros/humble /usr/bin/cmake --install /home/knolan/ros-practice/build/interface_practice
[5.064s] Level 1:colcon.colcon_core.environment:create_environment_scripts_only(interface_practice)
[5.065s] DEBUG:colcon.colcon_core.event_handler.log_command:Invoked command in '/home/knolan/ros-practice/build/interface_practice' returned '0': CMAKE_PREFIX_PATH=${CMAKE_PREFIX_PATH}:/opt/ros/humble /usr/bin/cmake --install /home/knolan/ros-practice/build/interface_practice
[5.071s] Level 1:colcon.colcon_core.environment:checking '/home/knolan/ros-practice/install/interface_practice' for CMake module files
[5.072s] Level 1:colcon.colcon_core.environment:checking '/home/knolan/ros-practice/install/interface_practice' for CMake config files
[5.072s] Level 1:colcon.colcon_core.shell:create_environment_hook('interface_practice', 'cmake_prefix_path')
[5.072s] INFO:colcon.colcon_core.shell:Creating environment hook '/home/knolan/ros-practice/install/interface_practice/share/interface_practice/hook/cmake_prefix_path.ps1'
[5.074s] INFO:colcon.colcon_core.shell:Creating environment descriptor '/home/knolan/ros-practice/install/interface_practice/share/interface_practice/hook/cmake_prefix_path.dsv'
[5.075s] INFO:colcon.colcon_core.shell:Creating environment hook '/home/knolan/ros-practice/install/interface_practice/share/interface_practice/hook/cmake_prefix_path.sh'
[5.076s] Level 1:colcon.colcon_core.environment:checking '/home/knolan/ros-practice/install/interface_practice/bin'
[5.076s] Level 1:colcon.colcon_core.environment:checking '/home/knolan/ros-practice/install/interface_practice/lib/pkgconfig/interface_practice.pc'
[5.076s] Level 1:colcon.colcon_core.environment:checking '/home/knolan/ros-practice/install/interface_practice/lib/python3.10/site-packages'
[5.076s] Level 1:colcon.colcon_core.environment:checking '/home/knolan/ros-practice/install/interface_practice/bin'
[5.077s] INFO:colcon.colcon_core.shell:Creating package script '/home/knolan/ros-practice/install/interface_practice/share/interface_practice/package.ps1'
[5.078s] INFO:colcon.colcon_core.shell:Creating package descriptor '/home/knolan/ros-practice/install/interface_practice/share/interface_practice/package.dsv'
[5.079s] INFO:colcon.colcon_core.shell:Creating package script '/home/knolan/ros-practice/install/interface_practice/share/interface_practice/package.sh'
[5.079s] INFO:colcon.colcon_core.shell:Creating package script '/home/knolan/ros-practice/install/interface_practice/share/interface_practice/package.bash'
[5.080s] INFO:colcon.colcon_core.shell:Creating package script '/home/knolan/ros-practice/install/interface_practice/share/interface_practice/package.zsh'
[5.081s] Level 1:colcon.colcon_core.environment:create_file_with_runtime_dependencies(/home/knolan/ros-practice/install/interface_practice/share/colcon-core/packages/interface_practice)
[5.082s] Level 1:colcon.colcon_core.environment:create_environment_scripts_only(interface_practice)
[5.082s] Level 1:colcon.colcon_core.environment:checking '/home/knolan/ros-practice/install/interface_practice' for CMake module files
[5.082s] Level 1:colcon.colcon_core.environment:checking '/home/knolan/ros-practice/install/interface_practice' for CMake config files
[5.082s] Level 1:colcon.colcon_core.shell:create_environment_hook('interface_practice', 'cmake_prefix_path')
[5.083s] INFO:colcon.colcon_core.shell:Creating environment hook '/home/knolan/ros-practice/install/interface_practice/share/interface_practice/hook/cmake_prefix_path.ps1'
[5.083s] INFO:colcon.colcon_core.shell:Creating environment descriptor '/home/knolan/ros-practice/install/interface_practice/share/interface_practice/hook/cmake_prefix_path.dsv'
[5.083s] INFO:colcon.colcon_core.shell:Creating environment hook '/home/knolan/ros-practice/install/interface_practice/share/interface_practice/hook/cmake_prefix_path.sh'
[5.084s] Level 1:colcon.colcon_core.environment:checking '/home/knolan/ros-practice/install/interface_practice/bin'
[5.084s] Level 1:colcon.colcon_core.environment:checking '/home/knolan/ros-practice/install/interface_practice/lib/pkgconfig/interface_practice.pc'
[5.084s] Level 1:colcon.colcon_core.environment:checking '/home/knolan/ros-practice/install/interface_practice/lib/python3.10/site-packages'
[5.084s] Level 1:colcon.colcon_core.environment:checking '/home/knolan/ros-practice/install/interface_practice/bin'
[5.085s] INFO:colcon.colcon_core.shell:Creating package script '/home/knolan/ros-practice/install/interface_practice/share/interface_practice/package.ps1'
[5.085s] INFO:colcon.colcon_core.shell:Creating package descriptor '/home/knolan/ros-practice/install/interface_practice/share/interface_practice/package.dsv'
[5.085s] INFO:colcon.colcon_core.shell:Creating package script '/home/knolan/ros-practice/install/interface_practice/share/interface_practice/package.sh'
[5.086s] INFO:colcon.colcon_core.shell:Creating package script '/home/knolan/ros-practice/install/interface_practice/share/interface_practice/package.bash'
[5.086s] INFO:colcon.colcon_core.shell:Creating package script '/home/knolan/ros-practice/install/interface_practice/share/interface_practice/package.zsh'
[5.086s] Level 1:colcon.colcon_core.environment:create_file_with_runtime_dependencies(/home/knolan/ros-practice/install/interface_practice/share/colcon-core/packages/interface_practice)
[5.087s] DEBUG:colcon.colcon_parallel_executor.executor.parallel:closing loop
[5.088s] DEBUG:colcon.colcon_parallel_executor.executor.parallel:loop closed
[5.088s] DEBUG:colcon.colcon_parallel_executor.executor.parallel:run_until_complete finished with '0'
[5.088s] DEBUG:colcon.colcon_core.event_reactor:joining thread
[5.230s] INFO:colcon.colcon_core.plugin_system:Skipping extension 'colcon_notification.desktop_notification.notify_send': Could not find 'notify-send'
[5.230s] INFO:colcon.colcon_core.plugin_system:Skipping extension 'colcon_notification.desktop_notification.terminal_notifier': Not used on non-Darwin systems
[5.230s] INFO:colcon.colcon_core.plugin_system:Skipping extension 'colcon_notification.desktop_notification.win32': Not used on non-Windows systems
[5.230s] INFO:colcon.colcon_notification.desktop_notification:Sending desktop notification using 'notify2'
[5.230s] DEBUG:colcon.colcon_notification.desktop_notification.notify2:Failed to initialize notify2: org.freedesktop.DBus.Error.FileNotFound: Failed to connect to socket /run/user/1000/bus: No such file or directory
[5.230s] DEBUG:colcon.colcon_core.event_reactor:joined thread
[5.231s] INFO:colcon.colcon_core.shell:Creating prefix script '/home/knolan/ros-practice/install/local_setup.ps1'
[5.233s] INFO:colcon.colcon_core.shell:Creating prefix util module '/home/knolan/ros-practice/install/_local_setup_util_ps1.py'
[5.234s] INFO:colcon.colcon_core.shell:Creating prefix chain script '/home/knolan/ros-practice/install/setup.ps1'
[5.235s] INFO:colcon.colcon_core.shell:Creating prefix script '/home/knolan/ros-practice/install/local_setup.sh'
[5.235s] INFO:colcon.colcon_core.shell:Creating prefix util module '/home/knolan/ros-practice/install/_local_setup_util_sh.py'
[5.236s] INFO:colcon.colcon_core.shell:Creating prefix chain script '/home/knolan/ros-practice/install/setup.sh'
[5.237s] INFO:colcon.colcon_core.shell:Creating prefix script '/home/knolan/ros-practice/install/local_setup.bash'
[5.237s] INFO:colcon.colcon_core.shell:Creating prefix chain script '/home/knolan/ros-practice/install/setup.bash'
[5.238s] INFO:colcon.colcon_core.shell:Creating prefix script '/home/knolan/ros-practice/install/local_setup.zsh'
[5.239s] INFO:colcon.colcon_core.shell:Creating prefix chain script '/home/knolan/ros-practice/install/setup.zsh'
