[0.252s] Invoking command in '/home/knolan/ros-practice/build/my_package': CMAKE_PREFIX_PATH=/home/knolan/ros-practice/install/interface_practice:/home/knolan/ros-practice/install/turtlesim:/home/knolan/ros-practice/install/my_service:/home/knolan/ros-practice/install/my_package:/opt/ros/humble LD_LIBRARY_PATH=/home/knolan/ros-practice/install/interface_practice/lib:${LD_LIBRARY_PATH} PYTHONPATH=/home/knolan/ros-practice/install/interface_practice/local/lib/python3.10/dist-packages:${PYTHONPATH} /usr/bin/cmake --build /home/knolan/ros-practice/build/my_package -- -j12 -l12
[0.352s] [35m[1mConsolidate compiler generated dependencies of target my_node[0m
[0.353s] [35m[1mConsolidate compiler generated dependencies of target listener[0m
[0.354s] [35m[1mConsolidate compiler generated dependencies of target talker[0m
[0.361s] [ 33%] Built target my_node
[0.368s] [ 50%] [32mBuilding CXX object CMakeFiles/listener.dir/src/sub.cpp.o[0m
[0.369s] [ 66%] [32mBuilding CXX object CMakeFiles/talker.dir/src/pub.cpp.o[0m
[2.294s] In file included from [01m[K/opt/ros/humble/include/rclcpp/rclcpp/logging.hpp:24[m[K,
[2.294s]                  from [01m[K/opt/ros/humble/include/rclcpp/rclcpp/client.hpp:40[m[K,
[2.294s]                  from [01m[K/opt/ros/humble/include/rclcpp/rclcpp/callback_group.hpp:24[m[K,
[2.294s]                  from [01m[K/opt/ros/humble/include/rclcpp/rclcpp/any_executable.hpp:20[m[K,
[2.294s]                  from [01m[K/opt/ros/humble/include/rclcpp/rclcpp/memory_strategy.hpp:25[m[K,
[2.295s]                  from [01m[K/opt/ros/humble/include/rclcpp/rclcpp/memory_strategies.hpp:18[m[K,
[2.295s]                  from [01m[K/opt/ros/humble/include/rclcpp/rclcpp/executor_options.hpp:20[m[K,
[2.295s]                  from [01m[K/opt/ros/humble/include/rclcpp/rclcpp/executor.hpp:37[m[K,
[2.295s]                  from [01m[K/opt/ros/humble/include/rclcpp/rclcpp/executors/multi_threaded_executor.hpp:25[m[K,
[2.295s]                  from [01m[K/opt/ros/humble/include/rclcpp/rclcpp/executors.hpp:21[m[K,
[2.295s]                  from [01m[K/opt/ros/humble/include/rclcpp/rclcpp/rclcpp.hpp:155[m[K,
[2.295s]                  from [01m[K/home/knolan/ros-practice/src/my_package/src/pub.cpp:6[m[K:
[2.295s] [01m[K/home/knolan/ros-practice/src/my_package/src/pub.cpp:[m[K In member function ‘[01m[Kvoid MinimalPublisher::timer_callback()[m[K’:
[2.295s] [01m[K/home/knolan/ros-practice/src/my_package/src/pub.cpp:30:53:[m[K [01;31m[Kerror: [m[Kinvalid operands of types ‘[01m[Kconst char [14][m[K’ and ‘[01m[Kinterface_practice::msg::Num_<std::allocator<void> >::_num_type[m[K’ {aka ‘[01m[Klong int[m[K’} to binary ‘[01m[Koperator<<[m[K’
[2.295s]    30 |     RCLCPP_INFO(this->get_logger(), [32m[K"Publishing: '"[m[K [01;31m[K<<[m[K [34m[Kmessage.num[m[K << "'");
[2.295s]       |                                     [32m[K~~~~~~~~~~~~~~~[m[K [01;31m[K^~[m[K [34m[K~~~~~~~~~~~[m[K
[2.295s]       |                                     [32m[K|[m[K                          [34m[K|[m[K
[2.295s]       |                                     [32m[Kconst char [14][m[K            [34m[Kinterface_practice::msg::Num_<std::allocator<void> >::_num_type {aka long int}[m[K
[2.340s] In file included from [01m[K/opt/ros/humble/include/rclcpp/rclcpp/logging.hpp:24[m[K,
[2.340s]                  from [01m[K/opt/ros/humble/include/rclcpp/rclcpp/client.hpp:40[m[K,
[2.340s]                  from [01m[K/opt/ros/humble/include/rclcpp/rclcpp/callback_group.hpp:24[m[K,
[2.340s]                  from [01m[K/opt/ros/humble/include/rclcpp/rclcpp/any_executable.hpp:20[m[K,
[2.340s]                  from [01m[K/opt/ros/humble/include/rclcpp/rclcpp/memory_strategy.hpp:25[m[K,
[2.340s]                  from [01m[K/opt/ros/humble/include/rclcpp/rclcpp/memory_strategies.hpp:18[m[K,
[2.340s]                  from [01m[K/opt/ros/humble/include/rclcpp/rclcpp/executor_options.hpp:20[m[K,
[2.340s]                  from [01m[K/opt/ros/humble/include/rclcpp/rclcpp/executor.hpp:37[m[K,
[2.340s]                  from [01m[K/opt/ros/humble/include/rclcpp/rclcpp/executors/multi_threaded_executor.hpp:25[m[K,
[2.341s]                  from [01m[K/opt/ros/humble/include/rclcpp/rclcpp/executors.hpp:21[m[K,
[2.341s]                  from [01m[K/opt/ros/humble/include/rclcpp/rclcpp/rclcpp.hpp:155[m[K,
[2.341s]                  from [01m[K/home/knolan/ros-practice/src/my_package/src/sub.cpp:3[m[K:
[2.341s] [01m[K/home/knolan/ros-practice/src/my_package/src/sub.cpp:[m[K In member function ‘[01m[Kvoid MinimalSubscriber::topic_callback(const Num&) const[m[K’:
[2.341s] [01m[K/home/knolan/ros-practice/src/my_package/src/sub.cpp:20:54:[m[K [01;31m[Kerror: [m[Kinvalid operands of types ‘[01m[Kconst char [11][m[K’ and ‘[01m[Kconst _num_type[m[K’ {aka ‘[01m[Kconst long int[m[K’} to binary ‘[01m[Koperator<<[m[K’
[2.341s]    20 |         RCLCPP_INFO(this->get_logger(), [32m[K"I heard: '"[m[K [01;31m[K<<[m[K [34m[Kmsg.num[m[K << "'");
[2.341s]       |                                         [32m[K~~~~~~~~~~~~[m[K [01;31m[K^~[m[K [34m[K~~~~~~~[m[K
[2.341s]       |                                         [32m[K|[m[K                   [34m[K|[m[K
[2.341s]       |                                         [32m[Kconst char [11][m[K     [34m[Kconst _num_type {aka const long int}[m[K
[3.020s] gmake[2]: *** [CMakeFiles/talker.dir/build.make:76: CMakeFiles/talker.dir/src/pub.cpp.o] Error 1
[3.021s] gmake[1]: *** [CMakeFiles/Makefile2:141: CMakeFiles/talker.dir/all] Error 2
[3.021s] gmake[1]: *** Waiting for unfinished jobs....
[4.121s] gmake[2]: *** [CMakeFiles/listener.dir/build.make:76: CMakeFiles/listener.dir/src/sub.cpp.o] Error 1
[4.121s] gmake[1]: *** [CMakeFiles/Makefile2:167: CMakeFiles/listener.dir/all] Error 2
[4.121s] gmake: *** [Makefile:146: all] Error 2
[4.124s] Invoked command in '/home/knolan/ros-practice/build/my_package' returned '2': CMAKE_PREFIX_PATH=/home/knolan/ros-practice/install/interface_practice:/home/knolan/ros-practice/install/turtlesim:/home/knolan/ros-practice/install/my_service:/home/knolan/ros-practice/install/my_package:/opt/ros/humble LD_LIBRARY_PATH=/home/knolan/ros-practice/install/interface_practice/lib:${LD_LIBRARY_PATH} PYTHONPATH=/home/knolan/ros-practice/install/interface_practice/local/lib/python3.10/dist-packages:${PYTHONPATH} /usr/bin/cmake --build /home/knolan/ros-practice/build/my_package -- -j12 -l12
