[0.011s] Invoking command in '/home/knolan/ros-practice/build/polygon_base': CMAKE_PREFIX_PATH=${CMAKE_PREFIX_PATH}:/opt/ros/humble /usr/bin/cmake /home/knolan/ros-practice/src/polygon_base -DCMAKE_INSTALL_PREFIX=/home/knolan/ros-practice/install/polygon_base
[0.416s] -- The C compiler identification is GNU 11.4.0
[2.005s] -- The CXX compiler identification is GNU 11.4.0
[3.101s] -- Detecting C compiler ABI info
[3.425s] -- Detecting C compiler ABI info - done
[3.430s] -- Check for working C compiler: /usr/bin/cc - skipped
[3.436s] -- Detecting C compile features
[3.437s] -- Detecting C compile features - done
[3.440s] -- Detecting CXX compiler ABI info
[3.745s] -- Detecting CXX compiler ABI info - done
[3.750s] -- Check for working CXX compiler: /usr/bin/c++ - skipped
[3.750s] -- Detecting CXX compile features
[3.751s] -- Detecting CXX compile features - done
[3.763s] -- Found ament_cmake: 1.3.11 (/opt/ros/humble/share/ament_cmake/cmake)
[3.871s] -- Found Python3: /usr/bin/python3 (found version "3.10.12") found components: Interpreter 
[3.968s] -- Found pluginlib: 5.1.0 (/opt/ros/humble/share/pluginlib/cmake)
[8.716s] -- Found ament_lint_auto: 0.12.11 (/opt/ros/humble/share/ament_lint_auto/cmake)
[8.819s] -- Added test 'cppcheck' to perform static code analysis on C / C++ code
[8.819s] -- Configured cppcheck include dirs: $<BUILD_INTERFACE:/home/knolan/ros-practice/src/polygon_base/include>
[8.819s] -- Configured cppcheck exclude dirs and/or files: 
[8.820s] -- Added test 'lint_cmake' to check CMake code style
[8.821s] -- Added test 'uncrustify' to check C / C++ code style
[8.822s] -- Configured uncrustify additional arguments: 
[8.822s] -- Added test 'xmllint' to check XML markup files
[8.825s] -- Configuring done
[8.831s] -- Generating done
[8.833s] -- Build files have been written to: /home/knolan/ros-practice/build/polygon_base
[8.853s] Invoked command in '/home/knolan/ros-practice/build/polygon_base' returned '0': CMAKE_PREFIX_PATH=${CMAKE_PREFIX_PATH}:/opt/ros/humble /usr/bin/cmake /home/knolan/ros-practice/src/polygon_base -DCMAKE_INSTALL_PREFIX=/home/knolan/ros-practice/install/polygon_base
[8.855s] Invoking command in '/home/knolan/ros-practice/build/polygon_base': CMAKE_PREFIX_PATH=${CMAKE_PREFIX_PATH}:/opt/ros/humble /usr/bin/cmake --build /home/knolan/ros-practice/build/polygon_base -- -j12 -l12
[8.906s] [ 50%] [32mBuilding CXX object CMakeFiles/area_node.dir/src/area_node.cpp.o[0m
[10.878s] [100%] [32m[1mLinking CXX executable area_node[0m
[11.254s] [100%] Built target area_node
[11.264s] Invoked command in '/home/knolan/ros-practice/build/polygon_base' returned '0': CMAKE_PREFIX_PATH=${CMAKE_PREFIX_PATH}:/opt/ros/humble /usr/bin/cmake --build /home/knolan/ros-practice/build/polygon_base -- -j12 -l12
[11.271s] Invoking command in '/home/knolan/ros-practice/build/polygon_base': CMAKE_PREFIX_PATH=${CMAKE_PREFIX_PATH}:/opt/ros/humble /usr/bin/cmake --install /home/knolan/ros-practice/build/polygon_base
[11.275s] -- Install configuration: ""
[11.276s] -- Installing: /home/knolan/ros-practice/install/polygon_base/include
[11.277s] -- Installing: /home/knolan/ros-practice/install/polygon_base/include/polygon_base
[11.277s] -- Installing: /home/knolan/ros-practice/install/polygon_base/include/polygon_base/regular_polygon.hpp
[11.277s] -- Installing: /home/knolan/ros-practice/install/polygon_base/lib/polygon_base/area_node
[11.278s] -- Set runtime path of "/home/knolan/ros-practice/install/polygon_base/lib/polygon_base/area_node" to ""
[11.278s] -- Installing: /home/knolan/ros-practice/install/polygon_base/share/ament_index/resource_index/package_run_dependencies/polygon_base
[11.278s] -- Installing: /home/knolan/ros-practice/install/polygon_base/share/ament_index/resource_index/parent_prefix_path/polygon_base
[11.278s] -- Installing: /home/knolan/ros-practice/install/polygon_base/share/polygon_base/environment/ament_prefix_path.sh
[11.278s] -- Installing: /home/knolan/ros-practice/install/polygon_base/share/polygon_base/environment/ament_prefix_path.dsv
[11.279s] -- Installing: /home/knolan/ros-practice/install/polygon_base/share/polygon_base/environment/path.sh
[11.279s] -- Installing: /home/knolan/ros-practice/install/polygon_base/share/polygon_base/environment/path.dsv
[11.279s] -- Installing: /home/knolan/ros-practice/install/polygon_base/share/polygon_base/local_setup.bash
[11.279s] -- Installing: /home/knolan/ros-practice/install/polygon_base/share/polygon_base/local_setup.sh
[11.279s] -- Installing: /home/knolan/ros-practice/install/polygon_base/share/polygon_base/local_setup.zsh
[11.279s] -- Installing: /home/knolan/ros-practice/install/polygon_base/share/polygon_base/local_setup.dsv
[11.279s] -- Installing: /home/knolan/ros-practice/install/polygon_base/share/polygon_base/package.dsv
[11.280s] -- Installing: /home/knolan/ros-practice/install/polygon_base/share/ament_index/resource_index/packages/polygon_base
[11.280s] -- Installing: /home/knolan/ros-practice/install/polygon_base/share/polygon_base/cmake/ament_cmake_export_include_directories-extras.cmake
[11.280s] -- Installing: /home/knolan/ros-practice/install/polygon_base/share/polygon_base/cmake/polygon_baseConfig.cmake
[11.280s] -- Installing: /home/knolan/ros-practice/install/polygon_base/share/polygon_base/cmake/polygon_baseConfig-version.cmake
[11.281s] -- Installing: /home/knolan/ros-practice/install/polygon_base/share/polygon_base/package.xml
[11.282s] Invoked command in '/home/knolan/ros-practice/build/polygon_base' returned '0': CMAKE_PREFIX_PATH=${CMAKE_PREFIX_PATH}:/opt/ros/humble /usr/bin/cmake --install /home/knolan/ros-practice/build/polygon_base
