[35m[1mConsolidate compiler generated dependencies of target talker[0m
[35m[1mConsolidate compiler generated dependencies of target listener[0m
[ 33%] Built target my_node
[ 50%] [32mBuilding CXX object CMakeFiles/talker.dir/src/pub.cpp.o[0m
[ 83%] Built target listener
In file included from [01m[K/opt/ros/humble/include/rclcpp/rclcpp/logging.hpp:24[m[K,
                 from [01m[K/opt/ros/humble/include/rclcpp/rclcpp/client.hpp:40[m[K,
                 from [01m[K/opt/ros/humble/include/rclcpp/rclcpp/callback_group.hpp:24[m[K,
                 from [01m[K/opt/ros/humble/include/rclcpp/rclcpp/any_executable.hpp:20[m[K,
                 from [01m[K/opt/ros/humble/include/rclcpp/rclcpp/memory_strategy.hpp:25[m[K,
                 from [01m[K/opt/ros/humble/include/rclcpp/rclcpp/memory_strategies.hpp:18[m[K,
                 from [01m[K/opt/ros/humble/include/rclcpp/rclcpp/executor_options.hpp:20[m[K,
                 from [01m[K/opt/ros/humble/include/rclcpp/rclcpp/executor.hpp:37[m[K,
                 from [01m[K/opt/ros/humble/include/rclcpp/rclcpp/executors/multi_threaded_executor.hpp:25[m[K,
                 from [01m[K/opt/ros/humble/include/rclcpp/rclcpp/executors.hpp:21[m[K,
                 from [01m[K/opt/ros/humble/include/rclcpp/rclcpp/rclcpp.hpp:155[m[K,
                 from [01m[K/home/knolan/ros-practice/src/my_package/src/pub.cpp:6[m[K:
[01m[K/home/knolan/ros-practice/src/my_package/src/pub.cpp:[m[K In member function ‘[01m[Kvoid MinimalPublisher::timer_callback()[m[K’:
[01m[K/home/knolan/ros-practice/src/my_package/src/pub.cpp:30:37:[m[K [01;35m[Kwarning: [m[Kformat ‘[01m[K%d[m[K’ expects argument of type ‘[01m[Kint[m[K’, but argument 5 has type ‘[01m[Kinterface_practice::msg::Num_<std::allocator<void> >::_num_type[m[K’ {aka ‘[01m[Klong int[m[K’} [[01;35m[K]8;;https://gcc.gnu.org/onlinedocs/gcc/Warning-Options.html#index-Wformat=-Wformat=]8;;[m[K]
   30 |     RCLCPP_INFO(this->get_logger(), [01;35m[K"Publishing: '%d'"[m[K, [32m[Kmessage.num[m[K);
      |                                     [01;35m[K^~~~~~~~~~~~~~~~~~[m[K  [32m[K~~~~~~~~~~~[m[K
      |                                                                 [32m[K|[m[K
      |                                                                 [32m[Kinterface_practice::msg::Num_<std::allocator<void> >::_num_type {aka long int}[m[K
[01m[K/home/knolan/ros-practice/src/my_package/src/pub.cpp:30:52:[m[K [01;36m[Knote: [m[Kformat string is defined here
   30 |     RCLCPP_INFO(this->get_logger(), "Publishing: '[01;36m[K%d[m[K'", message.num);
      |                                                   [01;36m[K~^[m[K
      |                                                    [01;36m[K|[m[K
      |                                                    [01;36m[Kint[m[K
      |                                                   [32m[K%ld[m[K
[100%] [32m[1mLinking CXX executable talker[0m
[100%] Built target talker
-- Install configuration: ""
-- Installing: /home/knolan/ros-practice/install/my_package/lib/my_package/talker
-- Set runtime path of "/home/knolan/ros-practice/install/my_package/lib/my_package/talker" to ""
-- Installing: /home/knolan/ros-practice/install/my_package/lib/my_package/listener
-- Set runtime path of "/home/knolan/ros-practice/install/my_package/lib/my_package/listener" to ""
-- Installing: /home/knolan/ros-practice/install/my_package/lib/my_package/my_node
-- Installing: /home/knolan/ros-practice/install/my_package/share/ament_index/resource_index/package_run_dependencies/my_package
-- Installing: /home/knolan/ros-practice/install/my_package/share/ament_index/resource_index/parent_prefix_path/my_package
-- Installing: /home/knolan/ros-practice/install/my_package/share/my_package/environment/ament_prefix_path.sh
-- Installing: /home/knolan/ros-practice/install/my_package/share/my_package/environment/ament_prefix_path.dsv
-- Installing: /home/knolan/ros-practice/install/my_package/share/my_package/environment/path.sh
-- Installing: /home/knolan/ros-practice/install/my_package/share/my_package/environment/path.dsv
-- Up-to-date: /home/knolan/ros-practice/install/my_package/share/my_package/local_setup.bash
-- Installing: /home/knolan/ros-practice/install/my_package/share/my_package/local_setup.sh
-- Up-to-date: /home/knolan/ros-practice/install/my_package/share/my_package/local_setup.zsh
-- Installing: /home/knolan/ros-practice/install/my_package/share/my_package/local_setup.dsv
-- Installing: /home/knolan/ros-practice/install/my_package/share/my_package/package.dsv
-- Up-to-date: /home/knolan/ros-practice/install/my_package/share/ament_index/resource_index/packages/my_package
-- Up-to-date: /home/knolan/ros-practice/install/my_package/share/my_package/cmake/my_packageConfig.cmake
-- Up-to-date: /home/knolan/ros-practice/install/my_package/share/my_package/cmake/my_packageConfig-version.cmake
-- Installing: /home/knolan/ros-practice/install/my_package/share/my_package/package.xml
