[0.341s] Invoking command in '/home/knolan/ros-practice/build/my_package': CMAKE_PREFIX_PATH=/home/knolan/ros-practice/install/interface_practice:/home/knolan/ros-practice/install/turtlesim:/home/knolan/ros-practice/install/my_service:/home/knolan/ros-practice/install/my_package:/opt/ros/humble LD_LIBRARY_PATH=/home/knolan/ros-practice/install/interface_practice/lib:${LD_LIBRARY_PATH} PYTHONPATH=/home/knolan/ros-practice/install/interface_practice/local/lib/python3.10/dist-packages:${PYTHONPATH} /usr/bin/cmake --build /home/knolan/ros-practice/build/my_package -- -j12 -l12
[0.364s] [35m[1mConsolidate compiler generated dependencies of target talker[0m
[0.366s] [35m[1mConsolidate compiler generated dependencies of target listener[0m
[0.371s] [ 33%] Built target my_node
[0.376s] [ 50%] [32mBuilding CXX object CMakeFiles/talker.dir/src/pub.cpp.o[0m
[0.378s] [ 83%] Built target listener
[1.900s] In file included from [01m[K/opt/ros/humble/include/rclcpp/rclcpp/logging.hpp:24[m[K,
[1.900s]                  from [01m[K/opt/ros/humble/include/rclcpp/rclcpp/client.hpp:40[m[K,
[1.900s]                  from [01m[K/opt/ros/humble/include/rclcpp/rclcpp/callback_group.hpp:24[m[K,
[1.900s]                  from [01m[K/opt/ros/humble/include/rclcpp/rclcpp/any_executable.hpp:20[m[K,
[1.901s]                  from [01m[K/opt/ros/humble/include/rclcpp/rclcpp/memory_strategy.hpp:25[m[K,
[1.901s]                  from [01m[K/opt/ros/humble/include/rclcpp/rclcpp/memory_strategies.hpp:18[m[K,
[1.901s]                  from [01m[K/opt/ros/humble/include/rclcpp/rclcpp/executor_options.hpp:20[m[K,
[1.901s]                  from [01m[K/opt/ros/humble/include/rclcpp/rclcpp/executor.hpp:37[m[K,
[1.901s]                  from [01m[K/opt/ros/humble/include/rclcpp/rclcpp/executors/multi_threaded_executor.hpp:25[m[K,
[1.901s]                  from [01m[K/opt/ros/humble/include/rclcpp/rclcpp/executors.hpp:21[m[K,
[1.901s]                  from [01m[K/opt/ros/humble/include/rclcpp/rclcpp/rclcpp.hpp:155[m[K,
[1.901s]                  from [01m[K/home/knolan/ros-practice/src/my_package/src/pub.cpp:6[m[K:
[1.901s] [01m[K/home/knolan/ros-practice/src/my_package/src/pub.cpp:[m[K In member function ‘[01m[Kvoid MinimalPublisher::timer_callback()[m[K’:
[1.901s] [01m[K/home/knolan/ros-practice/src/my_package/src/pub.cpp:30:37:[m[K [01;35m[Kwarning: [m[Kformat ‘[01m[K%d[m[K’ expects argument of type ‘[01m[Kint[m[K’, but argument 5 has type ‘[01m[Kinterface_practice::msg::Num_<std::allocator<void> >::_num_type[m[K’ {aka ‘[01m[Klong int[m[K’} [[01;35m[K]8;;https://gcc.gnu.org/onlinedocs/gcc/Warning-Options.html#index-Wformat=-Wformat=]8;;[m[K]
[1.901s]    30 |     RCLCPP_INFO(this->get_logger(), [01;35m[K"Publishing: '%d'"[m[K, [32m[Kmessage.num[m[K);
[1.901s]       |                                     [01;35m[K^~~~~~~~~~~~~~~~~~[m[K  [32m[K~~~~~~~~~~~[m[K
[1.901s]       |                                                                 [32m[K|[m[K
[1.901s]       |                                                                 [32m[Kinterface_practice::msg::Num_<std::allocator<void> >::_num_type {aka long int}[m[K
[1.901s] [01m[K/home/knolan/ros-practice/src/my_package/src/pub.cpp:30:52:[m[K [01;36m[Knote: [m[Kformat string is defined here
[1.902s]    30 |     RCLCPP_INFO(this->get_logger(), "Publishing: '[01;36m[K%d[m[K'", message.num);
[1.902s]       |                                                   [01;36m[K~^[m[K
[1.902s]       |                                                    [01;36m[K|[m[K
[1.902s]       |                                                    [01;36m[Kint[m[K
[1.902s]       |                                                   [32m[K%ld[m[K
[3.322s] [100%] [32m[1mLinking CXX executable talker[0m
[3.721s] [100%] Built target talker
[3.728s] Invoked command in '/home/knolan/ros-practice/build/my_package' returned '0': CMAKE_PREFIX_PATH=/home/knolan/ros-practice/install/interface_practice:/home/knolan/ros-practice/install/turtlesim:/home/knolan/ros-practice/install/my_service:/home/knolan/ros-practice/install/my_package:/opt/ros/humble LD_LIBRARY_PATH=/home/knolan/ros-practice/install/interface_practice/lib:${LD_LIBRARY_PATH} PYTHONPATH=/home/knolan/ros-practice/install/interface_practice/local/lib/python3.10/dist-packages:${PYTHONPATH} /usr/bin/cmake --build /home/knolan/ros-practice/build/my_package -- -j12 -l12
[3.735s] Invoking command in '/home/knolan/ros-practice/build/my_package': CMAKE_PREFIX_PATH=/home/knolan/ros-practice/install/interface_practice:/home/knolan/ros-practice/install/turtlesim:/home/knolan/ros-practice/install/my_service:/home/knolan/ros-practice/install/my_package:/opt/ros/humble LD_LIBRARY_PATH=/home/knolan/ros-practice/install/interface_practice/lib:${LD_LIBRARY_PATH} PYTHONPATH=/home/knolan/ros-practice/install/interface_practice/local/lib/python3.10/dist-packages:${PYTHONPATH} /usr/bin/cmake --install /home/knolan/ros-practice/build/my_package
[3.742s] -- Install configuration: ""
[3.744s] -- Installing: /home/knolan/ros-practice/install/my_package/lib/my_package/talker
[3.746s] -- Set runtime path of "/home/knolan/ros-practice/install/my_package/lib/my_package/talker" to ""
[3.747s] -- Installing: /home/knolan/ros-practice/install/my_package/lib/my_package/listener
[3.750s] -- Set runtime path of "/home/knolan/ros-practice/install/my_package/lib/my_package/listener" to ""
[3.751s] -- Installing: /home/knolan/ros-practice/install/my_package/lib/my_package/my_node
[3.751s] -- Installing: /home/knolan/ros-practice/install/my_package/share/ament_index/resource_index/package_run_dependencies/my_package
[3.751s] -- Installing: /home/knolan/ros-practice/install/my_package/share/ament_index/resource_index/parent_prefix_path/my_package
[3.752s] -- Installing: /home/knolan/ros-practice/install/my_package/share/my_package/environment/ament_prefix_path.sh
[3.752s] -- Installing: /home/knolan/ros-practice/install/my_package/share/my_package/environment/ament_prefix_path.dsv
[3.752s] -- Installing: /home/knolan/ros-practice/install/my_package/share/my_package/environment/path.sh
[3.753s] -- Installing: /home/knolan/ros-practice/install/my_package/share/my_package/environment/path.dsv
[3.753s] -- Up-to-date: /home/knolan/ros-practice/install/my_package/share/my_package/local_setup.bash
[3.753s] -- Installing: /home/knolan/ros-practice/install/my_package/share/my_package/local_setup.sh
[3.753s] -- Up-to-date: /home/knolan/ros-practice/install/my_package/share/my_package/local_setup.zsh
[3.753s] -- Installing: /home/knolan/ros-practice/install/my_package/share/my_package/local_setup.dsv
[3.754s] -- Installing: /home/knolan/ros-practice/install/my_package/share/my_package/package.dsv
[3.754s] -- Up-to-date: /home/knolan/ros-practice/install/my_package/share/ament_index/resource_index/packages/my_package
[3.754s] -- Up-to-date: /home/knolan/ros-practice/install/my_package/share/my_package/cmake/my_packageConfig.cmake
[3.754s] -- Up-to-date: /home/knolan/ros-practice/install/my_package/share/my_package/cmake/my_packageConfig-version.cmake
[3.754s] -- Installing: /home/knolan/ros-practice/install/my_package/share/my_package/package.xml
[3.756s] Invoked command in '/home/knolan/ros-practice/build/my_package' returned '0': CMAKE_PREFIX_PATH=/home/knolan/ros-practice/install/interface_practice:/home/knolan/ros-practice/install/turtlesim:/home/knolan/ros-practice/install/my_service:/home/knolan/ros-practice/install/my_package:/opt/ros/humble LD_LIBRARY_PATH=/home/knolan/ros-practice/install/interface_practice/lib:${LD_LIBRARY_PATH} PYTHONPATH=/home/knolan/ros-practice/install/interface_practice/local/lib/python3.10/dist-packages:${PYTHONPATH} /usr/bin/cmake --install /home/knolan/ros-practice/build/my_package
