[0.013s] Invoking command in '/home/knolan/ros-practice/build/polygon_base': CMAKE_PREFIX_PATH=${CMAKE_PREFIX_PATH}:/opt/ros/humble /usr/bin/cmake --build /home/knolan/ros-practice/build/polygon_base -- -j12 -l12
[0.044s] [35m[1mConsolidate compiler generated dependencies of target area_node[0m
[0.053s] [100%] Built target area_node
[0.060s] Invoked command in '/home/knolan/ros-practice/build/polygon_base' returned '0': CMAKE_PREFIX_PATH=${CMAKE_PREFIX_PATH}:/opt/ros/humble /usr/bin/cmake --build /home/knolan/ros-practice/build/polygon_base -- -j12 -l12
[0.068s] Invoking command in '/home/knolan/ros-practice/build/polygon_base': CMAKE_PREFIX_PATH=${CMAKE_PREFIX_PATH}:/opt/ros/humble /usr/bin/cmake --install /home/knolan/ros-practice/build/polygon_base
[0.072s] -- Install configuration: ""
[0.072s] -- Up-to-date: /home/knolan/ros-practice/install/polygon_base/include
[0.072s] -- Up-to-date: /home/knolan/ros-practice/install/polygon_base/include/polygon_base
[0.072s] -- Up-to-date: /home/knolan/ros-practice/install/polygon_base/include/polygon_base/regular_polygon.hpp
[0.072s] -- Up-to-date: /home/knolan/ros-practice/install/polygon_base/lib/polygon_base/area_node
[0.073s] -- Up-to-date: /home/knolan/ros-practice/install/polygon_base/share/ament_index/resource_index/package_run_dependencies/polygon_base
[0.073s] -- Up-to-date: /home/knolan/ros-practice/install/polygon_base/share/ament_index/resource_index/parent_prefix_path/polygon_base
[0.073s] -- Up-to-date: /home/knolan/ros-practice/install/polygon_base/share/polygon_base/environment/ament_prefix_path.sh
[0.073s] -- Up-to-date: /home/knolan/ros-practice/install/polygon_base/share/polygon_base/environment/ament_prefix_path.dsv
[0.073s] -- Up-to-date: /home/knolan/ros-practice/install/polygon_base/share/polygon_base/environment/path.sh
[0.073s] -- Up-to-date: /home/knolan/ros-practice/install/polygon_base/share/polygon_base/environment/path.dsv
[0.073s] -- Up-to-date: /home/knolan/ros-practice/install/polygon_base/share/polygon_base/local_setup.bash
[0.073s] -- Up-to-date: /home/knolan/ros-practice/install/polygon_base/share/polygon_base/local_setup.sh
[0.073s] -- Up-to-date: /home/knolan/ros-practice/install/polygon_base/share/polygon_base/local_setup.zsh
[0.073s] -- Up-to-date: /home/knolan/ros-practice/install/polygon_base/share/polygon_base/local_setup.dsv
[0.073s] -- Installing: /home/knolan/ros-practice/install/polygon_base/share/polygon_base/package.dsv
[0.074s] -- Up-to-date: /home/knolan/ros-practice/install/polygon_base/share/ament_index/resource_index/packages/polygon_base
[0.074s] -- Up-to-date: /home/knolan/ros-practice/install/polygon_base/share/polygon_base/cmake/ament_cmake_export_include_directories-extras.cmake
[0.074s] -- Up-to-date: /home/knolan/ros-practice/install/polygon_base/share/polygon_base/cmake/polygon_baseConfig.cmake
[0.074s] -- Up-to-date: /home/knolan/ros-practice/install/polygon_base/share/polygon_base/cmake/polygon_baseConfig-version.cmake
[0.074s] -- Up-to-date: /home/knolan/ros-practice/install/polygon_base/share/polygon_base/package.xml
[0.076s] Invoked command in '/home/knolan/ros-practice/build/polygon_base' returned '0': CMAKE_PREFIX_PATH=${CMAKE_PREFIX_PATH}:/opt/ros/humble /usr/bin/cmake --install /home/knolan/ros-practice/build/polygon_base
