[0.349s] DEBUG:colcon:Command line arguments: ['/usr/bin/colcon', 'build', '--packages-select', 'my_package']
[0.349s] DEBUG:colcon:Parsed command line arguments: Namespace(log_base=None, log_level=None, verb_name='build', build_base='build', install_base='install', merge_install=False, symlink_install=False, test_result_base=None, continue_on_error=False, executor='parallel', parallel_workers=12, event_handlers=None, ignore_user_meta=False, metas=['./colcon.meta'], base_paths=['.'], packages_ignore=None, packages_ignore_regex=None, paths=None, packages_up_to=None, packages_up_to_regex=None, packages_above=None, packages_above_and_dependencies=None, packages_above_depth=None, packages_select_by_dep=None, packages_skip_by_dep=None, packages_skip_up_to=None, packages_select_build_failed=False, packages_skip_build_finished=False, packages_select_test_failures=False, packages_skip_test_passed=False, packages_select=['my_package'], packages_skip=None, packages_select_regex=None, packages_skip_regex=None, packages_start=None, packages_end=None, allow_overriding=[], cmake_args=None, cmake_target=None, cmake_target_skip_unavailable=False, cmake_clean_cache=False, cmake_clean_first=False, cmake_force_configure=False, ament_cmake_args=None, catkin_cmake_args=None, catkin_skip_building_tests=False, mixin_files=None, mixin=None, verb_parser=<colcon_mixin.mixin.mixin_argument.MixinArgumentDecorator object at 0x7f553d5e1930>, verb_extension=<colcon_core.verb.build.BuildVerb object at 0x7f553d5e10c0>, main=<bound method BuildVerb.main of <colcon_core.verb.build.BuildVerb object at 0x7f553d5e10c0>>, mixin_verb=('build',))
[0.446s] Level 1:colcon.colcon_core.package_discovery:discover_packages(colcon_meta) check parameters
[0.446s] Level 1:colcon.colcon_core.package_discovery:discover_packages(recursive) check parameters
[0.446s] Level 1:colcon.colcon_core.package_discovery:discover_packages(ignore) check parameters
[0.446s] Level 1:colcon.colcon_core.package_discovery:discover_packages(path) check parameters
[0.446s] Level 1:colcon.colcon_core.package_discovery:discover_packages(colcon_meta) discover
[0.446s] Level 1:colcon.colcon_core.package_discovery:discover_packages(recursive) discover
[0.446s] INFO:colcon.colcon_core.package_discovery:Crawling recursively for packages in '/home/knolan/ros-practice'
[0.446s] Level 1:colcon.colcon_core.package_identification:_identify(.) by extensions ['ignore', 'ignore_ament_install']
[0.446s] Level 1:colcon.colcon_core.package_identification:_identify(.) by extension 'ignore'
[0.446s] Level 1:colcon.colcon_core.package_identification:_identify(.) by extension 'ignore_ament_install'
[0.446s] Level 1:colcon.colcon_core.package_identification:_identify(.) by extensions ['colcon_pkg']
[0.446s] Level 1:colcon.colcon_core.package_identification:_identify(.) by extension 'colcon_pkg'
[0.446s] Level 1:colcon.colcon_core.package_identification:_identify(.) by extensions ['colcon_meta']
[0.446s] Level 1:colcon.colcon_core.package_identification:_identify(.) by extension 'colcon_meta'
[0.446s] Level 1:colcon.colcon_core.package_identification:_identify(.) by extensions ['ros']
[0.446s] Level 1:colcon.colcon_core.package_identification:_identify(.) by extension 'ros'
[0.454s] Level 1:colcon.colcon_core.package_identification:_identify(.) by extensions ['cmake', 'python']
[0.454s] Level 1:colcon.colcon_core.package_identification:_identify(.) by extension 'cmake'
[0.454s] Level 1:colcon.colcon_core.package_identification:_identify(.) by extension 'python'
[0.454s] Level 1:colcon.colcon_core.package_identification:_identify(.) by extensions ['python_setup_py']
[0.454s] Level 1:colcon.colcon_core.package_identification:_identify(.) by extension 'python_setup_py'
[0.454s] Level 1:colcon.colcon_core.package_identification:_identify(build) by extensions ['ignore', 'ignore_ament_install']
[0.455s] Level 1:colcon.colcon_core.package_identification:_identify(build) by extension 'ignore'
[0.455s] Level 1:colcon.colcon_core.package_identification:_identify(build) ignored
[0.455s] Level 1:colcon.colcon_core.package_identification:_identify(install) by extensions ['ignore', 'ignore_ament_install']
[0.455s] Level 1:colcon.colcon_core.package_identification:_identify(install) by extension 'ignore'
[0.455s] Level 1:colcon.colcon_core.package_identification:_identify(install) ignored
[0.455s] Level 1:colcon.colcon_core.package_identification:_identify(log) by extensions ['ignore', 'ignore_ament_install']
[0.455s] Level 1:colcon.colcon_core.package_identification:_identify(log) by extension 'ignore'
[0.455s] Level 1:colcon.colcon_core.package_identification:_identify(log) ignored
[0.455s] Level 1:colcon.colcon_core.package_identification:_identify(src) by extensions ['ignore', 'ignore_ament_install']
[0.455s] Level 1:colcon.colcon_core.package_identification:_identify(src) by extension 'ignore'
[0.455s] Level 1:colcon.colcon_core.package_identification:_identify(src) by extension 'ignore_ament_install'
[0.455s] Level 1:colcon.colcon_core.package_identification:_identify(src) by extensions ['colcon_pkg']
[0.455s] Level 1:colcon.colcon_core.package_identification:_identify(src) by extension 'colcon_pkg'
[0.455s] Level 1:colcon.colcon_core.package_identification:_identify(src) by extensions ['colcon_meta']
[0.455s] Level 1:colcon.colcon_core.package_identification:_identify(src) by extension 'colcon_meta'
[0.455s] Level 1:colcon.colcon_core.package_identification:_identify(src) by extensions ['ros']
[0.455s] Level 1:colcon.colcon_core.package_identification:_identify(src) by extension 'ros'
[0.455s] Level 1:colcon.colcon_core.package_identification:_identify(src) by extensions ['cmake', 'python']
[0.455s] Level 1:colcon.colcon_core.package_identification:_identify(src) by extension 'cmake'
[0.455s] Level 1:colcon.colcon_core.package_identification:_identify(src) by extension 'python'
[0.455s] Level 1:colcon.colcon_core.package_identification:_identify(src) by extensions ['python_setup_py']
[0.455s] Level 1:colcon.colcon_core.package_identification:_identify(src) by extension 'python_setup_py'
[0.455s] Level 1:colcon.colcon_core.package_identification:_identify(src/interface_practice) by extensions ['ignore', 'ignore_ament_install']
[0.456s] Level 1:colcon.colcon_core.package_identification:_identify(src/interface_practice) by extension 'ignore'
[0.456s] Level 1:colcon.colcon_core.package_identification:_identify(src/interface_practice) by extension 'ignore_ament_install'
[0.456s] Level 1:colcon.colcon_core.package_identification:_identify(src/interface_practice) by extensions ['colcon_pkg']
[0.456s] Level 1:colcon.colcon_core.package_identification:_identify(src/interface_practice) by extension 'colcon_pkg'
[0.456s] Level 1:colcon.colcon_core.package_identification:_identify(src/interface_practice) by extensions ['colcon_meta']
[0.456s] Level 1:colcon.colcon_core.package_identification:_identify(src/interface_practice) by extension 'colcon_meta'
[0.456s] Level 1:colcon.colcon_core.package_identification:_identify(src/interface_practice) by extensions ['ros']
[0.456s] Level 1:colcon.colcon_core.package_identification:_identify(src/interface_practice) by extension 'ros'
[0.458s] DEBUG:colcon.colcon_core.package_identification:Package 'src/interface_practice' with type 'ros.ament_cmake' and name 'interface_practice'
[0.458s] Level 1:colcon.colcon_core.package_identification:_identify(src/my_package) by extensions ['ignore', 'ignore_ament_install']
[0.458s] Level 1:colcon.colcon_core.package_identification:_identify(src/my_package) by extension 'ignore'
[0.458s] Level 1:colcon.colcon_core.package_identification:_identify(src/my_package) by extension 'ignore_ament_install'
[0.458s] Level 1:colcon.colcon_core.package_identification:_identify(src/my_package) by extensions ['colcon_pkg']
[0.458s] Level 1:colcon.colcon_core.package_identification:_identify(src/my_package) by extension 'colcon_pkg'
[0.458s] Level 1:colcon.colcon_core.package_identification:_identify(src/my_package) by extensions ['colcon_meta']
[0.458s] Level 1:colcon.colcon_core.package_identification:_identify(src/my_package) by extension 'colcon_meta'
[0.458s] Level 1:colcon.colcon_core.package_identification:_identify(src/my_package) by extensions ['ros']
[0.458s] Level 1:colcon.colcon_core.package_identification:_identify(src/my_package) by extension 'ros'
[0.458s] DEBUG:colcon.colcon_core.package_identification:Package 'src/my_package' with type 'ros.ament_cmake' and name 'my_package'
[0.459s] Level 1:colcon.colcon_core.package_identification:_identify(src/my_service) by extensions ['ignore', 'ignore_ament_install']
[0.459s] Level 1:colcon.colcon_core.package_identification:_identify(src/my_service) by extension 'ignore'
[0.459s] Level 1:colcon.colcon_core.package_identification:_identify(src/my_service) by extension 'ignore_ament_install'
[0.459s] Level 1:colcon.colcon_core.package_identification:_identify(src/my_service) by extensions ['colcon_pkg']
[0.459s] Level 1:colcon.colcon_core.package_identification:_identify(src/my_service) by extension 'colcon_pkg'
[0.459s] Level 1:colcon.colcon_core.package_identification:_identify(src/my_service) by extensions ['colcon_meta']
[0.459s] Level 1:colcon.colcon_core.package_identification:_identify(src/my_service) by extension 'colcon_meta'
[0.459s] Level 1:colcon.colcon_core.package_identification:_identify(src/my_service) by extensions ['ros']
[0.459s] Level 1:colcon.colcon_core.package_identification:_identify(src/my_service) by extension 'ros'
[0.459s] DEBUG:colcon.colcon_core.package_identification:Package 'src/my_service' with type 'ros.ament_cmake' and name 'my_service'
[0.459s] Level 1:colcon.colcon_core.package_identification:_identify(src/ros_tutorials) by extensions ['ignore', 'ignore_ament_install']
[0.459s] Level 1:colcon.colcon_core.package_identification:_identify(src/ros_tutorials) by extension 'ignore'
[0.460s] Level 1:colcon.colcon_core.package_identification:_identify(src/ros_tutorials) by extension 'ignore_ament_install'
[0.460s] Level 1:colcon.colcon_core.package_identification:_identify(src/ros_tutorials) by extensions ['colcon_pkg']
[0.460s] Level 1:colcon.colcon_core.package_identification:_identify(src/ros_tutorials) by extension 'colcon_pkg'
[0.460s] Level 1:colcon.colcon_core.package_identification:_identify(src/ros_tutorials) by extensions ['colcon_meta']
[0.460s] Level 1:colcon.colcon_core.package_identification:_identify(src/ros_tutorials) by extension 'colcon_meta'
[0.460s] Level 1:colcon.colcon_core.package_identification:_identify(src/ros_tutorials) by extensions ['ros']
[0.460s] Level 1:colcon.colcon_core.package_identification:_identify(src/ros_tutorials) by extension 'ros'
[0.460s] Level 1:colcon.colcon_core.package_identification:_identify(src/ros_tutorials) by extensions ['cmake', 'python']
[0.460s] Level 1:colcon.colcon_core.package_identification:_identify(src/ros_tutorials) by extension 'cmake'
[0.460s] Level 1:colcon.colcon_core.package_identification:_identify(src/ros_tutorials) by extension 'python'
[0.460s] Level 1:colcon.colcon_core.package_identification:_identify(src/ros_tutorials) by extensions ['python_setup_py']
[0.460s] Level 1:colcon.colcon_core.package_identification:_identify(src/ros_tutorials) by extension 'python_setup_py'
[0.460s] Level 1:colcon.colcon_core.package_discovery:discover_packages(recursive) using defaults
[0.460s] Level 1:colcon.colcon_core.package_discovery:discover_packages(ignore) discover
[0.460s] Level 1:colcon.colcon_core.package_discovery:discover_packages(ignore) using defaults
[0.460s] Level 1:colcon.colcon_core.package_discovery:discover_packages(path) discover
[0.460s] Level 1:colcon.colcon_core.package_discovery:discover_packages(path) using defaults
[0.483s] INFO:colcon.colcon_core.package_selection:Skipping not selected package 'interface_practice' in 'src/interface_practice'
[0.483s] INFO:colcon.colcon_core.package_selection:Skipping not selected package 'my_service' in 'src/my_service'
[0.483s] Level 1:colcon.colcon_core.package_discovery:discover_packages(prefix_path) check parameters
[0.483s] Level 1:colcon.colcon_core.package_discovery:discover_packages(prefix_path) discover
[0.485s] DEBUG:colcon.colcon_installed_package_information.package_discovery:Found 4 installed packages in /home/knolan/ros-practice/install
[0.485s] DEBUG:colcon.colcon_installed_package_information.package_discovery:Found 295 installed packages in /opt/ros/humble
[0.486s] Level 1:colcon.colcon_core.package_discovery:discover_packages(prefix_path) using defaults
[0.514s] Level 5:colcon.colcon_core.verb:set package 'my_package' build argument 'cmake_args' from command line to 'None'
[0.514s] Level 5:colcon.colcon_core.verb:set package 'my_package' build argument 'cmake_target' from command line to 'None'
[0.514s] Level 5:colcon.colcon_core.verb:set package 'my_package' build argument 'cmake_target_skip_unavailable' from command line to 'False'
[0.514s] Level 5:colcon.colcon_core.verb:set package 'my_package' build argument 'cmake_clean_cache' from command line to 'False'
[0.514s] Level 5:colcon.colcon_core.verb:set package 'my_package' build argument 'cmake_clean_first' from command line to 'False'
[0.514s] Level 5:colcon.colcon_core.verb:set package 'my_package' build argument 'cmake_force_configure' from command line to 'False'
[0.514s] Level 5:colcon.colcon_core.verb:set package 'my_package' build argument 'ament_cmake_args' from command line to 'None'
[0.514s] Level 5:colcon.colcon_core.verb:set package 'my_package' build argument 'catkin_cmake_args' from command line to 'None'
[0.514s] Level 5:colcon.colcon_core.verb:set package 'my_package' build argument 'catkin_skip_building_tests' from command line to 'False'
[0.514s] DEBUG:colcon.colcon_core.verb:Building package 'my_package' with the following arguments: {'ament_cmake_args': None, 'build_base': '/home/knolan/ros-practice/build/my_package', 'catkin_cmake_args': None, 'catkin_skip_building_tests': False, 'cmake_args': None, 'cmake_clean_cache': False, 'cmake_clean_first': False, 'cmake_force_configure': False, 'cmake_target': None, 'cmake_target_skip_unavailable': False, 'install_base': '/home/knolan/ros-practice/install/my_package', 'merge_install': False, 'path': '/home/knolan/ros-practice/src/my_package', 'symlink_install': False, 'test_result_base': None}
[0.514s] INFO:colcon.colcon_core.executor:Executing jobs using 'parallel' executor
[0.515s] DEBUG:colcon.colcon_parallel_executor.executor.parallel:run_until_complete
[0.515s] INFO:colcon.colcon_ros.task.ament_cmake.build:Building ROS package in '/home/knolan/ros-practice/src/my_package' with build type 'ament_cmake'
[0.516s] INFO:colcon.colcon_cmake.task.cmake.build:Building CMake package in '/home/knolan/ros-practice/src/my_package'
[0.518s] INFO:colcon.colcon_core.plugin_system:Skipping extension 'colcon_core.shell.bat': Not used on non-Windows systems
[0.518s] INFO:colcon.colcon_core.shell:Skip shell extension 'powershell' for command environment: Not usable outside of PowerShell
[0.518s] DEBUG:colcon.colcon_core.shell:Skip shell extension 'dsv' for command environment
[0.787s] DEBUG:colcon.colcon_core.event_handler.log_command:Invoking command in '/home/knolan/ros-practice/build/my_package': CMAKE_PREFIX_PATH=/home/knolan/ros-practice/install/interface_practice:/home/knolan/ros-practice/install/turtlesim:/home/knolan/ros-practice/install/my_service:/home/knolan/ros-practice/install/my_package:/opt/ros/humble LD_LIBRARY_PATH=/home/knolan/ros-practice/install/interface_practice/lib:${LD_LIBRARY_PATH} PYTHONPATH=/home/knolan/ros-practice/install/interface_practice/local/lib/python3.10/dist-packages:${PYTHONPATH} /usr/bin/cmake --build /home/knolan/ros-practice/build/my_package -- -j12 -l12
[3.801s] DEBUG:colcon.colcon_core.event_handler.log_command:Invoked command in '/home/knolan/ros-practice/build/my_package' returned '0': CMAKE_PREFIX_PATH=/home/knolan/ros-practice/install/interface_practice:/home/knolan/ros-practice/install/turtlesim:/home/knolan/ros-practice/install/my_service:/home/knolan/ros-practice/install/my_package:/opt/ros/humble LD_LIBRARY_PATH=/home/knolan/ros-practice/install/interface_practice/lib:${LD_LIBRARY_PATH} PYTHONPATH=/home/knolan/ros-practice/install/interface_practice/local/lib/python3.10/dist-packages:${PYTHONPATH} /usr/bin/cmake --build /home/knolan/ros-practice/build/my_package -- -j12 -l12
[3.808s] DEBUG:colcon.colcon_core.event_handler.log_command:Invoking command in '/home/knolan/ros-practice/build/my_package': CMAKE_PREFIX_PATH=/home/knolan/ros-practice/install/interface_practice:/home/knolan/ros-practice/install/turtlesim:/home/knolan/ros-practice/install/my_service:/home/knolan/ros-practice/install/my_package:/opt/ros/humble LD_LIBRARY_PATH=/home/knolan/ros-practice/install/interface_practice/lib:${LD_LIBRARY_PATH} PYTHONPATH=/home/knolan/ros-practice/install/interface_practice/local/lib/python3.10/dist-packages:${PYTHONPATH} /usr/bin/cmake --install /home/knolan/ros-practice/build/my_package
[3.815s] Level 1:colcon.colcon_core.environment:create_environment_scripts_only(my_package)
[3.817s] DEBUG:colcon.colcon_core.event_handler.log_command:Invoked command in '/home/knolan/ros-practice/build/my_package' returned '0': CMAKE_PREFIX_PATH=/home/knolan/ros-practice/install/interface_practice:/home/knolan/ros-practice/install/turtlesim:/home/knolan/ros-practice/install/my_service:/home/knolan/ros-practice/install/my_package:/opt/ros/humble LD_LIBRARY_PATH=/home/knolan/ros-practice/install/interface_practice/lib:${LD_LIBRARY_PATH} PYTHONPATH=/home/knolan/ros-practice/install/interface_practice/local/lib/python3.10/dist-packages:${PYTHONPATH} /usr/bin/cmake --install /home/knolan/ros-practice/build/my_package
[3.818s] Level 1:colcon.colcon_core.environment:checking '/home/knolan/ros-practice/install/my_package' for CMake module files
[3.818s] Level 1:colcon.colcon_core.environment:checking '/home/knolan/ros-practice/install/my_package' for CMake config files
[3.818s] Level 1:colcon.colcon_core.shell:create_environment_hook('my_package', 'cmake_prefix_path')
[3.818s] INFO:colcon.colcon_core.shell:Creating environment hook '/home/knolan/ros-practice/install/my_package/share/my_package/hook/cmake_prefix_path.ps1'
[3.819s] INFO:colcon.colcon_core.shell:Creating environment descriptor '/home/knolan/ros-practice/install/my_package/share/my_package/hook/cmake_prefix_path.dsv'
[3.819s] INFO:colcon.colcon_core.shell:Creating environment hook '/home/knolan/ros-practice/install/my_package/share/my_package/hook/cmake_prefix_path.sh'
[3.820s] Level 1:colcon.colcon_core.environment:checking '/home/knolan/ros-practice/install/my_package/lib'
[3.820s] Level 1:colcon.colcon_core.environment:checking '/home/knolan/ros-practice/install/my_package/bin'
[3.820s] Level 1:colcon.colcon_core.environment:checking '/home/knolan/ros-practice/install/my_package/lib/pkgconfig/my_package.pc'
[3.820s] Level 1:colcon.colcon_core.environment:checking '/home/knolan/ros-practice/install/my_package/lib/python3.10/site-packages'
[3.820s] Level 1:colcon.colcon_core.environment:checking '/home/knolan/ros-practice/install/my_package/bin'
[3.821s] INFO:colcon.colcon_core.shell:Creating package script '/home/knolan/ros-practice/install/my_package/share/my_package/package.ps1'
[3.821s] INFO:colcon.colcon_core.shell:Creating package descriptor '/home/knolan/ros-practice/install/my_package/share/my_package/package.dsv'
[3.821s] INFO:colcon.colcon_core.shell:Creating package script '/home/knolan/ros-practice/install/my_package/share/my_package/package.sh'
[3.822s] INFO:colcon.colcon_core.shell:Creating package script '/home/knolan/ros-practice/install/my_package/share/my_package/package.bash'
[3.822s] INFO:colcon.colcon_core.shell:Creating package script '/home/knolan/ros-practice/install/my_package/share/my_package/package.zsh'
[3.823s] Level 1:colcon.colcon_core.environment:create_file_with_runtime_dependencies(/home/knolan/ros-practice/install/my_package/share/colcon-core/packages/my_package)
[3.823s] Level 1:colcon.colcon_core.environment:create_environment_scripts_only(my_package)
[3.823s] Level 1:colcon.colcon_core.environment:checking '/home/knolan/ros-practice/install/my_package' for CMake module files
[3.824s] Level 1:colcon.colcon_core.environment:checking '/home/knolan/ros-practice/install/my_package' for CMake config files
[3.824s] Level 1:colcon.colcon_core.shell:create_environment_hook('my_package', 'cmake_prefix_path')
[3.824s] INFO:colcon.colcon_core.shell:Creating environment hook '/home/knolan/ros-practice/install/my_package/share/my_package/hook/cmake_prefix_path.ps1'
[3.824s] INFO:colcon.colcon_core.shell:Creating environment descriptor '/home/knolan/ros-practice/install/my_package/share/my_package/hook/cmake_prefix_path.dsv'
[3.824s] INFO:colcon.colcon_core.shell:Creating environment hook '/home/knolan/ros-practice/install/my_package/share/my_package/hook/cmake_prefix_path.sh'
[3.825s] Level 1:colcon.colcon_core.environment:checking '/home/knolan/ros-practice/install/my_package/lib'
[3.825s] Level 1:colcon.colcon_core.environment:checking '/home/knolan/ros-practice/install/my_package/bin'
[3.825s] Level 1:colcon.colcon_core.environment:checking '/home/knolan/ros-practice/install/my_package/lib/pkgconfig/my_package.pc'
[3.825s] Level 1:colcon.colcon_core.environment:checking '/home/knolan/ros-practice/install/my_package/lib/python3.10/site-packages'
[3.825s] Level 1:colcon.colcon_core.environment:checking '/home/knolan/ros-practice/install/my_package/bin'
[3.825s] INFO:colcon.colcon_core.shell:Creating package script '/home/knolan/ros-practice/install/my_package/share/my_package/package.ps1'
[3.826s] INFO:colcon.colcon_core.shell:Creating package descriptor '/home/knolan/ros-practice/install/my_package/share/my_package/package.dsv'
[3.826s] INFO:colcon.colcon_core.shell:Creating package script '/home/knolan/ros-practice/install/my_package/share/my_package/package.sh'
[3.826s] INFO:colcon.colcon_core.shell:Creating package script '/home/knolan/ros-practice/install/my_package/share/my_package/package.bash'
[3.827s] INFO:colcon.colcon_core.shell:Creating package script '/home/knolan/ros-practice/install/my_package/share/my_package/package.zsh'
[3.827s] Level 1:colcon.colcon_core.environment:create_file_with_runtime_dependencies(/home/knolan/ros-practice/install/my_package/share/colcon-core/packages/my_package)
[3.827s] DEBUG:colcon.colcon_parallel_executor.executor.parallel:closing loop
[3.828s] DEBUG:colcon.colcon_parallel_executor.executor.parallel:loop closed
[3.828s] DEBUG:colcon.colcon_parallel_executor.executor.parallel:run_until_complete finished with '0'
[3.828s] DEBUG:colcon.colcon_core.event_reactor:joining thread
[3.990s] INFO:colcon.colcon_core.plugin_system:Skipping extension 'colcon_notification.desktop_notification.notify_send': Could not find 'notify-send'
[3.991s] INFO:colcon.colcon_core.plugin_system:Skipping extension 'colcon_notification.desktop_notification.terminal_notifier': Not used on non-Darwin systems
[3.991s] INFO:colcon.colcon_core.plugin_system:Skipping extension 'colcon_notification.desktop_notification.win32': Not used on non-Windows systems
[3.991s] INFO:colcon.colcon_notification.desktop_notification:Sending desktop notification using 'notify2'
[3.991s] DEBUG:colcon.colcon_notification.desktop_notification.notify2:Failed to initialize notify2: org.freedesktop.DBus.Error.FileNotFound: Failed to connect to socket /run/user/1000/bus: No such file or directory
[3.991s] DEBUG:colcon.colcon_core.event_reactor:joined thread
[3.992s] INFO:colcon.colcon_core.shell:Creating prefix script '/home/knolan/ros-practice/install/local_setup.ps1'
[3.992s] INFO:colcon.colcon_core.shell:Creating prefix util module '/home/knolan/ros-practice/install/_local_setup_util_ps1.py'
[3.993s] INFO:colcon.colcon_core.shell:Creating prefix chain script '/home/knolan/ros-practice/install/setup.ps1'
[3.994s] INFO:colcon.colcon_core.shell:Creating prefix script '/home/knolan/ros-practice/install/local_setup.sh'
[3.994s] INFO:colcon.colcon_core.shell:Creating prefix util module '/home/knolan/ros-practice/install/_local_setup_util_sh.py'
[3.995s] INFO:colcon.colcon_core.shell:Creating prefix chain script '/home/knolan/ros-practice/install/setup.sh'
[3.996s] INFO:colcon.colcon_core.shell:Creating prefix script '/home/knolan/ros-practice/install/local_setup.bash'
[3.996s] INFO:colcon.colcon_core.shell:Creating prefix chain script '/home/knolan/ros-practice/install/setup.bash'
[3.997s] INFO:colcon.colcon_core.shell:Creating prefix script '/home/knolan/ros-practice/install/local_setup.zsh'
[3.997s] INFO:colcon.colcon_core.shell:Creating prefix chain script '/home/knolan/ros-practice/install/setup.zsh'
