-- The C compiler identification is GNU 11.4.0
-- The CXX compiler identification is GNU 11.4.0
-- Detecting C compiler ABI info
-- Detecting C compiler ABI info - done
-- Check for working C compiler: /usr/bin/cc - skipped
-- Detecting C compile features
-- Detecting C compile features - done
-- Detecting CXX compiler ABI info
-- Detecting CXX compiler ABI info - done
-- Check for working CXX compiler: /usr/bin/c++ - skipped
-- Detecting CXX compile features
-- Detecting CXX compile features - done
-- Found ament_cmake: 1.3.11 (/opt/ros/humble/share/ament_cmake/cmake)
-- Found Python3: /usr/bin/python3 (found version "3.10.12") found components: Interpreter 
-- Found ament_lint_auto: 0.12.11 (/opt/ros/humble/share/ament_lint_auto/cmake)
-- Added test 'lint_cmake' to check CMake code style
-- Added test 'xmllint' to check XML markup files
-- Configuring done
-- Generating done
-- Build files have been written to: /home/knolan/ros-practice/build/interface_practice
-- Install configuration: ""
-- Installing: /home/knolan/ros-practice/install/interface_practice/share/ament_index/resource_index/package_run_dependencies/interface_practice
-- Installing: /home/knolan/ros-practice/install/interface_practice/share/ament_index/resource_index/parent_prefix_path/interface_practice
-- Installing: /home/knolan/ros-practice/install/interface_practice/share/interface_practice/environment/ament_prefix_path.sh
-- Installing: /home/knolan/ros-practice/install/interface_practice/share/interface_practice/environment/ament_prefix_path.dsv
-- Installing: /home/knolan/ros-practice/install/interface_practice/share/interface_practice/environment/path.sh
-- Installing: /home/knolan/ros-practice/install/interface_practice/share/interface_practice/environment/path.dsv
-- Installing: /home/knolan/ros-practice/install/interface_practice/share/interface_practice/local_setup.bash
-- Installing: /home/knolan/ros-practice/install/interface_practice/share/interface_practice/local_setup.sh
-- Installing: /home/knolan/ros-practice/install/interface_practice/share/interface_practice/local_setup.zsh
-- Installing: /home/knolan/ros-practice/install/interface_practice/share/interface_practice/local_setup.dsv
-- Installing: /home/knolan/ros-practice/install/interface_practice/share/interface_practice/package.dsv
-- Installing: /home/knolan/ros-practice/install/interface_practice/share/ament_index/resource_index/packages/interface_practice
-- Installing: /home/knolan/ros-practice/install/interface_practice/share/interface_practice/cmake/interface_practiceConfig.cmake
-- Installing: /home/knolan/ros-practice/install/interface_practice/share/interface_practice/cmake/interface_practiceConfig-version.cmake
-- Installing: /home/knolan/ros-practice/install/interface_practice/share/interface_practice/package.xml
