[0.014s] Invoking command in '/home/knolan/ros-practice/build/cpp_parameters': CMAKE_PREFIX_PATH=${CMAKE_PREFIX_PATH}:/opt/ros/humble /usr/bin/cmake /home/knolan/ros-practice/src/cpp_parameters -DCMAKE_INSTALL_PREFIX=/home/knolan/ros-practice/install/cpp_parameters
[0.552s] -- The C compiler identification is GNU 11.4.0
[2.217s] -- The CXX compiler identification is GNU 11.4.0
[3.295s] -- Detecting C compiler ABI info
[3.642s] -- Detecting C compiler ABI info - done
[3.648s] -- Check for working C compiler: /usr/bin/cc - skipped
[3.648s] -- Detecting C compile features
[3.649s] -- Detecting C compile features - done
[3.653s] -- Detecting CXX compiler ABI info
[3.989s] -- Detecting CXX compiler ABI info - done
[3.994s] -- Check for working CXX compiler: /usr/bin/c++ - skipped
[3.994s] -- Detecting CXX compile features
[3.994s] -- Detecting CXX compile features - done
[4.010s] -- Found ament_cmake: 1.3.11 (/opt/ros/humble/share/ament_cmake/cmake)
[4.119s] -- Found Python3: /usr/bin/python3 (found version "3.10.12") found components: Interpreter 
[4.211s] -- Found rclcpp: 16.0.11 (/opt/ros/humble/share/rclcpp/cmake)
[4.659s] -- Found rosidl_generator_c: 3.1.6 (/opt/ros/humble/share/rosidl_generator_c/cmake)
[4.664s] -- Found rosidl_adapter: 3.1.6 (/opt/ros/humble/share/rosidl_adapter/cmake)
[4.672s] -- Found rosidl_generator_cpp: 3.1.6 (/opt/ros/humble/share/rosidl_generator_cpp/cmake)
[4.688s] -- Using all available rosidl_typesupport_c: rosidl_typesupport_fastrtps_c;rosidl_typesupport_introspection_c
[4.705s] -- Using all available rosidl_typesupport_cpp: rosidl_typesupport_fastrtps_cpp;rosidl_typesupport_introspection_cpp
[4.763s] -- Found rmw_implementation_cmake: 6.1.2 (/opt/ros/humble/share/rmw_implementation_cmake/cmake)
[4.767s] -- Found rmw_fastrtps_cpp: 6.2.7 (/opt/ros/humble/share/rmw_fastrtps_cpp/cmake)
[9.514s] -- Found OpenSSL: /usr/lib/x86_64-linux-gnu/libcrypto.so (found version "3.0.2")  
[14.652s] -- Found FastRTPS: /opt/ros/humble/include  
[23.953s] -- Using RMW implementation 'rmw_fastrtps_cpp' as default
[23.968s] -- Looking for pthread.h
[24.317s] -- Looking for pthread.h - found
[24.317s] -- Performing Test CMAKE_HAVE_LIBC_PTHREAD
[24.700s] -- Performing Test CMAKE_HAVE_LIBC_PTHREAD - Success
[24.701s] -- Found Threads: TRUE  
[24.755s] -- Found ament_lint_auto: 0.12.11 (/opt/ros/humble/share/ament_lint_auto/cmake)
[24.824s] -- Added test 'cppcheck' to perform static code analysis on C / C++ code
[24.824s] -- Configured cppcheck include dirs: 
[24.824s] -- Configured cppcheck exclude dirs and/or files: 
[24.825s] -- Added test 'lint_cmake' to check CMake code style
[24.826s] -- Added test 'uncrustify' to check C / C++ code style
[24.826s] -- Configured uncrustify additional arguments: 
[24.827s] -- Added test 'xmllint' to check XML markup files
[24.828s] -- Configuring done
[24.836s] -- Generating done
[24.838s] -- Build files have been written to: /home/knolan/ros-practice/build/cpp_parameters
[24.845s] Invoked command in '/home/knolan/ros-practice/build/cpp_parameters' returned '0': CMAKE_PREFIX_PATH=${CMAKE_PREFIX_PATH}:/opt/ros/humble /usr/bin/cmake /home/knolan/ros-practice/src/cpp_parameters -DCMAKE_INSTALL_PREFIX=/home/knolan/ros-practice/install/cpp_parameters
[24.847s] Invoking command in '/home/knolan/ros-practice/build/cpp_parameters': CMAKE_PREFIX_PATH=${CMAKE_PREFIX_PATH}:/opt/ros/humble /usr/bin/cmake --build /home/knolan/ros-practice/build/cpp_parameters -- -j12 -l12
[24.878s] [ 50%] [32mBuilding CXX object CMakeFiles/minimal_param_node.dir/src/cpp_parameters_node.cpp.o[0m
[27.147s] [100%] [32m[1mLinking CXX executable minimal_param_node[0m
[27.557s] [100%] Built target minimal_param_node
[27.565s] Invoked command in '/home/knolan/ros-practice/build/cpp_parameters' returned '0': CMAKE_PREFIX_PATH=${CMAKE_PREFIX_PATH}:/opt/ros/humble /usr/bin/cmake --build /home/knolan/ros-practice/build/cpp_parameters -- -j12 -l12
[27.571s] Invoking command in '/home/knolan/ros-practice/build/cpp_parameters': CMAKE_PREFIX_PATH=${CMAKE_PREFIX_PATH}:/opt/ros/humble /usr/bin/cmake --install /home/knolan/ros-practice/build/cpp_parameters
[27.576s] -- Install configuration: ""
[27.576s] -- Installing: /home/knolan/ros-practice/install/cpp_parameters/lib/cpp_parameters/minimal_param_node
[27.576s] -- Set runtime path of "/home/knolan/ros-practice/install/cpp_parameters/lib/cpp_parameters/minimal_param_node" to ""
[27.579s] -- Installing: /home/knolan/ros-practice/install/cpp_parameters/share/ament_index/resource_index/package_run_dependencies/cpp_parameters
[27.579s] -- Installing: /home/knolan/ros-practice/install/cpp_parameters/share/ament_index/resource_index/parent_prefix_path/cpp_parameters
[27.580s] -- Installing: /home/knolan/ros-practice/install/cpp_parameters/share/cpp_parameters/environment/ament_prefix_path.sh
[27.580s] -- Installing: /home/knolan/ros-practice/install/cpp_parameters/share/cpp_parameters/environment/ament_prefix_path.dsv
[27.580s] -- Installing: /home/knolan/ros-practice/install/cpp_parameters/share/cpp_parameters/environment/path.sh
[27.580s] -- Installing: /home/knolan/ros-practice/install/cpp_parameters/share/cpp_parameters/environment/path.dsv
[27.580s] -- Installing: /home/knolan/ros-practice/install/cpp_parameters/share/cpp_parameters/local_setup.bash
[27.580s] -- Installing: /home/knolan/ros-practice/install/cpp_parameters/share/cpp_parameters/local_setup.sh
[27.581s] -- Installing: /home/knolan/ros-practice/install/cpp_parameters/share/cpp_parameters/local_setup.zsh
[27.581s] -- Installing: /home/knolan/ros-practice/install/cpp_parameters/share/cpp_parameters/local_setup.dsv
[27.581s] -- Installing: /home/knolan/ros-practice/install/cpp_parameters/share/cpp_parameters/package.dsv
[27.581s] -- Installing: /home/knolan/ros-practice/install/cpp_parameters/share/ament_index/resource_index/packages/cpp_parameters
[27.581s] -- Installing: /home/knolan/ros-practice/install/cpp_parameters/share/cpp_parameters/cmake/cpp_parametersConfig.cmake
[27.581s] -- Installing: /home/knolan/ros-practice/install/cpp_parameters/share/cpp_parameters/cmake/cpp_parametersConfig-version.cmake
[27.581s] -- Installing: /home/knolan/ros-practice/install/cpp_parameters/share/cpp_parameters/package.xml
[27.583s] Invoked command in '/home/knolan/ros-practice/build/cpp_parameters' returned '0': CMAKE_PREFIX_PATH=${CMAKE_PREFIX_PATH}:/opt/ros/humble /usr/bin/cmake --install /home/knolan/ros-practice/build/cpp_parameters
