[0.284s] Invoking command in '/home/knolan/ros-practice/build/my_package': CMAKE_PREFIX_PATH=/home/knolan/ros-practice/install/interface_practice:/home/knolan/ros-practice/install/turtlesim:/home/knolan/ros-practice/install/my_service:/home/knolan/ros-practice/install/my_package:/opt/ros/humble LD_LIBRARY_PATH=/home/knolan/ros-practice/install/interface_practice/lib:${LD_LIBRARY_PATH} PYTHONPATH=/home/knolan/ros-practice/install/interface_practice/local/lib/python3.10/dist-packages:${PYTHONPATH} /usr/bin/cmake --build /home/knolan/ros-practice/build/my_package -- -j12 -l12
[0.394s] [35m[1mConsolidate compiler generated dependencies of target talker[0m
[0.399s] [ 33%] Built target my_node
[0.406s] [ 66%] Built target listener
[0.409s] [100%] Built target talker
[0.419s] Invoked command in '/home/knolan/ros-practice/build/my_package' returned '0': CMAKE_PREFIX_PATH=/home/knolan/ros-practice/install/interface_practice:/home/knolan/ros-practice/install/turtlesim:/home/knolan/ros-practice/install/my_service:/home/knolan/ros-practice/install/my_package:/opt/ros/humble LD_LIBRARY_PATH=/home/knolan/ros-practice/install/interface_practice/lib:${LD_LIBRARY_PATH} PYTHONPATH=/home/knolan/ros-practice/install/interface_practice/local/lib/python3.10/dist-packages:${PYTHONPATH} /usr/bin/cmake --build /home/knolan/ros-practice/build/my_package -- -j12 -l12
[0.429s] Invoking command in '/home/knolan/ros-practice/build/my_package': CMAKE_PREFIX_PATH=/home/knolan/ros-practice/install/interface_practice:/home/knolan/ros-practice/install/turtlesim:/home/knolan/ros-practice/install/my_service:/home/knolan/ros-practice/install/my_package:/opt/ros/humble LD_LIBRARY_PATH=/home/knolan/ros-practice/install/interface_practice/lib:${LD_LIBRARY_PATH} PYTHONPATH=/home/knolan/ros-practice/install/interface_practice/local/lib/python3.10/dist-packages:${PYTHONPATH} /usr/bin/cmake --install /home/knolan/ros-practice/build/my_package
[0.434s] -- Install configuration: ""
[0.436s] -- Up-to-date: /home/knolan/ros-practice/install/my_package/lib/my_package/talker
[0.438s] -- Up-to-date: /home/knolan/ros-practice/install/my_package/lib/my_package/listener
[0.438s] -- Up-to-date: /home/knolan/ros-practice/install/my_package/lib/my_package/my_node
[0.438s] -- Up-to-date: /home/knolan/ros-practice/install/my_package/share/ament_index/resource_index/package_run_dependencies/my_package
[0.438s] -- Up-to-date: /home/knolan/ros-practice/install/my_package/share/ament_index/resource_index/parent_prefix_path/my_package
[0.438s] -- Up-to-date: /home/knolan/ros-practice/install/my_package/share/my_package/environment/ament_prefix_path.sh
[0.438s] -- Up-to-date: /home/knolan/ros-practice/install/my_package/share/my_package/environment/ament_prefix_path.dsv
[0.438s] -- Up-to-date: /home/knolan/ros-practice/install/my_package/share/my_package/environment/path.sh
[0.438s] -- Up-to-date: /home/knolan/ros-practice/install/my_package/share/my_package/environment/path.dsv
[0.438s] -- Up-to-date: /home/knolan/ros-practice/install/my_package/share/my_package/local_setup.bash
[0.438s] -- Up-to-date: /home/knolan/ros-practice/install/my_package/share/my_package/local_setup.sh
[0.438s] -- Up-to-date: /home/knolan/ros-practice/install/my_package/share/my_package/local_setup.zsh
[0.438s] -- Up-to-date: /home/knolan/ros-practice/install/my_package/share/my_package/local_setup.dsv
[0.438s] -- Installing: /home/knolan/ros-practice/install/my_package/share/my_package/package.dsv
[0.439s] -- Up-to-date: /home/knolan/ros-practice/install/my_package/share/ament_index/resource_index/packages/my_package
[0.440s] -- Up-to-date: /home/knolan/ros-practice/install/my_package/share/my_package/cmake/my_packageConfig.cmake
[0.440s] -- Up-to-date: /home/knolan/ros-practice/install/my_package/share/my_package/cmake/my_packageConfig-version.cmake
[0.440s] -- Up-to-date: /home/knolan/ros-practice/install/my_package/share/my_package/package.xml
[0.441s] Invoked command in '/home/knolan/ros-practice/build/my_package' returned '0': CMAKE_PREFIX_PATH=/home/knolan/ros-practice/install/interface_practice:/home/knolan/ros-practice/install/turtlesim:/home/knolan/ros-practice/install/my_service:/home/knolan/ros-practice/install/my_package:/opt/ros/humble LD_LIBRARY_PATH=/home/knolan/ros-practice/install/interface_practice/lib:${LD_LIBRARY_PATH} PYTHONPATH=/home/knolan/ros-practice/install/interface_practice/local/lib/python3.10/dist-packages:${PYTHONPATH} /usr/bin/cmake --install /home/knolan/ros-practice/build/my_package
