[0.307s] Invoking command in '/home/knolan/ros-practice/build/my_package': CMAKE_PREFIX_PATH=/home/knolan/ros-practice/install/interface_practice:/home/knolan/ros-practice/install/turtlesim:/home/knolan/ros-practice/install/my_service:/home/knolan/ros-practice/install/my_package:/opt/ros/humble LD_LIBRARY_PATH=/home/knolan/ros-practice/install/interface_practice/lib:${LD_LIBRARY_PATH} PYTHONPATH=/home/knolan/ros-practice/install/interface_practice/local/lib/python3.10/dist-packages:${PYTHONPATH} /usr/bin/cmake /home/knolan/ros-practice/src/my_package -DCMAKE_INSTALL_PREFIX=/home/knolan/ros-practice/install/my_package
[0.802s] -- The C compiler identification is GNU 11.4.0
[2.280s] -- The CXX compiler identification is GNU 11.4.0
[3.497s] -- Detecting C compiler ABI info
[3.856s] -- Detecting C compiler ABI info - done
[3.861s] -- Check for working C compiler: /usr/bin/cc - skipped
[3.867s] -- Detecting C compile features
[3.867s] -- Detecting C compile features - done
[3.871s] -- Detecting CXX compiler ABI info
[4.183s] -- Detecting CXX compiler ABI info - done
[4.188s] -- Check for working CXX compiler: /usr/bin/c++ - skipped
[4.188s] -- Detecting CXX compile features
[4.188s] -- Detecting CXX compile features - done
[4.201s] -- Found ament_cmake: 1.3.11 (/opt/ros/humble/share/ament_cmake/cmake)
[4.309s] -- Found Python3: /usr/bin/python3 (found version "3.10.12") found components: Interpreter 
[4.399s] -- Found rclcpp: 16.0.11 (/opt/ros/humble/share/rclcpp/cmake)
[4.883s] -- Found rosidl_generator_c: 3.1.6 (/opt/ros/humble/share/rosidl_generator_c/cmake)
[4.888s] -- Found rosidl_adapter: 3.1.6 (/opt/ros/humble/share/rosidl_adapter/cmake)
[4.897s] -- Found rosidl_generator_cpp: 3.1.6 (/opt/ros/humble/share/rosidl_generator_cpp/cmake)
[4.910s] -- Using all available rosidl_typesupport_c: rosidl_typesupport_fastrtps_c;rosidl_typesupport_introspection_c
[4.928s] -- Using all available rosidl_typesupport_cpp: rosidl_typesupport_fastrtps_cpp;rosidl_typesupport_introspection_cpp
[4.981s] -- Found rmw_implementation_cmake: 6.1.2 (/opt/ros/humble/share/rmw_implementation_cmake/cmake)
[4.985s] -- Found rmw_fastrtps_cpp: 6.2.7 (/opt/ros/humble/share/rmw_fastrtps_cpp/cmake)
[9.686s] -- Found OpenSSL: /usr/lib/x86_64-linux-gnu/libcrypto.so (found version "3.0.2")  
[14.997s] -- Found FastRTPS: /opt/ros/humble/include  
[24.353s] -- Using RMW implementation 'rmw_fastrtps_cpp' as default
[24.371s] -- Looking for pthread.h
[24.720s] -- Looking for pthread.h - found
[24.721s] -- Performing Test CMAKE_HAVE_LIBC_PTHREAD
[25.038s] -- Performing Test CMAKE_HAVE_LIBC_PTHREAD - Success
[25.039s] -- Found Threads: TRUE  
[25.102s] -- Found interface_practice: 0.0.0 (/home/knolan/ros-practice/install/interface_practice/share/interface_practice/cmake)
[25.131s] -- Found ament_lint_auto: 0.12.11 (/opt/ros/humble/share/ament_lint_auto/cmake)
[25.198s] -- Added test 'cppcheck' to perform static code analysis on C / C++ code
[25.198s] -- Configured cppcheck include dirs: $<BUILD_INTERFACE:/home/knolan/ros-practice/src/my_package/include>
[25.199s] -- Configured cppcheck exclude dirs and/or files: 
[25.200s] -- Added test 'lint_cmake' to check CMake code style
[25.201s] -- Added test 'uncrustify' to check C / C++ code style
[25.201s] -- Configured uncrustify additional arguments: 
[25.202s] -- Added test 'xmllint' to check XML markup files
[25.204s] -- Configuring done
[25.218s] -- Generating done
[25.223s] -- Build files have been written to: /home/knolan/ros-practice/build/my_package
[25.232s] Invoked command in '/home/knolan/ros-practice/build/my_package' returned '0': CMAKE_PREFIX_PATH=/home/knolan/ros-practice/install/interface_practice:/home/knolan/ros-practice/install/turtlesim:/home/knolan/ros-practice/install/my_service:/home/knolan/ros-practice/install/my_package:/opt/ros/humble LD_LIBRARY_PATH=/home/knolan/ros-practice/install/interface_practice/lib:${LD_LIBRARY_PATH} PYTHONPATH=/home/knolan/ros-practice/install/interface_practice/local/lib/python3.10/dist-packages:${PYTHONPATH} /usr/bin/cmake /home/knolan/ros-practice/src/my_package -DCMAKE_INSTALL_PREFIX=/home/knolan/ros-practice/install/my_package
[25.232s] Invoking command in '/home/knolan/ros-practice/build/my_package': CMAKE_PREFIX_PATH=/home/knolan/ros-practice/install/interface_practice:/home/knolan/ros-practice/install/turtlesim:/home/knolan/ros-practice/install/my_service:/home/knolan/ros-practice/install/my_package:/opt/ros/humble LD_LIBRARY_PATH=/home/knolan/ros-practice/install/interface_practice/lib:${LD_LIBRARY_PATH} PYTHONPATH=/home/knolan/ros-practice/install/interface_practice/local/lib/python3.10/dist-packages:${PYTHONPATH} /usr/bin/cmake --build /home/knolan/ros-practice/build/my_package -- -j12 -l12
[25.256s] [35m[1mConsolidate compiler generated dependencies of target my_node[0m
[25.257s] [35m[1mConsolidate compiler generated dependencies of target talker[0m
[25.258s] [35m[1mConsolidate compiler generated dependencies of target listener[0m
[25.264s] [ 16%] [32mBuilding CXX object CMakeFiles/my_node.dir/src/my_node.cpp.o[0m
[25.270s] [ 33%] [32mBuilding CXX object CMakeFiles/talker.dir/src/pub.cpp.o[0m
[25.270s] [ 50%] [32mBuilding CXX object CMakeFiles/listener.dir/src/sub.cpp.o[0m
[25.298s] [ 66%] [32m[1mLinking CXX executable my_node[0m
[25.598s] [ 66%] Built target my_node
[27.072s] In file included from [01m[K/opt/ros/humble/include/rclcpp/rclcpp/logging.hpp:24[m[K,
[27.072s]                  from [01m[K/opt/ros/humble/include/rclcpp/rclcpp/client.hpp:40[m[K,
[27.072s]                  from [01m[K/opt/ros/humble/include/rclcpp/rclcpp/callback_group.hpp:24[m[K,
[27.072s]                  from [01m[K/opt/ros/humble/include/rclcpp/rclcpp/any_executable.hpp:20[m[K,
[27.073s]                  from [01m[K/opt/ros/humble/include/rclcpp/rclcpp/memory_strategy.hpp:25[m[K,
[27.073s]                  from [01m[K/opt/ros/humble/include/rclcpp/rclcpp/memory_strategies.hpp:18[m[K,
[27.073s]                  from [01m[K/opt/ros/humble/include/rclcpp/rclcpp/executor_options.hpp:20[m[K,
[27.073s]                  from [01m[K/opt/ros/humble/include/rclcpp/rclcpp/executor.hpp:37[m[K,
[27.073s]                  from [01m[K/opt/ros/humble/include/rclcpp/rclcpp/executors/multi_threaded_executor.hpp:25[m[K,
[27.073s]                  from [01m[K/opt/ros/humble/include/rclcpp/rclcpp/executors.hpp:21[m[K,
[27.073s]                  from [01m[K/opt/ros/humble/include/rclcpp/rclcpp/rclcpp.hpp:155[m[K,
[27.073s]                  from [01m[K/home/knolan/ros-practice/src/my_package/src/pub.cpp:6[m[K:
[27.073s] [01m[K/home/knolan/ros-practice/src/my_package/src/pub.cpp:[m[K In member function ‘[01m[Kvoid MinimalPublisher::timer_callback()[m[K’:
[27.073s] [01m[K/home/knolan/ros-practice/src/my_package/src/pub.cpp:30:53:[m[K [01;31m[Kerror: [m[Kinvalid operands of types ‘[01m[Kconst char [14][m[K’ and ‘[01m[Kinterface_practice::msg::Num_<std::allocator<void> >::_num_type[m[K’ {aka ‘[01m[Klong int[m[K’} to binary ‘[01m[Koperator<<[m[K’
[27.073s]    30 |     RCLCPP_INFO(this->get_logger(), [32m[K"Publishing: '"[m[K [01;31m[K<<[m[K [34m[Kmessage.num[m[K << "'");
[27.073s]       |                                     [32m[K~~~~~~~~~~~~~~~[m[K [01;31m[K^~[m[K [34m[K~~~~~~~~~~~[m[K
[27.073s]       |                                     [32m[K|[m[K                          [34m[K|[m[K
[27.073s]       |                                     [32m[Kconst char [14][m[K            [34m[Kinterface_practice::msg::Num_<std::allocator<void> >::_num_type {aka long int}[m[K
[27.323s] In file included from [01m[K/opt/ros/humble/include/rclcpp/rclcpp/logging.hpp:24[m[K,
[27.323s]                  from [01m[K/opt/ros/humble/include/rclcpp/rclcpp/client.hpp:40[m[K,
[27.323s]                  from [01m[K/opt/ros/humble/include/rclcpp/rclcpp/callback_group.hpp:24[m[K,
[27.323s]                  from [01m[K/opt/ros/humble/include/rclcpp/rclcpp/any_executable.hpp:20[m[K,
[27.323s]                  from [01m[K/opt/ros/humble/include/rclcpp/rclcpp/memory_strategy.hpp:25[m[K,
[27.323s]                  from [01m[K/opt/ros/humble/include/rclcpp/rclcpp/memory_strategies.hpp:18[m[K,
[27.323s]                  from [01m[K/opt/ros/humble/include/rclcpp/rclcpp/executor_options.hpp:20[m[K,
[27.323s]                  from [01m[K/opt/ros/humble/include/rclcpp/rclcpp/executor.hpp:37[m[K,
[27.323s]                  from [01m[K/opt/ros/humble/include/rclcpp/rclcpp/executors/multi_threaded_executor.hpp:25[m[K,
[27.323s]                  from [01m[K/opt/ros/humble/include/rclcpp/rclcpp/executors.hpp:21[m[K,
[27.323s]                  from [01m[K/opt/ros/humble/include/rclcpp/rclcpp/rclcpp.hpp:155[m[K,
[27.323s]                  from [01m[K/home/knolan/ros-practice/src/my_package/src/sub.cpp:3[m[K:
[27.324s] [01m[K/home/knolan/ros-practice/src/my_package/src/sub.cpp:[m[K In member function ‘[01m[Kvoid MinimalSubscriber::topic_callback(const Num&) const[m[K’:
[27.324s] [01m[K/home/knolan/ros-practice/src/my_package/src/sub.cpp:20:61:[m[K [01;31m[Kerror: [m[K‘[01m[Kconst Num[m[K’ {aka ‘[01m[Kconst struct interface_practice::msg::Num_<std::allocator<void> >[m[K’} has no member named ‘[01m[Kdata[m[K’
[27.324s]    20 |         RCLCPP_INFO(this->get_logger(), "I heard: '" << msg.[01;31m[Kdata[m[K.c_str() << "'");
[27.324s]       |                                                             [01;31m[K^~~~[m[K
[27.696s] gmake[2]: *** [CMakeFiles/talker.dir/build.make:76: CMakeFiles/talker.dir/src/pub.cpp.o] Error 1
[27.696s] gmake[1]: *** [CMakeFiles/Makefile2:141: CMakeFiles/talker.dir/all] Error 2
[27.696s] gmake[1]: *** Waiting for unfinished jobs....
[29.103s] gmake[2]: *** [CMakeFiles/listener.dir/build.make:76: CMakeFiles/listener.dir/src/sub.cpp.o] Error 1
[29.103s] gmake[1]: *** [CMakeFiles/Makefile2:167: CMakeFiles/listener.dir/all] Error 2
[29.103s] gmake: *** [Makefile:146: all] Error 2
[29.105s] Invoked command in '/home/knolan/ros-practice/build/my_package' returned '2': CMAKE_PREFIX_PATH=/home/knolan/ros-practice/install/interface_practice:/home/knolan/ros-practice/install/turtlesim:/home/knolan/ros-practice/install/my_service:/home/knolan/ros-practice/install/my_package:/opt/ros/humble LD_LIBRARY_PATH=/home/knolan/ros-practice/install/interface_practice/lib:${LD_LIBRARY_PATH} PYTHONPATH=/home/knolan/ros-practice/install/interface_practice/local/lib/python3.10/dist-packages:${PYTHONPATH} /usr/bin/cmake --build /home/knolan/ros-practice/build/my_package -- -j12 -l12
