[0.158s] Invoking command in '/home/knolan/ros-practice/build/polygon_plugins': CMAKE_PREFIX_PATH=/home/knolan/ros-practice/install/polygon_base:/home/knolan/ros-practice/install/polygon_plugins:/home/knolan/ros-practice/install/interface_practice:/home/knolan/ros-practice/install/cpp_parameters:/home/knolan/ros-practice/install/my_service:/home/knolan/ros-practice/install/turtlesim:/home/knolan/ros-practice/install/my_package:/home/knolan/ros2_ws2/install/turtlesim:/home/knolan/ros2_ws2/install/my_package:/opt/ros/humble /usr/bin/cmake --build /home/knolan/ros-practice/build/polygon_plugins -- -j12 -l12
[0.267s] [35m[1mConsolidate compiler generated dependencies of target polygon_plugins[0m
[0.275s] [100%] Built target polygon_plugins
[0.283s] Invoked command in '/home/knolan/ros-practice/build/polygon_plugins' returned '0': CMAKE_PREFIX_PATH=/home/knolan/ros-practice/install/polygon_base:/home/knolan/ros-practice/install/polygon_plugins:/home/knolan/ros-practice/install/interface_practice:/home/knolan/ros-practice/install/cpp_parameters:/home/knolan/ros-practice/install/my_service:/home/knolan/ros-practice/install/turtlesim:/home/knolan/ros-practice/install/my_package:/home/knolan/ros2_ws2/install/turtlesim:/home/knolan/ros2_ws2/install/my_package:/opt/ros/humble /usr/bin/cmake --build /home/knolan/ros-practice/build/polygon_plugins -- -j12 -l12
[0.290s] Invoking command in '/home/knolan/ros-practice/build/polygon_plugins': CMAKE_PREFIX_PATH=/home/knolan/ros-practice/install/polygon_base:/home/knolan/ros-practice/install/polygon_plugins:/home/knolan/ros-practice/install/interface_practice:/home/knolan/ros-practice/install/cpp_parameters:/home/knolan/ros-practice/install/my_service:/home/knolan/ros-practice/install/turtlesim:/home/knolan/ros-practice/install/my_package:/home/knolan/ros2_ws2/install/turtlesim:/home/knolan/ros2_ws2/install/my_package:/opt/ros/humble /usr/bin/cmake --install /home/knolan/ros-practice/build/polygon_plugins
[0.296s] -- Install configuration: ""
[0.296s] -- Up-to-date: /home/knolan/ros-practice/install/polygon_plugins/include
[0.297s] -- Up-to-date: /home/knolan/ros-practice/install/polygon_plugins/include/polygon_plugins
[0.297s] -- Up-to-date: /home/knolan/ros-practice/install/polygon_plugins/include/polygon_plugins/polygon_plugins.hpp
[0.298s] -- Up-to-date: /home/knolan/ros-practice/install/polygon_plugins/include/polygon_plugins/visibility_control.h
[0.299s] -- Up-to-date: /home/knolan/ros-practice/install/polygon_plugins/lib/libpolygon_plugins.so
[0.299s] -- Up-to-date: /home/knolan/ros-practice/install/polygon_plugins/share/polygon_plugins/environment/library_path.sh
[0.299s] -- Up-to-date: /home/knolan/ros-practice/install/polygon_plugins/share/polygon_plugins/environment/library_path.dsv
[0.299s] -- Up-to-date: /home/knolan/ros-practice/install/polygon_plugins/share/ament_index/resource_index/package_run_dependencies/polygon_plugins
[0.299s] -- Up-to-date: /home/knolan/ros-practice/install/polygon_plugins/share/ament_index/resource_index/parent_prefix_path/polygon_plugins
[0.299s] -- Up-to-date: /home/knolan/ros-practice/install/polygon_plugins/share/polygon_plugins/environment/ament_prefix_path.sh
[0.299s] -- Up-to-date: /home/knolan/ros-practice/install/polygon_plugins/share/polygon_plugins/environment/ament_prefix_path.dsv
[0.299s] -- Up-to-date: /home/knolan/ros-practice/install/polygon_plugins/share/polygon_plugins/environment/path.sh
[0.299s] -- Up-to-date: /home/knolan/ros-practice/install/polygon_plugins/share/polygon_plugins/environment/path.dsv
[0.300s] -- Up-to-date: /home/knolan/ros-practice/install/polygon_plugins/share/polygon_plugins/local_setup.bash
[0.300s] -- Up-to-date: /home/knolan/ros-practice/install/polygon_plugins/share/polygon_plugins/local_setup.sh
[0.300s] -- Up-to-date: /home/knolan/ros-practice/install/polygon_plugins/share/polygon_plugins/local_setup.zsh
[0.300s] -- Up-to-date: /home/knolan/ros-practice/install/polygon_plugins/share/polygon_plugins/local_setup.dsv
[0.300s] -- Up-to-date: /home/knolan/ros-practice/install/polygon_plugins/share/polygon_plugins/package.dsv
[0.301s] -- Up-to-date: /home/knolan/ros-practice/install/polygon_plugins/share/ament_index/resource_index/packages/polygon_plugins
[0.301s] -- Up-to-date: /home/knolan/ros-practice/install/polygon_plugins/share/polygon_plugins/cmake/export_polygon_pluginsExport.cmake
[0.301s] -- Up-to-date: /home/knolan/ros-practice/install/polygon_plugins/share/polygon_plugins/cmake/export_polygon_pluginsExport-noconfig.cmake
[0.302s] -- Up-to-date: /home/knolan/ros-practice/install/polygon_plugins/share/polygon_plugins/cmake/ament_cmake_export_include_directories-extras.cmake
[0.302s] -- Up-to-date: /home/knolan/ros-practice/install/polygon_plugins/share/polygon_plugins/cmake/ament_cmake_export_libraries-extras.cmake
[0.302s] -- Up-to-date: /home/knolan/ros-practice/install/polygon_plugins/share/polygon_plugins/cmake/ament_cmake_export_targets-extras.cmake
[0.302s] -- Up-to-date: /home/knolan/ros-practice/install/polygon_plugins/share/polygon_plugins/cmake/polygon_pluginsConfig.cmake
[0.302s] -- Up-to-date: /home/knolan/ros-practice/install/polygon_plugins/share/polygon_plugins/cmake/polygon_pluginsConfig-version.cmake
[0.303s] -- Up-to-date: /home/knolan/ros-practice/install/polygon_plugins/share/polygon_plugins/package.xml
[0.303s] Invoked command in '/home/knolan/ros-practice/build/polygon_plugins' returned '0': CMAKE_PREFIX_PATH=/home/knolan/ros-practice/install/polygon_base:/home/knolan/ros-practice/install/polygon_plugins:/home/knolan/ros-practice/install/interface_practice:/home/knolan/ros-practice/install/cpp_parameters:/home/knolan/ros-practice/install/my_service:/home/knolan/ros-practice/install/turtlesim:/home/knolan/ros-practice/install/my_package:/home/knolan/ros2_ws2/install/turtlesim:/home/knolan/ros2_ws2/install/my_package:/opt/ros/humble /usr/bin/cmake --install /home/knolan/ros-practice/build/polygon_plugins
